Loading weights:   0%|          | 0/2076 [00:00<?, ?it/s]Loading weights:  15%|█▌        | 318/2076 [00:00<00:00, 3140.51it/s]Loading weights:  30%|███       | 633/2076 [00:00<00:00, 2803.15it/s]Loading weights:  44%|████▍     | 916/2076 [00:02<00:03, 338.61it/s] Loading weights:  52%|█████▏    | 1077/2076 [00:02<00:02, 359.42it/s]Loading weights:  57%|█████▋    | 1192/2076 [00:02<00:02, 368.74it/s]Loading weights:  62%|██████▏   | 1280/2076 [00:02<00:02, 363.51it/s]Loading weights:  65%|██████▌   | 1350/2076 [00:03<00:02, 359.62it/s]Loading weights:  68%|██████▊   | 1409/2076 [00:03<00:01, 363.12it/s]Loading weights:  80%|████████  | 1665/2076 [00:03<00:00, 653.37it/s]Loading weights:  96%|█████████▌| 1994/2076 [00:03<00:00, 1072.16it/s]Loading weights: 100%|██████████| 2076/2076 [00:03<00:00, 587.36it/s] 
[transformers] The following generation flags are not valid and may be ignored: ['top_p', 'top_k']. Set `TRANSFORMERS_VERBOSITY=info` for more details.
SCENE_CONTRAST_PROGRESSION_PROGRESS shard=2 condition=correct_state row=14 ordinal=1/48
SCENE_CONTRAST_PROGRESSION_PROGRESS shard=2 condition=matched_donor_state row=14 ordinal=1/48
SCENE_CONTRAST_PROGRESSION_PROGRESS shard=2 condition=zero_state row=14 ordinal=1/48
SCENE_CONTRAST_PROGRESSION_PROGRESS shard=2 condition=correct_state row=26 ordinal=2/48
SCENE_CONTRAST_PROGRESSION_PROGRESS shard=2 condition=matched_donor_state row=26 ordinal=2/48
SCENE_CONTRAST_PROGRESSION_PROGRESS shard=2 condition=zero_state row=26 ordinal=2/48
SCENE_CONTRAST_PROGRESSION_PROGRESS shard=2 condition=correct_state row=30 ordinal=3/48
SCENE_CONTRAST_PROGRESSION_PROGRESS shard=2 condition=matched_donor_state row=30 ordinal=3/48
SCENE_CONTRAST_PROGRESSION_PROGRESS shard=2 condition=zero_state row=30 ordinal=3/48
SCENE_CONTRAST_PROGRESSION_PROGRESS shard=2 condition=correct_state row=34 ordinal=4/48
SCENE_CONTRAST_PROGRESSION_PROGRESS shard=2 condition=matched_donor_state row=34 ordinal=4/48
SCENE_CONTRAST_PROGRESSION_PROGRESS shard=2 condition=zero_state row=34 ordinal=4/48
SCENE_CONTRAST_PROGRESSION_PROGRESS shard=2 condition=correct_state row=42 ordinal=5/48
SCENE_CONTRAST_PROGRESSION_PROGRESS shard=2 condition=matched_donor_state row=42 ordinal=5/48
SCENE_CONTRAST_PROGRESSION_PROGRESS shard=2 condition=zero_state row=42 ordinal=5/48
SCENE_CONTRAST_PROGRESSION_PROGRESS shard=2 condition=correct_state row=46 ordinal=6/48
SCENE_CONTRAST_PROGRESSION_PROGRESS shard=2 condition=matched_donor_state row=46 ordinal=6/48
SCENE_CONTRAST_PROGRESSION_PROGRESS shard=2 condition=zero_state row=46 ordinal=6/48
SCENE_CONTRAST_PROGRESSION_PROGRESS shard=2 condition=correct_state row=58 ordinal=7/48
SCENE_CONTRAST_PROGRESSION_PROGRESS shard=2 condition=matched_donor_state row=58 ordinal=7/48
SCENE_CONTRAST_PROGRESSION_PROGRESS shard=2 condition=zero_state row=58 ordinal=7/48
SCENE_CONTRAST_PROGRESSION_PROGRESS shard=2 condition=correct_state row=62 ordinal=8/48
SCENE_CONTRAST_PROGRESSION_PROGRESS shard=2 condition=matched_donor_state row=62 ordinal=8/48
SCENE_CONTRAST_PROGRESSION_PROGRESS shard=2 condition=zero_state row=62 ordinal=8/48
SCENE_CONTRAST_PROGRESSION_PROGRESS shard=2 condition=correct_state row=66 ordinal=9/48
SCENE_CONTRAST_PROGRESSION_PROGRESS shard=2 condition=matched_donor_state row=66 ordinal=9/48
SCENE_CONTRAST_PROGRESSION_PROGRESS shard=2 condition=zero_state row=66 ordinal=9/48
SCENE_CONTRAST_PROGRESSION_PROGRESS shard=2 condition=correct_state row=70 ordinal=10/48
SCENE_CONTRAST_PROGRESSION_PROGRESS shard=2 condition=matched_donor_state row=70 ordinal=10/48
SCENE_CONTRAST_PROGRESSION_PROGRESS shard=2 condition=zero_state row=70 ordinal=10/48
SCENE_CONTRAST_PROGRESSION_PROGRESS shard=2 condition=correct_state row=74 ordinal=11/48
SCENE_CONTRAST_PROGRESSION_PROGRESS shard=2 condition=matched_donor_state row=74 ordinal=11/48
SCENE_CONTRAST_PROGRESSION_PROGRESS shard=2 condition=zero_state row=74 ordinal=11/48
SCENE_CONTRAST_PROGRESSION_PROGRESS shard=2 condition=correct_state row=90 ordinal=12/48
SCENE_CONTRAST_PROGRESSION_PROGRESS shard=2 condition=matched_donor_state row=90 ordinal=12/48
SCENE_CONTRAST_PROGRESSION_PROGRESS shard=2 condition=zero_state row=90 ordinal=12/48
SCENE_CONTRAST_PROGRESSION_PROGRESS shard=2 condition=correct_state row=98 ordinal=13/48
SCENE_CONTRAST_PROGRESSION_PROGRESS shard=2 condition=matched_donor_state row=98 ordinal=13/48
SCENE_CONTRAST_PROGRESSION_PROGRESS shard=2 condition=zero_state row=98 ordinal=13/48
SCENE_CONTRAST_PROGRESSION_PROGRESS shard=2 condition=correct_state row=102 ordinal=14/48
SCENE_CONTRAST_PROGRESSION_PROGRESS shard=2 condition=matched_donor_state row=102 ordinal=14/48
SCENE_CONTRAST_PROGRESSION_PROGRESS shard=2 condition=zero_state row=102 ordinal=14/48
SCENE_CONTRAST_PROGRESSION_PROGRESS shard=2 condition=correct_state row=106 ordinal=15/48
SCENE_CONTRAST_PROGRESSION_PROGRESS shard=2 condition=matched_donor_state row=106 ordinal=15/48
SCENE_CONTRAST_PROGRESSION_PROGRESS shard=2 condition=zero_state row=106 ordinal=15/48
SCENE_CONTRAST_PROGRESSION_PROGRESS shard=2 condition=correct_state row=122 ordinal=16/48
SCENE_CONTRAST_PROGRESSION_PROGRESS shard=2 condition=matched_donor_state row=122 ordinal=16/48
SCENE_CONTRAST_PROGRESSION_PROGRESS shard=2 condition=zero_state row=122 ordinal=16/48
SCENE_CONTRAST_PROGRESSION_PROGRESS shard=2 condition=correct_state row=126 ordinal=17/48
SCENE_CONTRAST_PROGRESSION_PROGRESS shard=2 condition=matched_donor_state row=126 ordinal=17/48
SCENE_CONTRAST_PROGRESSION_PROGRESS shard=2 condition=zero_state row=126 ordinal=17/48
SCENE_CONTRAST_PROGRESSION_PROGRESS shard=2 condition=correct_state row=130 ordinal=18/48
SCENE_CONTRAST_PROGRESSION_PROGRESS shard=2 condition=matched_donor_state row=130 ordinal=18/48
SCENE_CONTRAST_PROGRESSION_PROGRESS shard=2 condition=zero_state row=130 ordinal=18/48
SCENE_CONTRAST_PROGRESSION_PROGRESS shard=2 condition=correct_state row=134 ordinal=19/48
SCENE_CONTRAST_PROGRESSION_PROGRESS shard=2 condition=matched_donor_state row=134 ordinal=19/48
SCENE_CONTRAST_PROGRESSION_PROGRESS shard=2 condition=zero_state row=134 ordinal=19/48
SCENE_CONTRAST_PROGRESSION_PROGRESS shard=2 condition=correct_state row=138 ordinal=20/48
SCENE_CONTRAST_PROGRESSION_PROGRESS shard=2 condition=matched_donor_state row=138 ordinal=20/48
SCENE_CONTRAST_PROGRESSION_PROGRESS shard=2 condition=zero_state row=138 ordinal=20/48
SCENE_CONTRAST_PROGRESSION_PROGRESS shard=2 condition=correct_state row=150 ordinal=21/48
SCENE_CONTRAST_PROGRESSION_PROGRESS shard=2 condition=matched_donor_state row=150 ordinal=21/48
SCENE_CONTRAST_PROGRESSION_PROGRESS shard=2 condition=zero_state row=150 ordinal=21/48
SCENE_CONTRAST_PROGRESSION_PROGRESS shard=2 condition=correct_state row=154 ordinal=22/48
SCENE_CONTRAST_PROGRESSION_PROGRESS shard=2 condition=matched_donor_state row=154 ordinal=22/48
SCENE_CONTRAST_PROGRESSION_PROGRESS shard=2 condition=zero_state row=154 ordinal=22/48
SCENE_CONTRAST_PROGRESSION_PROGRESS shard=2 condition=correct_state row=158 ordinal=23/48
SCENE_CONTRAST_PROGRESSION_PROGRESS shard=2 condition=matched_donor_state row=158 ordinal=23/48
SCENE_CONTRAST_PROGRESSION_PROGRESS shard=2 condition=zero_state row=158 ordinal=23/48
SCENE_CONTRAST_PROGRESSION_PROGRESS shard=2 condition=correct_state row=166 ordinal=24/48
SCENE_CONTRAST_PROGRESSION_PROGRESS shard=2 condition=matched_donor_state row=166 ordinal=24/48
SCENE_CONTRAST_PROGRESSION_PROGRESS shard=2 condition=zero_state row=166 ordinal=24/48
SCENE_CONTRAST_PROGRESSION_PROGRESS shard=2 condition=correct_state row=178 ordinal=25/48
SCENE_CONTRAST_PROGRESSION_PROGRESS shard=2 condition=matched_donor_state row=178 ordinal=25/48
SCENE_CONTRAST_PROGRESSION_PROGRESS shard=2 condition=zero_state row=178 ordinal=25/48
SCENE_CONTRAST_PROGRESSION_PROGRESS shard=2 condition=correct_state row=182 ordinal=26/48
SCENE_CONTRAST_PROGRESSION_PROGRESS shard=2 condition=matched_donor_state row=182 ordinal=26/48
SCENE_CONTRAST_PROGRESSION_PROGRESS shard=2 condition=zero_state row=182 ordinal=26/48
SCENE_CONTRAST_PROGRESSION_PROGRESS shard=2 condition=correct_state row=190 ordinal=27/48
SCENE_CONTRAST_PROGRESSION_PROGRESS shard=2 condition=matched_donor_state row=190 ordinal=27/48
SCENE_CONTRAST_PROGRESSION_PROGRESS shard=2 condition=zero_state row=190 ordinal=27/48
SCENE_CONTRAST_PROGRESSION_PROGRESS shard=2 condition=correct_state row=210 ordinal=28/48
SCENE_CONTRAST_PROGRESSION_PROGRESS shard=2 condition=matched_donor_state row=210 ordinal=28/48
SCENE_CONTRAST_PROGRESSION_PROGRESS shard=2 condition=zero_state row=210 ordinal=28/48
SCENE_CONTRAST_PROGRESSION_PROGRESS shard=2 condition=correct_state row=218 ordinal=29/48
SCENE_CONTRAST_PROGRESSION_PROGRESS shard=2 condition=matched_donor_state row=218 ordinal=29/48
SCENE_CONTRAST_PROGRESSION_PROGRESS shard=2 condition=zero_state row=218 ordinal=29/48
SCENE_CONTRAST_PROGRESSION_PROGRESS shard=2 condition=correct_state row=230 ordinal=30/48
SCENE_CONTRAST_PROGRESSION_PROGRESS shard=2 condition=matched_donor_state row=230 ordinal=30/48
SCENE_CONTRAST_PROGRESSION_PROGRESS shard=2 condition=zero_state row=230 ordinal=30/48
SCENE_CONTRAST_PROGRESSION_PROGRESS shard=2 condition=correct_state row=234 ordinal=31/48
SCENE_CONTRAST_PROGRESSION_PROGRESS shard=2 condition=matched_donor_state row=234 ordinal=31/48
SCENE_CONTRAST_PROGRESSION_PROGRESS shard=2 condition=zero_state row=234 ordinal=31/48
SCENE_CONTRAST_PROGRESSION_PROGRESS shard=2 condition=correct_state row=238 ordinal=32/48
SCENE_CONTRAST_PROGRESSION_PROGRESS shard=2 condition=matched_donor_state row=238 ordinal=32/48
SCENE_CONTRAST_PROGRESSION_PROGRESS shard=2 condition=zero_state row=238 ordinal=32/48
SCENE_CONTRAST_PROGRESSION_PROGRESS shard=2 condition=correct_state row=250 ordinal=33/48
SCENE_CONTRAST_PROGRESSION_PROGRESS shard=2 condition=matched_donor_state row=250 ordinal=33/48
SCENE_CONTRAST_PROGRESSION_PROGRESS shard=2 condition=zero_state row=250 ordinal=33/48
SCENE_CONTRAST_PROGRESSION_PROGRESS shard=2 condition=correct_state row=254 ordinal=34/48
SCENE_CONTRAST_PROGRESSION_PROGRESS shard=2 condition=matched_donor_state row=254 ordinal=34/48
SCENE_CONTRAST_PROGRESSION_PROGRESS shard=2 condition=zero_state row=254 ordinal=34/48
SCENE_CONTRAST_PROGRESSION_PROGRESS shard=2 condition=correct_state row=258 ordinal=35/48
SCENE_CONTRAST_PROGRESSION_PROGRESS shard=2 condition=matched_donor_state row=258 ordinal=35/48
SCENE_CONTRAST_PROGRESSION_PROGRESS shard=2 condition=zero_state row=258 ordinal=35/48
SCENE_CONTRAST_PROGRESSION_PROGRESS shard=2 condition=correct_state row=262 ordinal=36/48
SCENE_CONTRAST_PROGRESSION_PROGRESS shard=2 condition=matched_donor_state row=262 ordinal=36/48
SCENE_CONTRAST_PROGRESSION_PROGRESS shard=2 condition=zero_state row=262 ordinal=36/48
SCENE_CONTRAST_PROGRESSION_PROGRESS shard=2 condition=correct_state row=266 ordinal=37/48
SCENE_CONTRAST_PROGRESSION_PROGRESS shard=2 condition=matched_donor_state row=266 ordinal=37/48
SCENE_CONTRAST_PROGRESSION_PROGRESS shard=2 condition=zero_state row=266 ordinal=37/48
SCENE_CONTRAST_PROGRESSION_PROGRESS shard=2 condition=correct_state row=270 ordinal=38/48
SCENE_CONTRAST_PROGRESSION_PROGRESS shard=2 condition=matched_donor_state row=270 ordinal=38/48
SCENE_CONTRAST_PROGRESSION_PROGRESS shard=2 condition=zero_state row=270 ordinal=38/48
SCENE_CONTRAST_PROGRESSION_PROGRESS shard=2 condition=correct_state row=274 ordinal=39/48
SCENE_CONTRAST_PROGRESSION_PROGRESS shard=2 condition=matched_donor_state row=274 ordinal=39/48
SCENE_CONTRAST_PROGRESSION_PROGRESS shard=2 condition=zero_state row=274 ordinal=39/48
SCENE_CONTRAST_PROGRESSION_PROGRESS shard=2 condition=correct_state row=282 ordinal=40/48
SCENE_CONTRAST_PROGRESSION_PROGRESS shard=2 condition=matched_donor_state row=282 ordinal=40/48
SCENE_CONTRAST_PROGRESSION_PROGRESS shard=2 condition=zero_state row=282 ordinal=40/48
SCENE_CONTRAST_PROGRESSION_PROGRESS shard=2 condition=correct_state row=290 ordinal=41/48
SCENE_CONTRAST_PROGRESSION_PROGRESS shard=2 condition=matched_donor_state row=290 ordinal=41/48
SCENE_CONTRAST_PROGRESSION_PROGRESS shard=2 condition=zero_state row=290 ordinal=41/48
SCENE_CONTRAST_PROGRESSION_PROGRESS shard=2 condition=correct_state row=294 ordinal=42/48
SCENE_CONTRAST_PROGRESSION_PROGRESS shard=2 condition=matched_donor_state row=294 ordinal=42/48
SCENE_CONTRAST_PROGRESSION_PROGRESS shard=2 condition=zero_state row=294 ordinal=42/48
SCENE_CONTRAST_PROGRESSION_PROGRESS shard=2 condition=correct_state row=322 ordinal=43/48
SCENE_CONTRAST_PROGRESSION_PROGRESS shard=2 condition=matched_donor_state row=322 ordinal=43/48
SCENE_CONTRAST_PROGRESSION_PROGRESS shard=2 condition=zero_state row=322 ordinal=43/48
SCENE_CONTRAST_PROGRESSION_PROGRESS shard=2 condition=correct_state row=330 ordinal=44/48
SCENE_CONTRAST_PROGRESSION_PROGRESS shard=2 condition=matched_donor_state row=330 ordinal=44/48
SCENE_CONTRAST_PROGRESSION_PROGRESS shard=2 condition=zero_state row=330 ordinal=44/48
SCENE_CONTRAST_PROGRESSION_PROGRESS shard=2 condition=correct_state row=338 ordinal=45/48
SCENE_CONTRAST_PROGRESSION_PROGRESS shard=2 condition=matched_donor_state row=338 ordinal=45/48
SCENE_CONTRAST_PROGRESSION_PROGRESS shard=2 condition=zero_state row=338 ordinal=45/48
SCENE_CONTRAST_PROGRESSION_PROGRESS shard=2 condition=correct_state row=346 ordinal=46/48
SCENE_CONTRAST_PROGRESSION_PROGRESS shard=2 condition=matched_donor_state row=346 ordinal=46/48
SCENE_CONTRAST_PROGRESSION_PROGRESS shard=2 condition=zero_state row=346 ordinal=46/48
SCENE_CONTRAST_PROGRESSION_PROGRESS shard=2 condition=correct_state row=354 ordinal=47/48
SCENE_CONTRAST_PROGRESSION_PROGRESS shard=2 condition=matched_donor_state row=354 ordinal=47/48
SCENE_CONTRAST_PROGRESSION_PROGRESS shard=2 condition=zero_state row=354 ordinal=47/48
SCENE_CONTRAST_PROGRESSION_PROGRESS shard=2 condition=correct_state row=358 ordinal=48/48
SCENE_CONTRAST_PROGRESSION_PROGRESS shard=2 condition=matched_donor_state row=358 ordinal=48/48
SCENE_CONTRAST_PROGRESSION_PROGRESS shard=2 condition=zero_state row=358 ordinal=48/48
SCENE_CONTRAST_PROGRESSION_SHARD_COMPLETE shard=2
