Loading weights:   0%|          | 0/2076 [00:00<?, ?it/s]Loading weights:  14%|█▍        | 291/2076 [00:00<00:00, 2908.98it/s]Loading weights:  28%|██▊       | 582/2076 [00:00<00:00, 2502.80it/s]Loading weights:  40%|████      | 836/2076 [00:02<00:04, 278.49it/s] Loading weights:  47%|████▋     | 980/2076 [00:02<00:03, 274.58it/s]Loading weights:  52%|█████▏    | 1078/2076 [00:03<00:03, 277.40it/s]Loading weights:  55%|█████▌    | 1151/2076 [00:03<00:03, 270.32it/s]Loading weights:  58%|█████▊    | 1208/2076 [00:03<00:03, 271.86it/s]Loading weights:  60%|██████    | 1255/2076 [00:03<00:03, 264.94it/s]Loading weights:  62%|██████▏   | 1295/2076 [00:03<00:02, 262.21it/s]Loading weights:  64%|██████▍   | 1330/2076 [00:04<00:02, 266.82it/s]Loading weights:  66%|██████▌   | 1364/2076 [00:04<00:02, 253.04it/s]Loading weights:  67%|██████▋   | 1394/2076 [00:04<00:02, 252.54it/s]Loading weights:  71%|███████   | 1468/2076 [00:04<00:01, 344.62it/s]Loading weights:  86%|████████▌ | 1780/2076 [00:04<00:00, 934.62it/s]Loading weights:  98%|█████████▊| 2044/2076 [00:04<00:00, 1331.87it/s]Loading weights: 100%|██████████| 2076/2076 [00:04<00:00, 440.03it/s] 
[transformers] The following generation flags are not valid and may be ignored: ['top_p', 'top_k']. Set `TRANSFORMERS_VERBOSITY=info` for more details.
SCENE_CONTRAST_PROGRESSION_PROGRESS shard=0 condition=correct_state row=4 ordinal=1/54
SCENE_CONTRAST_PROGRESSION_PROGRESS shard=0 condition=matched_donor_state row=4 ordinal=1/54
SCENE_CONTRAST_PROGRESSION_PROGRESS shard=0 condition=zero_state row=4 ordinal=1/54
SCENE_CONTRAST_PROGRESSION_PROGRESS shard=0 condition=correct_state row=12 ordinal=2/54
SCENE_CONTRAST_PROGRESSION_PROGRESS shard=0 condition=matched_donor_state row=12 ordinal=2/54
SCENE_CONTRAST_PROGRESSION_PROGRESS shard=0 condition=zero_state row=12 ordinal=2/54
SCENE_CONTRAST_PROGRESSION_PROGRESS shard=0 condition=correct_state row=16 ordinal=3/54
SCENE_CONTRAST_PROGRESSION_PROGRESS shard=0 condition=matched_donor_state row=16 ordinal=3/54
SCENE_CONTRAST_PROGRESSION_PROGRESS shard=0 condition=zero_state row=16 ordinal=3/54
SCENE_CONTRAST_PROGRESSION_PROGRESS shard=0 condition=correct_state row=24 ordinal=4/54
SCENE_CONTRAST_PROGRESSION_PROGRESS shard=0 condition=matched_donor_state row=24 ordinal=4/54
SCENE_CONTRAST_PROGRESSION_PROGRESS shard=0 condition=zero_state row=24 ordinal=4/54
SCENE_CONTRAST_PROGRESSION_PROGRESS shard=0 condition=correct_state row=28 ordinal=5/54
SCENE_CONTRAST_PROGRESSION_PROGRESS shard=0 condition=matched_donor_state row=28 ordinal=5/54
SCENE_CONTRAST_PROGRESSION_PROGRESS shard=0 condition=zero_state row=28 ordinal=5/54
SCENE_CONTRAST_PROGRESSION_PROGRESS shard=0 condition=correct_state row=40 ordinal=6/54
SCENE_CONTRAST_PROGRESSION_PROGRESS shard=0 condition=matched_donor_state row=40 ordinal=6/54
SCENE_CONTRAST_PROGRESSION_PROGRESS shard=0 condition=zero_state row=40 ordinal=6/54
SCENE_CONTRAST_PROGRESSION_PROGRESS shard=0 condition=correct_state row=44 ordinal=7/54
SCENE_CONTRAST_PROGRESSION_PROGRESS shard=0 condition=matched_donor_state row=44 ordinal=7/54
SCENE_CONTRAST_PROGRESSION_PROGRESS shard=0 condition=zero_state row=44 ordinal=7/54
SCENE_CONTRAST_PROGRESSION_PROGRESS shard=0 condition=correct_state row=48 ordinal=8/54
SCENE_CONTRAST_PROGRESSION_PROGRESS shard=0 condition=matched_donor_state row=48 ordinal=8/54
SCENE_CONTRAST_PROGRESSION_PROGRESS shard=0 condition=zero_state row=48 ordinal=8/54
SCENE_CONTRAST_PROGRESSION_PROGRESS shard=0 condition=correct_state row=52 ordinal=9/54
SCENE_CONTRAST_PROGRESSION_PROGRESS shard=0 condition=matched_donor_state row=52 ordinal=9/54
SCENE_CONTRAST_PROGRESSION_PROGRESS shard=0 condition=zero_state row=52 ordinal=9/54
SCENE_CONTRAST_PROGRESSION_PROGRESS shard=0 condition=correct_state row=56 ordinal=10/54
SCENE_CONTRAST_PROGRESSION_PROGRESS shard=0 condition=matched_donor_state row=56 ordinal=10/54
SCENE_CONTRAST_PROGRESSION_PROGRESS shard=0 condition=zero_state row=56 ordinal=10/54
SCENE_CONTRAST_PROGRESSION_PROGRESS shard=0 condition=correct_state row=60 ordinal=11/54
SCENE_CONTRAST_PROGRESSION_PROGRESS shard=0 condition=matched_donor_state row=60 ordinal=11/54
SCENE_CONTRAST_PROGRESSION_PROGRESS shard=0 condition=zero_state row=60 ordinal=11/54
SCENE_CONTRAST_PROGRESSION_PROGRESS shard=0 condition=correct_state row=76 ordinal=12/54
SCENE_CONTRAST_PROGRESSION_PROGRESS shard=0 condition=matched_donor_state row=76 ordinal=12/54
SCENE_CONTRAST_PROGRESSION_PROGRESS shard=0 condition=zero_state row=76 ordinal=12/54
SCENE_CONTRAST_PROGRESSION_PROGRESS shard=0 condition=correct_state row=80 ordinal=13/54
SCENE_CONTRAST_PROGRESSION_PROGRESS shard=0 condition=matched_donor_state row=80 ordinal=13/54
SCENE_CONTRAST_PROGRESSION_PROGRESS shard=0 condition=zero_state row=80 ordinal=13/54
SCENE_CONTRAST_PROGRESSION_PROGRESS shard=0 condition=correct_state row=84 ordinal=14/54
SCENE_CONTRAST_PROGRESSION_PROGRESS shard=0 condition=matched_donor_state row=84 ordinal=14/54
SCENE_CONTRAST_PROGRESSION_PROGRESS shard=0 condition=zero_state row=84 ordinal=14/54
SCENE_CONTRAST_PROGRESSION_PROGRESS shard=0 condition=correct_state row=92 ordinal=15/54
SCENE_CONTRAST_PROGRESSION_PROGRESS shard=0 condition=matched_donor_state row=92 ordinal=15/54
SCENE_CONTRAST_PROGRESSION_PROGRESS shard=0 condition=zero_state row=92 ordinal=15/54
SCENE_CONTRAST_PROGRESSION_PROGRESS shard=0 condition=correct_state row=96 ordinal=16/54
SCENE_CONTRAST_PROGRESSION_PROGRESS shard=0 condition=matched_donor_state row=96 ordinal=16/54
SCENE_CONTRAST_PROGRESSION_PROGRESS shard=0 condition=zero_state row=96 ordinal=16/54
SCENE_CONTRAST_PROGRESSION_PROGRESS shard=0 condition=correct_state row=100 ordinal=17/54
SCENE_CONTRAST_PROGRESSION_PROGRESS shard=0 condition=matched_donor_state row=100 ordinal=17/54
SCENE_CONTRAST_PROGRESSION_PROGRESS shard=0 condition=zero_state row=100 ordinal=17/54
SCENE_CONTRAST_PROGRESSION_PROGRESS shard=0 condition=correct_state row=124 ordinal=18/54
SCENE_CONTRAST_PROGRESSION_PROGRESS shard=0 condition=matched_donor_state row=124 ordinal=18/54
SCENE_CONTRAST_PROGRESSION_PROGRESS shard=0 condition=zero_state row=124 ordinal=18/54
SCENE_CONTRAST_PROGRESSION_PROGRESS shard=0 condition=correct_state row=128 ordinal=19/54
SCENE_CONTRAST_PROGRESSION_PROGRESS shard=0 condition=matched_donor_state row=128 ordinal=19/54
SCENE_CONTRAST_PROGRESSION_PROGRESS shard=0 condition=zero_state row=128 ordinal=19/54
SCENE_CONTRAST_PROGRESSION_PROGRESS shard=0 condition=correct_state row=132 ordinal=20/54
SCENE_CONTRAST_PROGRESSION_PROGRESS shard=0 condition=matched_donor_state row=132 ordinal=20/54
SCENE_CONTRAST_PROGRESSION_PROGRESS shard=0 condition=zero_state row=132 ordinal=20/54
SCENE_CONTRAST_PROGRESSION_PROGRESS shard=0 condition=correct_state row=136 ordinal=21/54
SCENE_CONTRAST_PROGRESSION_PROGRESS shard=0 condition=matched_donor_state row=136 ordinal=21/54
SCENE_CONTRAST_PROGRESSION_PROGRESS shard=0 condition=zero_state row=136 ordinal=21/54
SCENE_CONTRAST_PROGRESSION_PROGRESS shard=0 condition=correct_state row=140 ordinal=22/54
SCENE_CONTRAST_PROGRESSION_PROGRESS shard=0 condition=matched_donor_state row=140 ordinal=22/54
SCENE_CONTRAST_PROGRESSION_PROGRESS shard=0 condition=zero_state row=140 ordinal=22/54
SCENE_CONTRAST_PROGRESSION_PROGRESS shard=0 condition=correct_state row=144 ordinal=23/54
SCENE_CONTRAST_PROGRESSION_PROGRESS shard=0 condition=matched_donor_state row=144 ordinal=23/54
SCENE_CONTRAST_PROGRESSION_PROGRESS shard=0 condition=zero_state row=144 ordinal=23/54
SCENE_CONTRAST_PROGRESSION_PROGRESS shard=0 condition=correct_state row=152 ordinal=24/54
SCENE_CONTRAST_PROGRESSION_PROGRESS shard=0 condition=matched_donor_state row=152 ordinal=24/54
SCENE_CONTRAST_PROGRESSION_PROGRESS shard=0 condition=zero_state row=152 ordinal=24/54
SCENE_CONTRAST_PROGRESSION_PROGRESS shard=0 condition=correct_state row=160 ordinal=25/54
SCENE_CONTRAST_PROGRESSION_PROGRESS shard=0 condition=matched_donor_state row=160 ordinal=25/54
SCENE_CONTRAST_PROGRESSION_PROGRESS shard=0 condition=zero_state row=160 ordinal=25/54
SCENE_CONTRAST_PROGRESSION_PROGRESS shard=0 condition=correct_state row=164 ordinal=26/54
SCENE_CONTRAST_PROGRESSION_PROGRESS shard=0 condition=matched_donor_state row=164 ordinal=26/54
SCENE_CONTRAST_PROGRESSION_PROGRESS shard=0 condition=zero_state row=164 ordinal=26/54
SCENE_CONTRAST_PROGRESSION_PROGRESS shard=0 condition=correct_state row=172 ordinal=27/54
SCENE_CONTRAST_PROGRESSION_PROGRESS shard=0 condition=matched_donor_state row=172 ordinal=27/54
SCENE_CONTRAST_PROGRESSION_PROGRESS shard=0 condition=zero_state row=172 ordinal=27/54
SCENE_CONTRAST_PROGRESSION_PROGRESS shard=0 condition=correct_state row=180 ordinal=28/54
SCENE_CONTRAST_PROGRESSION_PROGRESS shard=0 condition=matched_donor_state row=180 ordinal=28/54
SCENE_CONTRAST_PROGRESSION_PROGRESS shard=0 condition=zero_state row=180 ordinal=28/54
SCENE_CONTRAST_PROGRESSION_PROGRESS shard=0 condition=correct_state row=184 ordinal=29/54
SCENE_CONTRAST_PROGRESSION_PROGRESS shard=0 condition=matched_donor_state row=184 ordinal=29/54
SCENE_CONTRAST_PROGRESSION_PROGRESS shard=0 condition=zero_state row=184 ordinal=29/54
SCENE_CONTRAST_PROGRESSION_PROGRESS shard=0 condition=correct_state row=188 ordinal=30/54
SCENE_CONTRAST_PROGRESSION_PROGRESS shard=0 condition=matched_donor_state row=188 ordinal=30/54
SCENE_CONTRAST_PROGRESSION_PROGRESS shard=0 condition=zero_state row=188 ordinal=30/54
SCENE_CONTRAST_PROGRESSION_PROGRESS shard=0 condition=correct_state row=196 ordinal=31/54
SCENE_CONTRAST_PROGRESSION_PROGRESS shard=0 condition=matched_donor_state row=196 ordinal=31/54
SCENE_CONTRAST_PROGRESSION_PROGRESS shard=0 condition=zero_state row=196 ordinal=31/54
SCENE_CONTRAST_PROGRESSION_PROGRESS shard=0 condition=correct_state row=200 ordinal=32/54
SCENE_CONTRAST_PROGRESSION_PROGRESS shard=0 condition=matched_donor_state row=200 ordinal=32/54
SCENE_CONTRAST_PROGRESSION_PROGRESS shard=0 condition=zero_state row=200 ordinal=32/54
SCENE_CONTRAST_PROGRESSION_PROGRESS shard=0 condition=correct_state row=212 ordinal=33/54
SCENE_CONTRAST_PROGRESSION_PROGRESS shard=0 condition=matched_donor_state row=212 ordinal=33/54
SCENE_CONTRAST_PROGRESSION_PROGRESS shard=0 condition=zero_state row=212 ordinal=33/54
SCENE_CONTRAST_PROGRESSION_PROGRESS shard=0 condition=correct_state row=216 ordinal=34/54
SCENE_CONTRAST_PROGRESSION_PROGRESS shard=0 condition=matched_donor_state row=216 ordinal=34/54
SCENE_CONTRAST_PROGRESSION_PROGRESS shard=0 condition=zero_state row=216 ordinal=34/54
SCENE_CONTRAST_PROGRESSION_PROGRESS shard=0 condition=correct_state row=224 ordinal=35/54
SCENE_CONTRAST_PROGRESSION_PROGRESS shard=0 condition=matched_donor_state row=224 ordinal=35/54
SCENE_CONTRAST_PROGRESSION_PROGRESS shard=0 condition=zero_state row=224 ordinal=35/54
SCENE_CONTRAST_PROGRESSION_PROGRESS shard=0 condition=correct_state row=236 ordinal=36/54
SCENE_CONTRAST_PROGRESSION_PROGRESS shard=0 condition=matched_donor_state row=236 ordinal=36/54
SCENE_CONTRAST_PROGRESSION_PROGRESS shard=0 condition=zero_state row=236 ordinal=36/54
SCENE_CONTRAST_PROGRESSION_PROGRESS shard=0 condition=correct_state row=244 ordinal=37/54
SCENE_CONTRAST_PROGRESSION_PROGRESS shard=0 condition=matched_donor_state row=244 ordinal=37/54
SCENE_CONTRAST_PROGRESSION_PROGRESS shard=0 condition=zero_state row=244 ordinal=37/54
SCENE_CONTRAST_PROGRESSION_PROGRESS shard=0 condition=correct_state row=248 ordinal=38/54
SCENE_CONTRAST_PROGRESSION_PROGRESS shard=0 condition=matched_donor_state row=248 ordinal=38/54
SCENE_CONTRAST_PROGRESSION_PROGRESS shard=0 condition=zero_state row=248 ordinal=38/54
SCENE_CONTRAST_PROGRESSION_PROGRESS shard=0 condition=correct_state row=256 ordinal=39/54
SCENE_CONTRAST_PROGRESSION_PROGRESS shard=0 condition=matched_donor_state row=256 ordinal=39/54
SCENE_CONTRAST_PROGRESSION_PROGRESS shard=0 condition=zero_state row=256 ordinal=39/54
SCENE_CONTRAST_PROGRESSION_PROGRESS shard=0 condition=correct_state row=260 ordinal=40/54
SCENE_CONTRAST_PROGRESSION_PROGRESS shard=0 condition=matched_donor_state row=260 ordinal=40/54
SCENE_CONTRAST_PROGRESSION_PROGRESS shard=0 condition=zero_state row=260 ordinal=40/54
SCENE_CONTRAST_PROGRESSION_PROGRESS shard=0 condition=correct_state row=264 ordinal=41/54
SCENE_CONTRAST_PROGRESSION_PROGRESS shard=0 condition=matched_donor_state row=264 ordinal=41/54
SCENE_CONTRAST_PROGRESSION_PROGRESS shard=0 condition=zero_state row=264 ordinal=41/54
SCENE_CONTRAST_PROGRESSION_PROGRESS shard=0 condition=correct_state row=272 ordinal=42/54
SCENE_CONTRAST_PROGRESSION_PROGRESS shard=0 condition=matched_donor_state row=272 ordinal=42/54
SCENE_CONTRAST_PROGRESSION_PROGRESS shard=0 condition=zero_state row=272 ordinal=42/54
SCENE_CONTRAST_PROGRESSION_PROGRESS shard=0 condition=correct_state row=276 ordinal=43/54
SCENE_CONTRAST_PROGRESSION_PROGRESS shard=0 condition=matched_donor_state row=276 ordinal=43/54
SCENE_CONTRAST_PROGRESSION_PROGRESS shard=0 condition=zero_state row=276 ordinal=43/54
SCENE_CONTRAST_PROGRESSION_PROGRESS shard=0 condition=correct_state row=280 ordinal=44/54
SCENE_CONTRAST_PROGRESSION_PROGRESS shard=0 condition=matched_donor_state row=280 ordinal=44/54
SCENE_CONTRAST_PROGRESSION_PROGRESS shard=0 condition=zero_state row=280 ordinal=44/54
SCENE_CONTRAST_PROGRESSION_PROGRESS shard=0 condition=correct_state row=288 ordinal=45/54
SCENE_CONTRAST_PROGRESSION_PROGRESS shard=0 condition=matched_donor_state row=288 ordinal=45/54
SCENE_CONTRAST_PROGRESSION_PROGRESS shard=0 condition=zero_state row=288 ordinal=45/54
SCENE_CONTRAST_PROGRESSION_PROGRESS shard=0 condition=correct_state row=292 ordinal=46/54
SCENE_CONTRAST_PROGRESSION_PROGRESS shard=0 condition=matched_donor_state row=292 ordinal=46/54
SCENE_CONTRAST_PROGRESSION_PROGRESS shard=0 condition=zero_state row=292 ordinal=46/54
SCENE_CONTRAST_PROGRESSION_PROGRESS shard=0 condition=correct_state row=296 ordinal=47/54
SCENE_CONTRAST_PROGRESSION_PROGRESS shard=0 condition=matched_donor_state row=296 ordinal=47/54
SCENE_CONTRAST_PROGRESSION_PROGRESS shard=0 condition=zero_state row=296 ordinal=47/54
SCENE_CONTRAST_PROGRESSION_PROGRESS shard=0 condition=correct_state row=300 ordinal=48/54
SCENE_CONTRAST_PROGRESSION_PROGRESS shard=0 condition=matched_donor_state row=300 ordinal=48/54
SCENE_CONTRAST_PROGRESSION_PROGRESS shard=0 condition=zero_state row=300 ordinal=48/54
SCENE_CONTRAST_PROGRESSION_PROGRESS shard=0 condition=correct_state row=304 ordinal=49/54
SCENE_CONTRAST_PROGRESSION_PROGRESS shard=0 condition=matched_donor_state row=304 ordinal=49/54
SCENE_CONTRAST_PROGRESSION_PROGRESS shard=0 condition=zero_state row=304 ordinal=49/54
SCENE_CONTRAST_PROGRESSION_PROGRESS shard=0 condition=correct_state row=308 ordinal=50/54
SCENE_CONTRAST_PROGRESSION_PROGRESS shard=0 condition=matched_donor_state row=308 ordinal=50/54
SCENE_CONTRAST_PROGRESSION_PROGRESS shard=0 condition=zero_state row=308 ordinal=50/54
SCENE_CONTRAST_PROGRESSION_PROGRESS shard=0 condition=correct_state row=320 ordinal=51/54
SCENE_CONTRAST_PROGRESSION_PROGRESS shard=0 condition=matched_donor_state row=320 ordinal=51/54
SCENE_CONTRAST_PROGRESSION_PROGRESS shard=0 condition=zero_state row=320 ordinal=51/54
SCENE_CONTRAST_PROGRESSION_PROGRESS shard=0 condition=correct_state row=332 ordinal=52/54
SCENE_CONTRAST_PROGRESSION_PROGRESS shard=0 condition=matched_donor_state row=332 ordinal=52/54
SCENE_CONTRAST_PROGRESSION_PROGRESS shard=0 condition=zero_state row=332 ordinal=52/54
SCENE_CONTRAST_PROGRESSION_PROGRESS shard=0 condition=correct_state row=352 ordinal=53/54
SCENE_CONTRAST_PROGRESSION_PROGRESS shard=0 condition=matched_donor_state row=352 ordinal=53/54
SCENE_CONTRAST_PROGRESSION_PROGRESS shard=0 condition=zero_state row=352 ordinal=53/54
SCENE_CONTRAST_PROGRESSION_PROGRESS shard=0 condition=correct_state row=356 ordinal=54/54
SCENE_CONTRAST_PROGRESSION_PROGRESS shard=0 condition=matched_donor_state row=356 ordinal=54/54
SCENE_CONTRAST_PROGRESSION_PROGRESS shard=0 condition=zero_state row=356 ordinal=54/54
SCENE_CONTRAST_PROGRESSION_SHARD_COMPLETE shard=0
