Loading weights:   0%|          | 0/2076 [00:00<?, ?it/s]Loading weights:  15%|█▌        | 312/2076 [00:00<00:00, 3067.32it/s]Loading weights:  30%|██▉       | 619/2076 [00:00<00:00, 2582.37it/s]Loading weights:  42%|████▏     | 882/2076 [00:02<00:05, 226.00it/s] Loading weights:  50%|████▉     | 1030/2076 [00:03<00:04, 237.20it/s]Loading weights:  54%|█████▍    | 1131/2076 [00:03<00:03, 244.72it/s]Loading weights:  58%|█████▊    | 1206/2076 [00:04<00:03, 243.14it/s]Loading weights:  61%|██████    | 1263/2076 [00:04<00:03, 242.45it/s]Loading weights:  63%|██████▎   | 1310/2076 [00:04<00:03, 236.32it/s]Loading weights:  65%|██████▍   | 1349/2076 [00:04<00:03, 236.30it/s]Loading weights:  67%|██████▋   | 1383/2076 [00:04<00:02, 236.80it/s]Loading weights:  68%|██████▊   | 1414/2076 [00:05<00:02, 234.53it/s]Loading weights:  80%|████████  | 1661/2076 [00:05<00:00, 590.34it/s]Loading weights:  94%|█████████▍| 1960/2076 [00:05<00:00, 1033.68it/s]Loading weights: 100%|██████████| 2076/2076 [00:05<00:00, 395.62it/s] 
[transformers] The following generation flags are not valid and may be ignored: ['top_p', 'top_k']. Set `TRANSFORMERS_VERBOSITY=info` for more details.
SCENE_CONTRAST_PROBE_PROGRESS shard=0 step=8 condition=correct_state row=348 ordinal=1/19
SCENE_CONTRAST_PROBE_PROGRESS shard=0 step=8 condition=matched_donor_state row=348 ordinal=1/19
SCENE_CONTRAST_PROBE_PROGRESS shard=0 step=8 condition=zero_state row=348 ordinal=1/19
SCENE_CONTRAST_PROBE_PROGRESS shard=0 step=8 condition=correct_state row=88 ordinal=2/19
SCENE_CONTRAST_PROBE_PROGRESS shard=0 step=8 condition=matched_donor_state row=88 ordinal=2/19
SCENE_CONTRAST_PROBE_PROGRESS shard=0 step=8 condition=zero_state row=88 ordinal=2/19
SCENE_CONTRAST_PROBE_PROGRESS shard=0 step=8 condition=correct_state row=64 ordinal=3/19
SCENE_CONTRAST_PROBE_PROGRESS shard=0 step=8 condition=matched_donor_state row=64 ordinal=3/19
SCENE_CONTRAST_PROBE_PROGRESS shard=0 step=8 condition=zero_state row=64 ordinal=3/19
SCENE_CONTRAST_PROBE_PROGRESS shard=0 step=8 condition=correct_state row=340 ordinal=4/19
SCENE_CONTRAST_PROBE_PROGRESS shard=0 step=8 condition=matched_donor_state row=340 ordinal=4/19
SCENE_CONTRAST_PROBE_PROGRESS shard=0 step=8 condition=zero_state row=340 ordinal=4/19
SCENE_CONTRAST_PROBE_PROGRESS shard=0 step=8 condition=correct_state row=116 ordinal=5/19
SCENE_CONTRAST_PROBE_PROGRESS shard=0 step=8 condition=matched_donor_state row=116 ordinal=5/19
SCENE_CONTRAST_PROBE_PROGRESS shard=0 step=8 condition=zero_state row=116 ordinal=5/19
SCENE_CONTRAST_PROBE_PROGRESS shard=0 step=8 condition=correct_state row=324 ordinal=6/19
SCENE_CONTRAST_PROBE_PROGRESS shard=0 step=8 condition=matched_donor_state row=324 ordinal=6/19
SCENE_CONTRAST_PROBE_PROGRESS shard=0 step=8 condition=zero_state row=324 ordinal=6/19
SCENE_CONTRAST_PROBE_PROGRESS shard=0 step=8 condition=correct_state row=312 ordinal=7/19
SCENE_CONTRAST_PROBE_PROGRESS shard=0 step=8 condition=matched_donor_state row=312 ordinal=7/19
SCENE_CONTRAST_PROBE_PROGRESS shard=0 step=8 condition=zero_state row=312 ordinal=7/19
SCENE_CONTRAST_PROBE_PROGRESS shard=0 step=8 condition=correct_state row=228 ordinal=8/19
SCENE_CONTRAST_PROBE_PROGRESS shard=0 step=8 condition=matched_donor_state row=228 ordinal=8/19
SCENE_CONTRAST_PROBE_PROGRESS shard=0 step=8 condition=zero_state row=228 ordinal=8/19
SCENE_CONTRAST_PROBE_PROGRESS shard=0 step=8 condition=correct_state row=36 ordinal=9/19
SCENE_CONTRAST_PROBE_PROGRESS shard=0 step=8 condition=matched_donor_state row=36 ordinal=9/19
SCENE_CONTRAST_PROBE_PROGRESS shard=0 step=8 condition=zero_state row=36 ordinal=9/19
SCENE_CONTRAST_PROBE_PROGRESS shard=0 step=8 condition=correct_state row=328 ordinal=10/19
SCENE_CONTRAST_PROBE_PROGRESS shard=0 step=8 condition=matched_donor_state row=328 ordinal=10/19
SCENE_CONTRAST_PROBE_PROGRESS shard=0 step=8 condition=zero_state row=328 ordinal=10/19
SCENE_CONTRAST_PROBE_PROGRESS shard=0 step=8 condition=correct_state row=284 ordinal=11/19
SCENE_CONTRAST_PROBE_PROGRESS shard=0 step=8 condition=matched_donor_state row=284 ordinal=11/19
SCENE_CONTRAST_PROBE_PROGRESS shard=0 step=8 condition=zero_state row=284 ordinal=11/19
SCENE_CONTRAST_PROBE_PROGRESS shard=0 step=8 condition=correct_state row=336 ordinal=12/19
SCENE_CONTRAST_PROBE_PROGRESS shard=0 step=8 condition=matched_donor_state row=336 ordinal=12/19
SCENE_CONTRAST_PROBE_PROGRESS shard=0 step=8 condition=zero_state row=336 ordinal=12/19
SCENE_CONTRAST_PROBE_PROGRESS shard=0 step=8 condition=correct_state row=68 ordinal=13/19
SCENE_CONTRAST_PROBE_PROGRESS shard=0 step=8 condition=matched_donor_state row=68 ordinal=13/19
SCENE_CONTRAST_PROBE_PROGRESS shard=0 step=8 condition=zero_state row=68 ordinal=13/19
SCENE_CONTRAST_PROBE_PROGRESS shard=0 step=8 condition=correct_state row=156 ordinal=14/19
SCENE_CONTRAST_PROBE_PROGRESS shard=0 step=8 condition=matched_donor_state row=156 ordinal=14/19
SCENE_CONTRAST_PROBE_PROGRESS shard=0 step=8 condition=zero_state row=156 ordinal=14/19
SCENE_CONTRAST_PROBE_PROGRESS shard=0 step=8 condition=correct_state row=252 ordinal=15/19
SCENE_CONTRAST_PROBE_PROGRESS shard=0 step=8 condition=matched_donor_state row=252 ordinal=15/19
SCENE_CONTRAST_PROBE_PROGRESS shard=0 step=8 condition=zero_state row=252 ordinal=15/19
SCENE_CONTRAST_PROBE_PROGRESS shard=0 step=8 condition=correct_state row=8 ordinal=16/19
SCENE_CONTRAST_PROBE_PROGRESS shard=0 step=8 condition=matched_donor_state row=8 ordinal=16/19
SCENE_CONTRAST_PROBE_PROGRESS shard=0 step=8 condition=zero_state row=8 ordinal=16/19
SCENE_CONTRAST_PROBE_PROGRESS shard=0 step=8 condition=correct_state row=176 ordinal=17/19
SCENE_CONTRAST_PROBE_PROGRESS shard=0 step=8 condition=matched_donor_state row=176 ordinal=17/19
SCENE_CONTRAST_PROBE_PROGRESS shard=0 step=8 condition=zero_state row=176 ordinal=17/19
SCENE_CONTRAST_PROBE_PROGRESS shard=0 step=8 condition=correct_state row=148 ordinal=18/19
SCENE_CONTRAST_PROBE_PROGRESS shard=0 step=8 condition=matched_donor_state row=148 ordinal=18/19
SCENE_CONTRAST_PROBE_PROGRESS shard=0 step=8 condition=zero_state row=148 ordinal=18/19
SCENE_CONTRAST_PROBE_PROGRESS shard=0 step=8 condition=correct_state row=192 ordinal=19/19
SCENE_CONTRAST_PROBE_PROGRESS shard=0 step=8 condition=matched_donor_state row=192 ordinal=19/19
SCENE_CONTRAST_PROBE_PROGRESS shard=0 step=8 condition=zero_state row=192 ordinal=19/19
SCENE_CONTRAST_PROBE_PROGRESS shard=0 step=16 condition=correct_state row=348 ordinal=1/19
SCENE_CONTRAST_PROBE_PROGRESS shard=0 step=16 condition=matched_donor_state row=348 ordinal=1/19
SCENE_CONTRAST_PROBE_PROGRESS shard=0 step=16 condition=zero_state row=348 ordinal=1/19
SCENE_CONTRAST_PROBE_PROGRESS shard=0 step=16 condition=correct_state row=88 ordinal=2/19
SCENE_CONTRAST_PROBE_PROGRESS shard=0 step=16 condition=matched_donor_state row=88 ordinal=2/19
SCENE_CONTRAST_PROBE_PROGRESS shard=0 step=16 condition=zero_state row=88 ordinal=2/19
SCENE_CONTRAST_PROBE_PROGRESS shard=0 step=16 condition=correct_state row=64 ordinal=3/19
SCENE_CONTRAST_PROBE_PROGRESS shard=0 step=16 condition=matched_donor_state row=64 ordinal=3/19
SCENE_CONTRAST_PROBE_PROGRESS shard=0 step=16 condition=zero_state row=64 ordinal=3/19
SCENE_CONTRAST_PROBE_PROGRESS shard=0 step=16 condition=correct_state row=340 ordinal=4/19
SCENE_CONTRAST_PROBE_PROGRESS shard=0 step=16 condition=matched_donor_state row=340 ordinal=4/19
SCENE_CONTRAST_PROBE_PROGRESS shard=0 step=16 condition=zero_state row=340 ordinal=4/19
SCENE_CONTRAST_PROBE_PROGRESS shard=0 step=16 condition=correct_state row=116 ordinal=5/19
SCENE_CONTRAST_PROBE_PROGRESS shard=0 step=16 condition=matched_donor_state row=116 ordinal=5/19
SCENE_CONTRAST_PROBE_PROGRESS shard=0 step=16 condition=zero_state row=116 ordinal=5/19
SCENE_CONTRAST_PROBE_PROGRESS shard=0 step=16 condition=correct_state row=324 ordinal=6/19
SCENE_CONTRAST_PROBE_PROGRESS shard=0 step=16 condition=matched_donor_state row=324 ordinal=6/19
SCENE_CONTRAST_PROBE_PROGRESS shard=0 step=16 condition=zero_state row=324 ordinal=6/19
SCENE_CONTRAST_PROBE_PROGRESS shard=0 step=16 condition=correct_state row=312 ordinal=7/19
SCENE_CONTRAST_PROBE_PROGRESS shard=0 step=16 condition=matched_donor_state row=312 ordinal=7/19
SCENE_CONTRAST_PROBE_PROGRESS shard=0 step=16 condition=zero_state row=312 ordinal=7/19
SCENE_CONTRAST_PROBE_PROGRESS shard=0 step=16 condition=correct_state row=228 ordinal=8/19
SCENE_CONTRAST_PROBE_PROGRESS shard=0 step=16 condition=matched_donor_state row=228 ordinal=8/19
SCENE_CONTRAST_PROBE_PROGRESS shard=0 step=16 condition=zero_state row=228 ordinal=8/19
SCENE_CONTRAST_PROBE_PROGRESS shard=0 step=16 condition=correct_state row=36 ordinal=9/19
SCENE_CONTRAST_PROBE_PROGRESS shard=0 step=16 condition=matched_donor_state row=36 ordinal=9/19
SCENE_CONTRAST_PROBE_PROGRESS shard=0 step=16 condition=zero_state row=36 ordinal=9/19
SCENE_CONTRAST_PROBE_PROGRESS shard=0 step=16 condition=correct_state row=328 ordinal=10/19
SCENE_CONTRAST_PROBE_PROGRESS shard=0 step=16 condition=matched_donor_state row=328 ordinal=10/19
SCENE_CONTRAST_PROBE_PROGRESS shard=0 step=16 condition=zero_state row=328 ordinal=10/19
SCENE_CONTRAST_PROBE_PROGRESS shard=0 step=16 condition=correct_state row=284 ordinal=11/19
SCENE_CONTRAST_PROBE_PROGRESS shard=0 step=16 condition=matched_donor_state row=284 ordinal=11/19
SCENE_CONTRAST_PROBE_PROGRESS shard=0 step=16 condition=zero_state row=284 ordinal=11/19
SCENE_CONTRAST_PROBE_PROGRESS shard=0 step=16 condition=correct_state row=336 ordinal=12/19
SCENE_CONTRAST_PROBE_PROGRESS shard=0 step=16 condition=matched_donor_state row=336 ordinal=12/19
SCENE_CONTRAST_PROBE_PROGRESS shard=0 step=16 condition=zero_state row=336 ordinal=12/19
SCENE_CONTRAST_PROBE_PROGRESS shard=0 step=16 condition=correct_state row=68 ordinal=13/19
SCENE_CONTRAST_PROBE_PROGRESS shard=0 step=16 condition=matched_donor_state row=68 ordinal=13/19
SCENE_CONTRAST_PROBE_PROGRESS shard=0 step=16 condition=zero_state row=68 ordinal=13/19
SCENE_CONTRAST_PROBE_PROGRESS shard=0 step=16 condition=correct_state row=156 ordinal=14/19
SCENE_CONTRAST_PROBE_PROGRESS shard=0 step=16 condition=matched_donor_state row=156 ordinal=14/19
SCENE_CONTRAST_PROBE_PROGRESS shard=0 step=16 condition=zero_state row=156 ordinal=14/19
SCENE_CONTRAST_PROBE_PROGRESS shard=0 step=16 condition=correct_state row=252 ordinal=15/19
SCENE_CONTRAST_PROBE_PROGRESS shard=0 step=16 condition=matched_donor_state row=252 ordinal=15/19
SCENE_CONTRAST_PROBE_PROGRESS shard=0 step=16 condition=zero_state row=252 ordinal=15/19
SCENE_CONTRAST_PROBE_PROGRESS shard=0 step=16 condition=correct_state row=8 ordinal=16/19
SCENE_CONTRAST_PROBE_PROGRESS shard=0 step=16 condition=matched_donor_state row=8 ordinal=16/19
SCENE_CONTRAST_PROBE_PROGRESS shard=0 step=16 condition=zero_state row=8 ordinal=16/19
SCENE_CONTRAST_PROBE_PROGRESS shard=0 step=16 condition=correct_state row=176 ordinal=17/19
SCENE_CONTRAST_PROBE_PROGRESS shard=0 step=16 condition=matched_donor_state row=176 ordinal=17/19
SCENE_CONTRAST_PROBE_PROGRESS shard=0 step=16 condition=zero_state row=176 ordinal=17/19
SCENE_CONTRAST_PROBE_PROGRESS shard=0 step=16 condition=correct_state row=148 ordinal=18/19
SCENE_CONTRAST_PROBE_PROGRESS shard=0 step=16 condition=matched_donor_state row=148 ordinal=18/19
SCENE_CONTRAST_PROBE_PROGRESS shard=0 step=16 condition=zero_state row=148 ordinal=18/19
SCENE_CONTRAST_PROBE_PROGRESS shard=0 step=16 condition=correct_state row=192 ordinal=19/19
SCENE_CONTRAST_PROBE_PROGRESS shard=0 step=16 condition=matched_donor_state row=192 ordinal=19/19
SCENE_CONTRAST_PROBE_PROGRESS shard=0 step=16 condition=zero_state row=192 ordinal=19/19
SCENE_CONTRAST_PROBE_PROGRESS shard=0 step=32 condition=correct_state row=348 ordinal=1/19
SCENE_CONTRAST_PROBE_PROGRESS shard=0 step=32 condition=matched_donor_state row=348 ordinal=1/19
SCENE_CONTRAST_PROBE_PROGRESS shard=0 step=32 condition=zero_state row=348 ordinal=1/19
SCENE_CONTRAST_PROBE_PROGRESS shard=0 step=32 condition=correct_state row=88 ordinal=2/19
SCENE_CONTRAST_PROBE_PROGRESS shard=0 step=32 condition=matched_donor_state row=88 ordinal=2/19
SCENE_CONTRAST_PROBE_PROGRESS shard=0 step=32 condition=zero_state row=88 ordinal=2/19
SCENE_CONTRAST_PROBE_PROGRESS shard=0 step=32 condition=correct_state row=64 ordinal=3/19
SCENE_CONTRAST_PROBE_PROGRESS shard=0 step=32 condition=matched_donor_state row=64 ordinal=3/19
SCENE_CONTRAST_PROBE_PROGRESS shard=0 step=32 condition=zero_state row=64 ordinal=3/19
SCENE_CONTRAST_PROBE_PROGRESS shard=0 step=32 condition=correct_state row=340 ordinal=4/19
SCENE_CONTRAST_PROBE_PROGRESS shard=0 step=32 condition=matched_donor_state row=340 ordinal=4/19
SCENE_CONTRAST_PROBE_PROGRESS shard=0 step=32 condition=zero_state row=340 ordinal=4/19
SCENE_CONTRAST_PROBE_PROGRESS shard=0 step=32 condition=correct_state row=116 ordinal=5/19
SCENE_CONTRAST_PROBE_PROGRESS shard=0 step=32 condition=matched_donor_state row=116 ordinal=5/19
SCENE_CONTRAST_PROBE_PROGRESS shard=0 step=32 condition=zero_state row=116 ordinal=5/19
SCENE_CONTRAST_PROBE_PROGRESS shard=0 step=32 condition=correct_state row=324 ordinal=6/19
SCENE_CONTRAST_PROBE_PROGRESS shard=0 step=32 condition=matched_donor_state row=324 ordinal=6/19
SCENE_CONTRAST_PROBE_PROGRESS shard=0 step=32 condition=zero_state row=324 ordinal=6/19
SCENE_CONTRAST_PROBE_PROGRESS shard=0 step=32 condition=correct_state row=312 ordinal=7/19
SCENE_CONTRAST_PROBE_PROGRESS shard=0 step=32 condition=matched_donor_state row=312 ordinal=7/19
SCENE_CONTRAST_PROBE_PROGRESS shard=0 step=32 condition=zero_state row=312 ordinal=7/19
SCENE_CONTRAST_PROBE_PROGRESS shard=0 step=32 condition=correct_state row=228 ordinal=8/19
SCENE_CONTRAST_PROBE_PROGRESS shard=0 step=32 condition=matched_donor_state row=228 ordinal=8/19
SCENE_CONTRAST_PROBE_PROGRESS shard=0 step=32 condition=zero_state row=228 ordinal=8/19
SCENE_CONTRAST_PROBE_PROGRESS shard=0 step=32 condition=correct_state row=36 ordinal=9/19
SCENE_CONTRAST_PROBE_PROGRESS shard=0 step=32 condition=matched_donor_state row=36 ordinal=9/19
SCENE_CONTRAST_PROBE_PROGRESS shard=0 step=32 condition=zero_state row=36 ordinal=9/19
SCENE_CONTRAST_PROBE_PROGRESS shard=0 step=32 condition=correct_state row=328 ordinal=10/19
SCENE_CONTRAST_PROBE_PROGRESS shard=0 step=32 condition=matched_donor_state row=328 ordinal=10/19
SCENE_CONTRAST_PROBE_PROGRESS shard=0 step=32 condition=zero_state row=328 ordinal=10/19
SCENE_CONTRAST_PROBE_PROGRESS shard=0 step=32 condition=correct_state row=284 ordinal=11/19
SCENE_CONTRAST_PROBE_PROGRESS shard=0 step=32 condition=matched_donor_state row=284 ordinal=11/19
SCENE_CONTRAST_PROBE_PROGRESS shard=0 step=32 condition=zero_state row=284 ordinal=11/19
SCENE_CONTRAST_PROBE_PROGRESS shard=0 step=32 condition=correct_state row=336 ordinal=12/19
SCENE_CONTRAST_PROBE_PROGRESS shard=0 step=32 condition=matched_donor_state row=336 ordinal=12/19
SCENE_CONTRAST_PROBE_PROGRESS shard=0 step=32 condition=zero_state row=336 ordinal=12/19
SCENE_CONTRAST_PROBE_PROGRESS shard=0 step=32 condition=correct_state row=68 ordinal=13/19
SCENE_CONTRAST_PROBE_PROGRESS shard=0 step=32 condition=matched_donor_state row=68 ordinal=13/19
SCENE_CONTRAST_PROBE_PROGRESS shard=0 step=32 condition=zero_state row=68 ordinal=13/19
SCENE_CONTRAST_PROBE_PROGRESS shard=0 step=32 condition=correct_state row=156 ordinal=14/19
SCENE_CONTRAST_PROBE_PROGRESS shard=0 step=32 condition=matched_donor_state row=156 ordinal=14/19
SCENE_CONTRAST_PROBE_PROGRESS shard=0 step=32 condition=zero_state row=156 ordinal=14/19
SCENE_CONTRAST_PROBE_PROGRESS shard=0 step=32 condition=correct_state row=252 ordinal=15/19
SCENE_CONTRAST_PROBE_PROGRESS shard=0 step=32 condition=matched_donor_state row=252 ordinal=15/19
SCENE_CONTRAST_PROBE_PROGRESS shard=0 step=32 condition=zero_state row=252 ordinal=15/19
SCENE_CONTRAST_PROBE_PROGRESS shard=0 step=32 condition=correct_state row=8 ordinal=16/19
SCENE_CONTRAST_PROBE_PROGRESS shard=0 step=32 condition=matched_donor_state row=8 ordinal=16/19
SCENE_CONTRAST_PROBE_PROGRESS shard=0 step=32 condition=zero_state row=8 ordinal=16/19
SCENE_CONTRAST_PROBE_PROGRESS shard=0 step=32 condition=correct_state row=176 ordinal=17/19
SCENE_CONTRAST_PROBE_PROGRESS shard=0 step=32 condition=matched_donor_state row=176 ordinal=17/19
SCENE_CONTRAST_PROBE_PROGRESS shard=0 step=32 condition=zero_state row=176 ordinal=17/19
SCENE_CONTRAST_PROBE_PROGRESS shard=0 step=32 condition=correct_state row=148 ordinal=18/19
SCENE_CONTRAST_PROBE_PROGRESS shard=0 step=32 condition=matched_donor_state row=148 ordinal=18/19
SCENE_CONTRAST_PROBE_PROGRESS shard=0 step=32 condition=zero_state row=148 ordinal=18/19
SCENE_CONTRAST_PROBE_PROGRESS shard=0 step=32 condition=correct_state row=192 ordinal=19/19
SCENE_CONTRAST_PROBE_PROGRESS shard=0 step=32 condition=matched_donor_state row=192 ordinal=19/19
SCENE_CONTRAST_PROBE_PROGRESS shard=0 step=32 condition=zero_state row=192 ordinal=19/19
SCENE_CONTRAST_PROBE_SHARD_COMPLETE shard=0
