W0902 17:39:52.678000 678926 site-packages/torch/distributed/run.py:792] 
W0902 17:39:52.678000 678926 site-packages/torch/distributed/run.py:792] *****************************************
W0902 17:39:52.678000 678926 site-packages/torch/distributed/run.py:792] Setting OMP_NUM_THREADS environment variable for each process to be 1 in default, to avoid your system being overloaded, please further tune the variable for optimal performance in your application as needed. 
W0902 17:39:52.678000 678926 site-packages/torch/distributed/run.py:792] *****************************************
Loading weights:   0%|          | 0/2076 [00:00<?, ?it/s]Loading weights:   0%|          | 0/2076 [00:00<?, ?it/s]Loading weights:  25%|██▍       | 517/2076 [00:00<00:00, 5164.55it/s]Loading weights:  24%|██▍       | 502/2076 [00:00<00:00, 5015.52it/s]Loading weights:  50%|████▉     | 1034/2076 [00:00<00:00, 3556.02it/s]Loading weights:  48%|████▊     | 1004/2076 [00:00<00:00, 3557.86it/s]Loading weights:  98%|█████████▊| 2035/2076 [00:00<00:00, 5917.60it/s]Loading weights: 100%|██████████| 2076/2076 [00:00<00:00, 5431.88it/s]
Loading weights:  97%|█████████▋| 2004/2076 [00:00<00:00, 5961.83it/s]Loading weights: 100%|██████████| 2076/2076 [00:00<00:00, 5487.01it/s]
Loading weights:   0%|          | 0/2076 [00:00<?, ?it/s]Loading weights:   0%|          | 0/2076 [00:00<?, ?it/s]Loading weights:  23%|██▎       | 474/2076 [00:00<00:00, 4688.55it/s]Loading weights:  26%|██▌       | 543/2076 [00:00<00:00, 5415.61it/s]Loading weights:  45%|████▌     | 943/2076 [00:00<00:00, 3363.80it/s]Loading weights:  52%|█████▏    | 1085/2076 [00:00<00:00, 3662.53it/s]Loading weights:  94%|█████████▎| 1945/2076 [00:00<00:00, 5857.32it/s]Loading weights: 100%|██████████| 2076/2076 [00:00<00:00, 5410.78it/s]
Loading weights: 100%|█████████▉| 2073/2076 [00:00<00:00, 5910.48it/s]Loading weights: 100%|██████████| 2076/2076 [00:00<00:00, 5426.68it/s]
/root/anaconda3/envs/rwkv_py312/lib/python3.12/site-packages/torch/utils/cpp_extension.py:2059: UserWarning: TORCH_CUDA_ARCH_LIST is not set, all archs for visible cards are included for compilation. 
If this is not desired, please set os.environ['TORCH_CUDA_ARCH_LIST'].
  warnings.warn(
/root/anaconda3/envs/rwkv_py312/lib/python3.12/site-packages/torch/utils/cpp_extension.py:2059: UserWarning: TORCH_CUDA_ARCH_LIST is not set, all archs for visible cards are included for compilation. 
If this is not desired, please set os.environ['TORCH_CUDA_ARCH_LIST'].
  warnings.warn(
{"active": {"layer_permuted_recurrent_state": 8, "matched_donor_recurrent_state": 8, "slot_shuffled_recurrent_state": 8, "zero_recurrent_state": 8}, "correct_ce": 2.39185, "margins": {"layer_permuted_recurrent_state": -0.003904, "matched_donor_recurrent_state": 0.023228, "slot_shuffled_recurrent_state": 0.011723, "zero_recurrent_state": 0.013201}, "step": 1}
{"active": {"layer_permuted_recurrent_state": 8, "matched_donor_recurrent_state": 8, "slot_shuffled_recurrent_state": 8, "zero_recurrent_state": 8}, "correct_ce": 2.09974, "margins": {"layer_permuted_recurrent_state": 0.016202, "matched_donor_recurrent_state": 0.000285, "slot_shuffled_recurrent_state": 0.015296, "zero_recurrent_state": 0.021131}, "step": 2}
{"active": {"layer_permuted_recurrent_state": 8, "matched_donor_recurrent_state": 8, "slot_shuffled_recurrent_state": 8, "zero_recurrent_state": 8}, "correct_ce": 2.914478, "margins": {"layer_permuted_recurrent_state": 0.010557, "matched_donor_recurrent_state": 0.004684, "slot_shuffled_recurrent_state": -0.007782, "zero_recurrent_state": 0.013033}, "step": 3}
{"active": {"layer_permuted_recurrent_state": 8, "matched_donor_recurrent_state": 8, "slot_shuffled_recurrent_state": 8, "zero_recurrent_state": 8}, "correct_ce": 2.240902, "margins": {"layer_permuted_recurrent_state": 0.0042, "matched_donor_recurrent_state": -0.003855, "slot_shuffled_recurrent_state": -0.002903, "zero_recurrent_state": 0.00132}, "step": 4}
{"active": {"layer_permuted_recurrent_state": 8, "matched_donor_recurrent_state": 8, "slot_shuffled_recurrent_state": 8, "zero_recurrent_state": 8}, "correct_ce": 2.033321, "margins": {"layer_permuted_recurrent_state": 0.027497, "matched_donor_recurrent_state": 0.000512, "slot_shuffled_recurrent_state": 0.005129, "zero_recurrent_state": 0.023813}, "step": 5}
{"active": {"layer_permuted_recurrent_state": 8, "matched_donor_recurrent_state": 8, "slot_shuffled_recurrent_state": 8, "zero_recurrent_state": 8}, "correct_ce": 2.771054, "margins": {"layer_permuted_recurrent_state": 0.047504, "matched_donor_recurrent_state": 0.017188, "slot_shuffled_recurrent_state": -0.011743, "zero_recurrent_state": 0.061605}, "step": 6}
{"active": {"layer_permuted_recurrent_state": 8, "matched_donor_recurrent_state": 8, "slot_shuffled_recurrent_state": 8, "zero_recurrent_state": 8}, "correct_ce": 2.264041, "margins": {"layer_permuted_recurrent_state": 0.007833, "matched_donor_recurrent_state": 0.004311, "slot_shuffled_recurrent_state": -9.5e-05, "zero_recurrent_state": 0.038734}, "step": 7}
{"active": {"layer_permuted_recurrent_state": 8, "matched_donor_recurrent_state": 8, "slot_shuffled_recurrent_state": 8, "zero_recurrent_state": 8}, "correct_ce": 2.362093, "margins": {"layer_permuted_recurrent_state": 0.009098, "matched_donor_recurrent_state": 0.004115, "slot_shuffled_recurrent_state": 0.010887, "zero_recurrent_state": 0.037967}, "step": 8}
{"active": {"layer_permuted_recurrent_state": 8, "matched_donor_recurrent_state": 8, "slot_shuffled_recurrent_state": 8, "zero_recurrent_state": 8}, "correct_ce": 2.467771, "margins": {"layer_permuted_recurrent_state": 0.03455, "matched_donor_recurrent_state": -0.010271, "slot_shuffled_recurrent_state": -0.008891, "zero_recurrent_state": 0.033904}, "step": 9}
{"active": {"layer_permuted_recurrent_state": 8, "matched_donor_recurrent_state": 8, "slot_shuffled_recurrent_state": 8, "zero_recurrent_state": 8}, "correct_ce": 2.355459, "margins": {"layer_permuted_recurrent_state": 0.035524, "matched_donor_recurrent_state": 0.005486, "slot_shuffled_recurrent_state": 0.0141, "zero_recurrent_state": 0.04847}, "step": 10}
{"active": {"layer_permuted_recurrent_state": 8, "matched_donor_recurrent_state": 8, "slot_shuffled_recurrent_state": 8, "zero_recurrent_state": 8}, "correct_ce": 2.541863, "margins": {"layer_permuted_recurrent_state": 0.041511, "matched_donor_recurrent_state": -0.00217, "slot_shuffled_recurrent_state": -0.000882, "zero_recurrent_state": 0.042859}, "step": 11}
{"active": {"layer_permuted_recurrent_state": 8, "matched_donor_recurrent_state": 8, "slot_shuffled_recurrent_state": 8, "zero_recurrent_state": 8}, "correct_ce": 2.794398, "margins": {"layer_permuted_recurrent_state": 0.064084, "matched_donor_recurrent_state": 0.026424, "slot_shuffled_recurrent_state": 0.008461, "zero_recurrent_state": 0.056969}, "step": 12}
{"active": {"layer_permuted_recurrent_state": 8, "matched_donor_recurrent_state": 8, "slot_shuffled_recurrent_state": 8, "zero_recurrent_state": 8}, "correct_ce": 2.235964, "margins": {"layer_permuted_recurrent_state": 0.027125, "matched_donor_recurrent_state": 0.000211, "slot_shuffled_recurrent_state": 0.008532, "zero_recurrent_state": 0.045907}, "step": 13}
{"active": {"layer_permuted_recurrent_state": 8, "matched_donor_recurrent_state": 8, "slot_shuffled_recurrent_state": 8, "zero_recurrent_state": 8}, "correct_ce": 2.107216, "margins": {"layer_permuted_recurrent_state": 0.0507, "matched_donor_recurrent_state": -0.002561, "slot_shuffled_recurrent_state": 0.00849, "zero_recurrent_state": 0.054678}, "step": 14}
{"active": {"layer_permuted_recurrent_state": 8, "matched_donor_recurrent_state": 8, "slot_shuffled_recurrent_state": 8, "zero_recurrent_state": 8}, "correct_ce": 2.668051, "margins": {"layer_permuted_recurrent_state": 0.075661, "matched_donor_recurrent_state": 0.007606, "slot_shuffled_recurrent_state": 0.002116, "zero_recurrent_state": 0.089615}, "step": 15}
{"active": {"layer_permuted_recurrent_state": 8, "matched_donor_recurrent_state": 8, "slot_shuffled_recurrent_state": 8, "zero_recurrent_state": 8}, "correct_ce": 2.053328, "margins": {"layer_permuted_recurrent_state": 0.062654, "matched_donor_recurrent_state": -0.0078, "slot_shuffled_recurrent_state": 0.018546, "zero_recurrent_state": 0.080505}, "step": 16}
{"active": {"layer_permuted_recurrent_state": 8, "matched_donor_recurrent_state": 8, "slot_shuffled_recurrent_state": 8, "zero_recurrent_state": 8}, "correct_ce": 2.09085, "margins": {"layer_permuted_recurrent_state": 0.066684, "matched_donor_recurrent_state": -0.009007, "slot_shuffled_recurrent_state": 0.001315, "zero_recurrent_state": 0.0927}, "step": 17}
{"active": {"layer_permuted_recurrent_state": 8, "matched_donor_recurrent_state": 8, "slot_shuffled_recurrent_state": 8, "zero_recurrent_state": 8}, "correct_ce": 2.527342, "margins": {"layer_permuted_recurrent_state": 0.086158, "matched_donor_recurrent_state": 0.009899, "slot_shuffled_recurrent_state": 0.014467, "zero_recurrent_state": 0.088261}, "step": 18}
{"active": {"layer_permuted_recurrent_state": 8, "matched_donor_recurrent_state": 8, "slot_shuffled_recurrent_state": 8, "zero_recurrent_state": 8}, "correct_ce": 2.110431, "margins": {"layer_permuted_recurrent_state": 0.048945, "matched_donor_recurrent_state": 0.003336, "slot_shuffled_recurrent_state": 0.011624, "zero_recurrent_state": 0.06456}, "step": 19}
{"active": {"layer_permuted_recurrent_state": 8, "matched_donor_recurrent_state": 8, "slot_shuffled_recurrent_state": 8, "zero_recurrent_state": 8}, "correct_ce": 1.947095, "margins": {"layer_permuted_recurrent_state": 0.058574, "matched_donor_recurrent_state": -0.008631, "slot_shuffled_recurrent_state": -0.006716, "zero_recurrent_state": 0.058018}, "step": 20}
{"active": {"layer_permuted_recurrent_state": 8, "matched_donor_recurrent_state": 8, "slot_shuffled_recurrent_state": 8, "zero_recurrent_state": 8}, "correct_ce": 2.680195, "margins": {"layer_permuted_recurrent_state": 0.080879, "matched_donor_recurrent_state": -0.017465, "slot_shuffled_recurrent_state": 0.006184, "zero_recurrent_state": 0.098243}, "step": 21}
{"active": {"layer_permuted_recurrent_state": 8, "matched_donor_recurrent_state": 8, "slot_shuffled_recurrent_state": 8, "zero_recurrent_state": 8}, "correct_ce": 2.530245, "margins": {"layer_permuted_recurrent_state": 0.091838, "matched_donor_recurrent_state": 0.014817, "slot_shuffled_recurrent_state": 0.035633, "zero_recurrent_state": 0.092423}, "step": 22}
{"active": {"layer_permuted_recurrent_state": 8, "matched_donor_recurrent_state": 8, "slot_shuffled_recurrent_state": 8, "zero_recurrent_state": 8}, "correct_ce": 2.368867, "margins": {"layer_permuted_recurrent_state": 0.08306, "matched_donor_recurrent_state": 0.013752, "slot_shuffled_recurrent_state": 0.028751, "zero_recurrent_state": 0.111976}, "step": 23}
{"active": {"layer_permuted_recurrent_state": 8, "matched_donor_recurrent_state": 8, "slot_shuffled_recurrent_state": 8, "zero_recurrent_state": 8}, "correct_ce": 2.588924, "margins": {"layer_permuted_recurrent_state": 0.099402, "matched_donor_recurrent_state": 0.001095, "slot_shuffled_recurrent_state": 0.001929, "zero_recurrent_state": 0.126182}, "step": 24}
{"active": {"layer_permuted_recurrent_state": 8, "matched_donor_recurrent_state": 8, "slot_shuffled_recurrent_state": 8, "zero_recurrent_state": 8}, "correct_ce": 2.367736, "margins": {"layer_permuted_recurrent_state": 0.087612, "matched_donor_recurrent_state": -0.00328, "slot_shuffled_recurrent_state": 0.016836, "zero_recurrent_state": 0.09859}, "step": 25}
{"active": {"layer_permuted_recurrent_state": 8, "matched_donor_recurrent_state": 8, "slot_shuffled_recurrent_state": 8, "zero_recurrent_state": 8}, "correct_ce": 1.814921, "margins": {"layer_permuted_recurrent_state": 0.107514, "matched_donor_recurrent_state": 0.007044, "slot_shuffled_recurrent_state": 0.019334, "zero_recurrent_state": 0.123996}, "step": 26}
{"active": {"layer_permuted_recurrent_state": 8, "matched_donor_recurrent_state": 8, "slot_shuffled_recurrent_state": 8, "zero_recurrent_state": 8}, "correct_ce": 2.785953, "margins": {"layer_permuted_recurrent_state": 0.1036, "matched_donor_recurrent_state": -0.020227, "slot_shuffled_recurrent_state": 0.010297, "zero_recurrent_state": 0.110659}, "step": 27}
{"active": {"layer_permuted_recurrent_state": 8, "matched_donor_recurrent_state": 8, "slot_shuffled_recurrent_state": 8, "zero_recurrent_state": 8}, "correct_ce": 2.058182, "margins": {"layer_permuted_recurrent_state": 0.072034, "matched_donor_recurrent_state": -0.016089, "slot_shuffled_recurrent_state": 0.007402, "zero_recurrent_state": 0.09583}, "step": 28}
{"active": {"layer_permuted_recurrent_state": 8, "matched_donor_recurrent_state": 8, "slot_shuffled_recurrent_state": 8, "zero_recurrent_state": 8}, "correct_ce": 2.440191, "margins": {"layer_permuted_recurrent_state": 0.141551, "matched_donor_recurrent_state": 0.007374, "slot_shuffled_recurrent_state": 0.041952, "zero_recurrent_state": 0.151593}, "step": 29}
{"active": {"layer_permuted_recurrent_state": 8, "matched_donor_recurrent_state": 8, "slot_shuffled_recurrent_state": 8, "zero_recurrent_state": 8}, "correct_ce": 2.584247, "margins": {"layer_permuted_recurrent_state": 0.112236, "matched_donor_recurrent_state": 0.002584, "slot_shuffled_recurrent_state": 0.026613, "zero_recurrent_state": 0.148118}, "step": 30}
{"active": {"layer_permuted_recurrent_state": 8, "matched_donor_recurrent_state": 8, "slot_shuffled_recurrent_state": 8, "zero_recurrent_state": 8}, "correct_ce": 2.244095, "margins": {"layer_permuted_recurrent_state": 0.100345, "matched_donor_recurrent_state": 0.003536, "slot_shuffled_recurrent_state": 0.017778, "zero_recurrent_state": 0.113449}, "step": 31}
{"active": {"layer_permuted_recurrent_state": 8, "matched_donor_recurrent_state": 8, "slot_shuffled_recurrent_state": 8, "zero_recurrent_state": 8}, "correct_ce": 2.142141, "margins": {"layer_permuted_recurrent_state": 0.098685, "matched_donor_recurrent_state": -0.000227, "slot_shuffled_recurrent_state": 0.013877, "zero_recurrent_state": 0.119061}, "step": 32}
{"passed": true, "rank": 0, "result_receipt": "1d1e29197421cc932949c958d48fd63202e034bbc08aa02cfad3a7817ad99bec", "status": "training_complete_development_evaluation_authorized"}
{"passed": true, "rank": 1, "result_receipt": null, "status": "worker_complete"}
{"passed": true, "rank": 3, "result_receipt": null, "status": "worker_complete"}
{"passed": true, "rank": 2, "result_receipt": null, "status": "worker_complete"}
