Loading weights:   0%|          | 0/2076 [00:00<?, ?it/s]Loading weights:  14%|█▎        | 282/2076 [00:00<00:00, 2767.52it/s]Loading weights:  27%|██▋       | 559/2076 [00:00<00:00, 2483.18it/s]Loading weights:  39%|███▉      | 810/2076 [00:02<00:05, 224.10it/s] Loading weights:  46%|████▌     | 951/2076 [00:03<00:04, 229.20it/s]Loading weights:  50%|█████     | 1046/2076 [00:03<00:04, 238.44it/s]Loading weights:  54%|█████▍    | 1117/2076 [00:03<00:04, 235.68it/s]Loading weights:  56%|█████▋    | 1172/2076 [00:04<00:03, 240.98it/s]Loading weights:  59%|█████▊    | 1218/2076 [00:04<00:03, 240.97it/s]Loading weights:  61%|██████    | 1257/2076 [00:04<00:03, 235.59it/s]Loading weights:  62%|██████▏   | 1291/2076 [00:04<00:03, 237.55it/s]Loading weights:  64%|██████▎   | 1322/2076 [00:04<00:03, 224.88it/s]Loading weights:  65%|██████▍   | 1349/2076 [00:04<00:03, 229.57it/s]Loading weights:  66%|██████▋   | 1376/2076 [00:05<00:02, 234.57it/s]Loading weights:  68%|██████▊   | 1403/2076 [00:05<00:02, 236.05it/s]Loading weights:  71%|███████   | 1465/2076 [00:05<00:01, 321.39it/s]Loading weights:  84%|████████▍ | 1752/2076 [00:05<00:00, 935.42it/s]Loading weights:  99%|█████████▊| 2047/2076 [00:05<00:00, 1448.27it/s]Loading weights: 100%|██████████| 2076/2076 [00:05<00:00, 381.37it/s] 
[transformers] The following generation flags are not valid and may be ignored: ['top_p', 'top_k']. Set `TRANSFORMERS_VERBOSITY=info` for more details.
SCENE_CONTRAST_PROGRESSION_PROGRESS shard=1 condition=correct_state row=5 ordinal=1/63
SCENE_CONTRAST_PROGRESSION_PROGRESS shard=1 condition=matched_donor_state row=5 ordinal=1/63
SCENE_CONTRAST_PROGRESSION_PROGRESS shard=1 condition=zero_state row=5 ordinal=1/63
SCENE_CONTRAST_PROGRESSION_PROGRESS shard=1 condition=correct_state row=17 ordinal=2/63
SCENE_CONTRAST_PROGRESSION_PROGRESS shard=1 condition=matched_donor_state row=17 ordinal=2/63
SCENE_CONTRAST_PROGRESSION_PROGRESS shard=1 condition=zero_state row=17 ordinal=2/63
SCENE_CONTRAST_PROGRESSION_PROGRESS shard=1 condition=correct_state row=25 ordinal=3/63
SCENE_CONTRAST_PROGRESSION_PROGRESS shard=1 condition=matched_donor_state row=25 ordinal=3/63
SCENE_CONTRAST_PROGRESSION_PROGRESS shard=1 condition=zero_state row=25 ordinal=3/63
SCENE_CONTRAST_PROGRESSION_PROGRESS shard=1 condition=correct_state row=29 ordinal=4/63
SCENE_CONTRAST_PROGRESSION_PROGRESS shard=1 condition=matched_donor_state row=29 ordinal=4/63
SCENE_CONTRAST_PROGRESSION_PROGRESS shard=1 condition=zero_state row=29 ordinal=4/63
SCENE_CONTRAST_PROGRESSION_PROGRESS shard=1 condition=correct_state row=33 ordinal=5/63
SCENE_CONTRAST_PROGRESSION_PROGRESS shard=1 condition=matched_donor_state row=33 ordinal=5/63
SCENE_CONTRAST_PROGRESSION_PROGRESS shard=1 condition=zero_state row=33 ordinal=5/63
SCENE_CONTRAST_PROGRESSION_PROGRESS shard=1 condition=correct_state row=37 ordinal=6/63
SCENE_CONTRAST_PROGRESSION_PROGRESS shard=1 condition=matched_donor_state row=37 ordinal=6/63
SCENE_CONTRAST_PROGRESSION_PROGRESS shard=1 condition=zero_state row=37 ordinal=6/63
SCENE_CONTRAST_PROGRESSION_PROGRESS shard=1 condition=correct_state row=41 ordinal=7/63
SCENE_CONTRAST_PROGRESSION_PROGRESS shard=1 condition=matched_donor_state row=41 ordinal=7/63
SCENE_CONTRAST_PROGRESSION_PROGRESS shard=1 condition=zero_state row=41 ordinal=7/63
SCENE_CONTRAST_PROGRESSION_PROGRESS shard=1 condition=correct_state row=45 ordinal=8/63
SCENE_CONTRAST_PROGRESSION_PROGRESS shard=1 condition=matched_donor_state row=45 ordinal=8/63
SCENE_CONTRAST_PROGRESSION_PROGRESS shard=1 condition=zero_state row=45 ordinal=8/63
SCENE_CONTRAST_PROGRESSION_PROGRESS shard=1 condition=correct_state row=49 ordinal=9/63
SCENE_CONTRAST_PROGRESSION_PROGRESS shard=1 condition=matched_donor_state row=49 ordinal=9/63
SCENE_CONTRAST_PROGRESSION_PROGRESS shard=1 condition=zero_state row=49 ordinal=9/63
SCENE_CONTRAST_PROGRESSION_PROGRESS shard=1 condition=correct_state row=57 ordinal=10/63
SCENE_CONTRAST_PROGRESSION_PROGRESS shard=1 condition=matched_donor_state row=57 ordinal=10/63
SCENE_CONTRAST_PROGRESSION_PROGRESS shard=1 condition=zero_state row=57 ordinal=10/63
SCENE_CONTRAST_PROGRESSION_PROGRESS shard=1 condition=correct_state row=61 ordinal=11/63
SCENE_CONTRAST_PROGRESSION_PROGRESS shard=1 condition=matched_donor_state row=61 ordinal=11/63
SCENE_CONTRAST_PROGRESSION_PROGRESS shard=1 condition=zero_state row=61 ordinal=11/63
SCENE_CONTRAST_PROGRESSION_PROGRESS shard=1 condition=correct_state row=65 ordinal=12/63
SCENE_CONTRAST_PROGRESSION_PROGRESS shard=1 condition=matched_donor_state row=65 ordinal=12/63
SCENE_CONTRAST_PROGRESSION_PROGRESS shard=1 condition=zero_state row=65 ordinal=12/63
SCENE_CONTRAST_PROGRESSION_PROGRESS shard=1 condition=correct_state row=69 ordinal=13/63
SCENE_CONTRAST_PROGRESSION_PROGRESS shard=1 condition=matched_donor_state row=69 ordinal=13/63
SCENE_CONTRAST_PROGRESSION_PROGRESS shard=1 condition=zero_state row=69 ordinal=13/63
SCENE_CONTRAST_PROGRESSION_PROGRESS shard=1 condition=correct_state row=73 ordinal=14/63
SCENE_CONTRAST_PROGRESSION_PROGRESS shard=1 condition=matched_donor_state row=73 ordinal=14/63
SCENE_CONTRAST_PROGRESSION_PROGRESS shard=1 condition=zero_state row=73 ordinal=14/63
SCENE_CONTRAST_PROGRESSION_PROGRESS shard=1 condition=correct_state row=81 ordinal=15/63
SCENE_CONTRAST_PROGRESSION_PROGRESS shard=1 condition=matched_donor_state row=81 ordinal=15/63
SCENE_CONTRAST_PROGRESSION_PROGRESS shard=1 condition=zero_state row=81 ordinal=15/63
SCENE_CONTRAST_PROGRESSION_PROGRESS shard=1 condition=correct_state row=85 ordinal=16/63
SCENE_CONTRAST_PROGRESSION_PROGRESS shard=1 condition=matched_donor_state row=85 ordinal=16/63
SCENE_CONTRAST_PROGRESSION_PROGRESS shard=1 condition=zero_state row=85 ordinal=16/63
SCENE_CONTRAST_PROGRESSION_PROGRESS shard=1 condition=correct_state row=89 ordinal=17/63
SCENE_CONTRAST_PROGRESSION_PROGRESS shard=1 condition=matched_donor_state row=89 ordinal=17/63
SCENE_CONTRAST_PROGRESSION_PROGRESS shard=1 condition=zero_state row=89 ordinal=17/63
SCENE_CONTRAST_PROGRESSION_PROGRESS shard=1 condition=correct_state row=93 ordinal=18/63
SCENE_CONTRAST_PROGRESSION_PROGRESS shard=1 condition=matched_donor_state row=93 ordinal=18/63
SCENE_CONTRAST_PROGRESSION_PROGRESS shard=1 condition=zero_state row=93 ordinal=18/63
SCENE_CONTRAST_PROGRESSION_PROGRESS shard=1 condition=correct_state row=97 ordinal=19/63
SCENE_CONTRAST_PROGRESSION_PROGRESS shard=1 condition=matched_donor_state row=97 ordinal=19/63
SCENE_CONTRAST_PROGRESSION_PROGRESS shard=1 condition=zero_state row=97 ordinal=19/63
SCENE_CONTRAST_PROGRESSION_PROGRESS shard=1 condition=correct_state row=101 ordinal=20/63
SCENE_CONTRAST_PROGRESSION_PROGRESS shard=1 condition=matched_donor_state row=101 ordinal=20/63
SCENE_CONTRAST_PROGRESSION_PROGRESS shard=1 condition=zero_state row=101 ordinal=20/63
SCENE_CONTRAST_PROGRESSION_PROGRESS shard=1 condition=correct_state row=105 ordinal=21/63
SCENE_CONTRAST_PROGRESSION_PROGRESS shard=1 condition=matched_donor_state row=105 ordinal=21/63
SCENE_CONTRAST_PROGRESSION_PROGRESS shard=1 condition=zero_state row=105 ordinal=21/63
SCENE_CONTRAST_PROGRESSION_PROGRESS shard=1 condition=correct_state row=109 ordinal=22/63
SCENE_CONTRAST_PROGRESSION_PROGRESS shard=1 condition=matched_donor_state row=109 ordinal=22/63
SCENE_CONTRAST_PROGRESSION_PROGRESS shard=1 condition=zero_state row=109 ordinal=22/63
SCENE_CONTRAST_PROGRESSION_PROGRESS shard=1 condition=correct_state row=113 ordinal=23/63
SCENE_CONTRAST_PROGRESSION_PROGRESS shard=1 condition=matched_donor_state row=113 ordinal=23/63
SCENE_CONTRAST_PROGRESSION_PROGRESS shard=1 condition=zero_state row=113 ordinal=23/63
SCENE_CONTRAST_PROGRESSION_PROGRESS shard=1 condition=correct_state row=117 ordinal=24/63
SCENE_CONTRAST_PROGRESSION_PROGRESS shard=1 condition=matched_donor_state row=117 ordinal=24/63
SCENE_CONTRAST_PROGRESSION_PROGRESS shard=1 condition=zero_state row=117 ordinal=24/63
SCENE_CONTRAST_PROGRESSION_PROGRESS shard=1 condition=correct_state row=121 ordinal=25/63
SCENE_CONTRAST_PROGRESSION_PROGRESS shard=1 condition=matched_donor_state row=121 ordinal=25/63
SCENE_CONTRAST_PROGRESSION_PROGRESS shard=1 condition=zero_state row=121 ordinal=25/63
SCENE_CONTRAST_PROGRESSION_PROGRESS shard=1 condition=correct_state row=125 ordinal=26/63
SCENE_CONTRAST_PROGRESSION_PROGRESS shard=1 condition=matched_donor_state row=125 ordinal=26/63
SCENE_CONTRAST_PROGRESSION_PROGRESS shard=1 condition=zero_state row=125 ordinal=26/63
SCENE_CONTRAST_PROGRESSION_PROGRESS shard=1 condition=correct_state row=129 ordinal=27/63
SCENE_CONTRAST_PROGRESSION_PROGRESS shard=1 condition=matched_donor_state row=129 ordinal=27/63
SCENE_CONTRAST_PROGRESSION_PROGRESS shard=1 condition=zero_state row=129 ordinal=27/63
SCENE_CONTRAST_PROGRESSION_PROGRESS shard=1 condition=correct_state row=133 ordinal=28/63
SCENE_CONTRAST_PROGRESSION_PROGRESS shard=1 condition=matched_donor_state row=133 ordinal=28/63
SCENE_CONTRAST_PROGRESSION_PROGRESS shard=1 condition=zero_state row=133 ordinal=28/63
SCENE_CONTRAST_PROGRESSION_PROGRESS shard=1 condition=correct_state row=141 ordinal=29/63
SCENE_CONTRAST_PROGRESSION_PROGRESS shard=1 condition=matched_donor_state row=141 ordinal=29/63
SCENE_CONTRAST_PROGRESSION_PROGRESS shard=1 condition=zero_state row=141 ordinal=29/63
SCENE_CONTRAST_PROGRESSION_PROGRESS shard=1 condition=correct_state row=145 ordinal=30/63
SCENE_CONTRAST_PROGRESSION_PROGRESS shard=1 condition=matched_donor_state row=145 ordinal=30/63
SCENE_CONTRAST_PROGRESSION_PROGRESS shard=1 condition=zero_state row=145 ordinal=30/63
SCENE_CONTRAST_PROGRESSION_PROGRESS shard=1 condition=correct_state row=153 ordinal=31/63
SCENE_CONTRAST_PROGRESSION_PROGRESS shard=1 condition=matched_donor_state row=153 ordinal=31/63
SCENE_CONTRAST_PROGRESSION_PROGRESS shard=1 condition=zero_state row=153 ordinal=31/63
SCENE_CONTRAST_PROGRESSION_PROGRESS shard=1 condition=correct_state row=157 ordinal=32/63
SCENE_CONTRAST_PROGRESSION_PROGRESS shard=1 condition=matched_donor_state row=157 ordinal=32/63
SCENE_CONTRAST_PROGRESSION_PROGRESS shard=1 condition=zero_state row=157 ordinal=32/63
SCENE_CONTRAST_PROGRESSION_PROGRESS shard=1 condition=correct_state row=161 ordinal=33/63
SCENE_CONTRAST_PROGRESSION_PROGRESS shard=1 condition=matched_donor_state row=161 ordinal=33/63
SCENE_CONTRAST_PROGRESSION_PROGRESS shard=1 condition=zero_state row=161 ordinal=33/63
SCENE_CONTRAST_PROGRESSION_PROGRESS shard=1 condition=correct_state row=165 ordinal=34/63
SCENE_CONTRAST_PROGRESSION_PROGRESS shard=1 condition=matched_donor_state row=165 ordinal=34/63
SCENE_CONTRAST_PROGRESSION_PROGRESS shard=1 condition=zero_state row=165 ordinal=34/63
SCENE_CONTRAST_PROGRESSION_PROGRESS shard=1 condition=correct_state row=173 ordinal=35/63
SCENE_CONTRAST_PROGRESSION_PROGRESS shard=1 condition=matched_donor_state row=173 ordinal=35/63
SCENE_CONTRAST_PROGRESSION_PROGRESS shard=1 condition=zero_state row=173 ordinal=35/63
SCENE_CONTRAST_PROGRESSION_PROGRESS shard=1 condition=correct_state row=177 ordinal=36/63
SCENE_CONTRAST_PROGRESSION_PROGRESS shard=1 condition=matched_donor_state row=177 ordinal=36/63
SCENE_CONTRAST_PROGRESSION_PROGRESS shard=1 condition=zero_state row=177 ordinal=36/63
SCENE_CONTRAST_PROGRESSION_PROGRESS shard=1 condition=correct_state row=181 ordinal=37/63
SCENE_CONTRAST_PROGRESSION_PROGRESS shard=1 condition=matched_donor_state row=181 ordinal=37/63
SCENE_CONTRAST_PROGRESSION_PROGRESS shard=1 condition=zero_state row=181 ordinal=37/63
SCENE_CONTRAST_PROGRESSION_PROGRESS shard=1 condition=correct_state row=185 ordinal=38/63
SCENE_CONTRAST_PROGRESSION_PROGRESS shard=1 condition=matched_donor_state row=185 ordinal=38/63
SCENE_CONTRAST_PROGRESSION_PROGRESS shard=1 condition=zero_state row=185 ordinal=38/63
SCENE_CONTRAST_PROGRESSION_PROGRESS shard=1 condition=correct_state row=189 ordinal=39/63
SCENE_CONTRAST_PROGRESSION_PROGRESS shard=1 condition=matched_donor_state row=189 ordinal=39/63
SCENE_CONTRAST_PROGRESSION_PROGRESS shard=1 condition=zero_state row=189 ordinal=39/63
SCENE_CONTRAST_PROGRESSION_PROGRESS shard=1 condition=correct_state row=193 ordinal=40/63
SCENE_CONTRAST_PROGRESSION_PROGRESS shard=1 condition=matched_donor_state row=193 ordinal=40/63
SCENE_CONTRAST_PROGRESSION_PROGRESS shard=1 condition=zero_state row=193 ordinal=40/63
SCENE_CONTRAST_PROGRESSION_PROGRESS shard=1 condition=correct_state row=197 ordinal=41/63
SCENE_CONTRAST_PROGRESSION_PROGRESS shard=1 condition=matched_donor_state row=197 ordinal=41/63
SCENE_CONTRAST_PROGRESSION_PROGRESS shard=1 condition=zero_state row=197 ordinal=41/63
SCENE_CONTRAST_PROGRESSION_PROGRESS shard=1 condition=correct_state row=201 ordinal=42/63
SCENE_CONTRAST_PROGRESSION_PROGRESS shard=1 condition=matched_donor_state row=201 ordinal=42/63
SCENE_CONTRAST_PROGRESSION_PROGRESS shard=1 condition=zero_state row=201 ordinal=42/63
SCENE_CONTRAST_PROGRESSION_PROGRESS shard=1 condition=correct_state row=209 ordinal=43/63
SCENE_CONTRAST_PROGRESSION_PROGRESS shard=1 condition=matched_donor_state row=209 ordinal=43/63
SCENE_CONTRAST_PROGRESSION_PROGRESS shard=1 condition=zero_state row=209 ordinal=43/63
SCENE_CONTRAST_PROGRESSION_PROGRESS shard=1 condition=correct_state row=213 ordinal=44/63
SCENE_CONTRAST_PROGRESSION_PROGRESS shard=1 condition=matched_donor_state row=213 ordinal=44/63
SCENE_CONTRAST_PROGRESSION_PROGRESS shard=1 condition=zero_state row=213 ordinal=44/63
SCENE_CONTRAST_PROGRESSION_PROGRESS shard=1 condition=correct_state row=221 ordinal=45/63
SCENE_CONTRAST_PROGRESSION_PROGRESS shard=1 condition=matched_donor_state row=221 ordinal=45/63
SCENE_CONTRAST_PROGRESSION_PROGRESS shard=1 condition=zero_state row=221 ordinal=45/63
SCENE_CONTRAST_PROGRESSION_PROGRESS shard=1 condition=correct_state row=225 ordinal=46/63
SCENE_CONTRAST_PROGRESSION_PROGRESS shard=1 condition=matched_donor_state row=225 ordinal=46/63
SCENE_CONTRAST_PROGRESSION_PROGRESS shard=1 condition=zero_state row=225 ordinal=46/63
SCENE_CONTRAST_PROGRESSION_PROGRESS shard=1 condition=correct_state row=233 ordinal=47/63
SCENE_CONTRAST_PROGRESSION_PROGRESS shard=1 condition=matched_donor_state row=233 ordinal=47/63
SCENE_CONTRAST_PROGRESSION_PROGRESS shard=1 condition=zero_state row=233 ordinal=47/63
SCENE_CONTRAST_PROGRESSION_PROGRESS shard=1 condition=correct_state row=245 ordinal=48/63
SCENE_CONTRAST_PROGRESSION_PROGRESS shard=1 condition=matched_donor_state row=245 ordinal=48/63
SCENE_CONTRAST_PROGRESSION_PROGRESS shard=1 condition=zero_state row=245 ordinal=48/63
SCENE_CONTRAST_PROGRESSION_PROGRESS shard=1 condition=correct_state row=253 ordinal=49/63
SCENE_CONTRAST_PROGRESSION_PROGRESS shard=1 condition=matched_donor_state row=253 ordinal=49/63
SCENE_CONTRAST_PROGRESSION_PROGRESS shard=1 condition=zero_state row=253 ordinal=49/63
SCENE_CONTRAST_PROGRESSION_PROGRESS shard=1 condition=correct_state row=257 ordinal=50/63
SCENE_CONTRAST_PROGRESSION_PROGRESS shard=1 condition=matched_donor_state row=257 ordinal=50/63
SCENE_CONTRAST_PROGRESSION_PROGRESS shard=1 condition=zero_state row=257 ordinal=50/63
SCENE_CONTRAST_PROGRESSION_PROGRESS shard=1 condition=correct_state row=261 ordinal=51/63
SCENE_CONTRAST_PROGRESSION_PROGRESS shard=1 condition=matched_donor_state row=261 ordinal=51/63
SCENE_CONTRAST_PROGRESSION_PROGRESS shard=1 condition=zero_state row=261 ordinal=51/63
SCENE_CONTRAST_PROGRESSION_PROGRESS shard=1 condition=correct_state row=273 ordinal=52/63
SCENE_CONTRAST_PROGRESSION_PROGRESS shard=1 condition=matched_donor_state row=273 ordinal=52/63
SCENE_CONTRAST_PROGRESSION_PROGRESS shard=1 condition=zero_state row=273 ordinal=52/63
SCENE_CONTRAST_PROGRESSION_PROGRESS shard=1 condition=correct_state row=281 ordinal=53/63
SCENE_CONTRAST_PROGRESSION_PROGRESS shard=1 condition=matched_donor_state row=281 ordinal=53/63
SCENE_CONTRAST_PROGRESSION_PROGRESS shard=1 condition=zero_state row=281 ordinal=53/63
SCENE_CONTRAST_PROGRESSION_PROGRESS shard=1 condition=correct_state row=285 ordinal=54/63
SCENE_CONTRAST_PROGRESSION_PROGRESS shard=1 condition=matched_donor_state row=285 ordinal=54/63
SCENE_CONTRAST_PROGRESSION_PROGRESS shard=1 condition=zero_state row=285 ordinal=54/63
SCENE_CONTRAST_PROGRESSION_PROGRESS shard=1 condition=correct_state row=301 ordinal=55/63
SCENE_CONTRAST_PROGRESSION_PROGRESS shard=1 condition=matched_donor_state row=301 ordinal=55/63
SCENE_CONTRAST_PROGRESSION_PROGRESS shard=1 condition=zero_state row=301 ordinal=55/63
SCENE_CONTRAST_PROGRESSION_PROGRESS shard=1 condition=correct_state row=305 ordinal=56/63
SCENE_CONTRAST_PROGRESSION_PROGRESS shard=1 condition=matched_donor_state row=305 ordinal=56/63
SCENE_CONTRAST_PROGRESSION_PROGRESS shard=1 condition=zero_state row=305 ordinal=56/63
SCENE_CONTRAST_PROGRESSION_PROGRESS shard=1 condition=correct_state row=309 ordinal=57/63
SCENE_CONTRAST_PROGRESSION_PROGRESS shard=1 condition=matched_donor_state row=309 ordinal=57/63
SCENE_CONTRAST_PROGRESSION_PROGRESS shard=1 condition=zero_state row=309 ordinal=57/63
SCENE_CONTRAST_PROGRESSION_PROGRESS shard=1 condition=correct_state row=321 ordinal=58/63
SCENE_CONTRAST_PROGRESSION_PROGRESS shard=1 condition=matched_donor_state row=321 ordinal=58/63
SCENE_CONTRAST_PROGRESSION_PROGRESS shard=1 condition=zero_state row=321 ordinal=58/63
SCENE_CONTRAST_PROGRESSION_PROGRESS shard=1 condition=correct_state row=333 ordinal=59/63
SCENE_CONTRAST_PROGRESSION_PROGRESS shard=1 condition=matched_donor_state row=333 ordinal=59/63
SCENE_CONTRAST_PROGRESSION_PROGRESS shard=1 condition=zero_state row=333 ordinal=59/63
SCENE_CONTRAST_PROGRESSION_PROGRESS shard=1 condition=correct_state row=341 ordinal=60/63
SCENE_CONTRAST_PROGRESSION_PROGRESS shard=1 condition=matched_donor_state row=341 ordinal=60/63
SCENE_CONTRAST_PROGRESSION_PROGRESS shard=1 condition=zero_state row=341 ordinal=60/63
SCENE_CONTRAST_PROGRESSION_PROGRESS shard=1 condition=correct_state row=349 ordinal=61/63
SCENE_CONTRAST_PROGRESSION_PROGRESS shard=1 condition=matched_donor_state row=349 ordinal=61/63
SCENE_CONTRAST_PROGRESSION_PROGRESS shard=1 condition=zero_state row=349 ordinal=61/63
SCENE_CONTRAST_PROGRESSION_PROGRESS shard=1 condition=correct_state row=353 ordinal=62/63
SCENE_CONTRAST_PROGRESSION_PROGRESS shard=1 condition=matched_donor_state row=353 ordinal=62/63
SCENE_CONTRAST_PROGRESSION_PROGRESS shard=1 condition=zero_state row=353 ordinal=62/63
SCENE_CONTRAST_PROGRESSION_PROGRESS shard=1 condition=correct_state row=357 ordinal=63/63
SCENE_CONTRAST_PROGRESSION_PROGRESS shard=1 condition=matched_donor_state row=357 ordinal=63/63
SCENE_CONTRAST_PROGRESSION_PROGRESS shard=1 condition=zero_state row=357 ordinal=63/63
SCENE_CONTRAST_PROGRESSION_SHARD_COMPLETE shard=1
