Loading weights:   0%|          | 0/2076 [00:00<?, ?it/s]Loading weights:  16%|█▋        | 341/2076 [00:00<00:00, 3404.41it/s]Loading weights:  33%|███▎      | 682/2076 [00:00<00:00, 3142.10it/s]Loading weights:  48%|████▊     | 998/2076 [00:02<00:03, 349.29it/s] Loading weights:  57%|█████▋    | 1177/2076 [00:02<00:02, 370.67it/s]Loading weights:  63%|██████▎   | 1303/2076 [00:02<00:02, 372.38it/s]Loading weights:  67%|██████▋   | 1398/2076 [00:03<00:01, 369.20it/s]Loading weights:  75%|███████▌  | 1564/2076 [00:03<00:01, 488.14it/s]Loading weights:  91%|█████████ | 1885/2076 [00:03<00:00, 804.98it/s]Loading weights: 100%|██████████| 2076/2076 [00:03<00:00, 607.21it/s]
[transformers] The following generation flags are not valid and may be ignored: ['top_p', 'top_k']. Set `TRANSFORMERS_VERBOSITY=info` for more details.
SCENE_CONTRAST_PROBE_PROGRESS shard=3 step=8 condition=correct_state row=11 ordinal=1/20
SCENE_CONTRAST_PROBE_PROGRESS shard=3 step=8 condition=matched_donor_state row=11 ordinal=1/20
SCENE_CONTRAST_PROBE_PROGRESS shard=3 step=8 condition=zero_state row=11 ordinal=1/20
SCENE_CONTRAST_PROBE_PROGRESS shard=3 step=8 condition=correct_state row=123 ordinal=2/20
SCENE_CONTRAST_PROBE_PROGRESS shard=3 step=8 condition=matched_donor_state row=123 ordinal=2/20
SCENE_CONTRAST_PROBE_PROGRESS shard=3 step=8 condition=zero_state row=123 ordinal=2/20
SCENE_CONTRAST_PROBE_PROGRESS shard=3 step=8 condition=correct_state row=199 ordinal=3/20
SCENE_CONTRAST_PROBE_PROGRESS shard=3 step=8 condition=matched_donor_state row=199 ordinal=3/20
SCENE_CONTRAST_PROBE_PROGRESS shard=3 step=8 condition=zero_state row=199 ordinal=3/20
SCENE_CONTRAST_PROBE_PROGRESS shard=3 step=8 condition=correct_state row=319 ordinal=4/20
SCENE_CONTRAST_PROBE_PROGRESS shard=3 step=8 condition=matched_donor_state row=319 ordinal=4/20
SCENE_CONTRAST_PROBE_PROGRESS shard=3 step=8 condition=zero_state row=319 ordinal=4/20
SCENE_CONTRAST_PROBE_PROGRESS shard=3 step=8 condition=correct_state row=31 ordinal=5/20
SCENE_CONTRAST_PROBE_PROGRESS shard=3 step=8 condition=matched_donor_state row=31 ordinal=5/20
SCENE_CONTRAST_PROBE_PROGRESS shard=3 step=8 condition=zero_state row=31 ordinal=5/20
SCENE_CONTRAST_PROBE_PROGRESS shard=3 step=8 condition=correct_state row=23 ordinal=6/20
SCENE_CONTRAST_PROBE_PROGRESS shard=3 step=8 condition=matched_donor_state row=23 ordinal=6/20
SCENE_CONTRAST_PROBE_PROGRESS shard=3 step=8 condition=zero_state row=23 ordinal=6/20
SCENE_CONTRAST_PROBE_PROGRESS shard=3 step=8 condition=correct_state row=295 ordinal=7/20
SCENE_CONTRAST_PROBE_PROGRESS shard=3 step=8 condition=matched_donor_state row=295 ordinal=7/20
SCENE_CONTRAST_PROBE_PROGRESS shard=3 step=8 condition=zero_state row=295 ordinal=7/20
SCENE_CONTRAST_PROBE_PROGRESS shard=3 step=8 condition=correct_state row=147 ordinal=8/20
SCENE_CONTRAST_PROBE_PROGRESS shard=3 step=8 condition=matched_donor_state row=147 ordinal=8/20
SCENE_CONTRAST_PROBE_PROGRESS shard=3 step=8 condition=zero_state row=147 ordinal=8/20
SCENE_CONTRAST_PROBE_PROGRESS shard=3 step=8 condition=correct_state row=275 ordinal=9/20
SCENE_CONTRAST_PROBE_PROGRESS shard=3 step=8 condition=matched_donor_state row=275 ordinal=9/20
SCENE_CONTRAST_PROBE_PROGRESS shard=3 step=8 condition=zero_state row=275 ordinal=9/20
SCENE_CONTRAST_PROBE_PROGRESS shard=3 step=8 condition=correct_state row=75 ordinal=10/20
SCENE_CONTRAST_PROBE_PROGRESS shard=3 step=8 condition=matched_donor_state row=75 ordinal=10/20
SCENE_CONTRAST_PROBE_PROGRESS shard=3 step=8 condition=zero_state row=75 ordinal=10/20
SCENE_CONTRAST_PROBE_PROGRESS shard=3 step=8 condition=correct_state row=55 ordinal=11/20
SCENE_CONTRAST_PROBE_PROGRESS shard=3 step=8 condition=matched_donor_state row=55 ordinal=11/20
SCENE_CONTRAST_PROBE_PROGRESS shard=3 step=8 condition=zero_state row=55 ordinal=11/20
SCENE_CONTRAST_PROBE_PROGRESS shard=3 step=8 condition=correct_state row=307 ordinal=12/20
SCENE_CONTRAST_PROBE_PROGRESS shard=3 step=8 condition=matched_donor_state row=307 ordinal=12/20
SCENE_CONTRAST_PROBE_PROGRESS shard=3 step=8 condition=zero_state row=307 ordinal=12/20
SCENE_CONTRAST_PROBE_PROGRESS shard=3 step=8 condition=correct_state row=131 ordinal=13/20
SCENE_CONTRAST_PROBE_PROGRESS shard=3 step=8 condition=matched_donor_state row=131 ordinal=13/20
SCENE_CONTRAST_PROBE_PROGRESS shard=3 step=8 condition=zero_state row=131 ordinal=13/20
SCENE_CONTRAST_PROBE_PROGRESS shard=3 step=8 condition=correct_state row=67 ordinal=14/20
SCENE_CONTRAST_PROBE_PROGRESS shard=3 step=8 condition=matched_donor_state row=67 ordinal=14/20
SCENE_CONTRAST_PROBE_PROGRESS shard=3 step=8 condition=zero_state row=67 ordinal=14/20
SCENE_CONTRAST_PROBE_PROGRESS shard=3 step=8 condition=correct_state row=143 ordinal=15/20
SCENE_CONTRAST_PROBE_PROGRESS shard=3 step=8 condition=matched_donor_state row=143 ordinal=15/20
SCENE_CONTRAST_PROBE_PROGRESS shard=3 step=8 condition=zero_state row=143 ordinal=15/20
SCENE_CONTRAST_PROBE_PROGRESS shard=3 step=8 condition=correct_state row=343 ordinal=16/20
SCENE_CONTRAST_PROBE_PROGRESS shard=3 step=8 condition=matched_donor_state row=343 ordinal=16/20
SCENE_CONTRAST_PROBE_PROGRESS shard=3 step=8 condition=zero_state row=343 ordinal=16/20
SCENE_CONTRAST_PROBE_PROGRESS shard=3 step=8 condition=correct_state row=267 ordinal=17/20
SCENE_CONTRAST_PROBE_PROGRESS shard=3 step=8 condition=matched_donor_state row=267 ordinal=17/20
SCENE_CONTRAST_PROBE_PROGRESS shard=3 step=8 condition=zero_state row=267 ordinal=17/20
SCENE_CONTRAST_PROBE_PROGRESS shard=3 step=8 condition=correct_state row=43 ordinal=18/20
SCENE_CONTRAST_PROBE_PROGRESS shard=3 step=8 condition=matched_donor_state row=43 ordinal=18/20
SCENE_CONTRAST_PROBE_PROGRESS shard=3 step=8 condition=zero_state row=43 ordinal=18/20
SCENE_CONTRAST_PROBE_PROGRESS shard=3 step=8 condition=correct_state row=203 ordinal=19/20
SCENE_CONTRAST_PROBE_PROGRESS shard=3 step=8 condition=matched_donor_state row=203 ordinal=19/20
SCENE_CONTRAST_PROBE_PROGRESS shard=3 step=8 condition=zero_state row=203 ordinal=19/20
SCENE_CONTRAST_PROBE_PROGRESS shard=3 step=8 condition=correct_state row=179 ordinal=20/20
SCENE_CONTRAST_PROBE_PROGRESS shard=3 step=8 condition=matched_donor_state row=179 ordinal=20/20
SCENE_CONTRAST_PROBE_PROGRESS shard=3 step=8 condition=zero_state row=179 ordinal=20/20
SCENE_CONTRAST_PROBE_PROGRESS shard=3 step=16 condition=correct_state row=11 ordinal=1/20
SCENE_CONTRAST_PROBE_PROGRESS shard=3 step=16 condition=matched_donor_state row=11 ordinal=1/20
SCENE_CONTRAST_PROBE_PROGRESS shard=3 step=16 condition=zero_state row=11 ordinal=1/20
SCENE_CONTRAST_PROBE_PROGRESS shard=3 step=16 condition=correct_state row=123 ordinal=2/20
SCENE_CONTRAST_PROBE_PROGRESS shard=3 step=16 condition=matched_donor_state row=123 ordinal=2/20
SCENE_CONTRAST_PROBE_PROGRESS shard=3 step=16 condition=zero_state row=123 ordinal=2/20
SCENE_CONTRAST_PROBE_PROGRESS shard=3 step=16 condition=correct_state row=199 ordinal=3/20
SCENE_CONTRAST_PROBE_PROGRESS shard=3 step=16 condition=matched_donor_state row=199 ordinal=3/20
SCENE_CONTRAST_PROBE_PROGRESS shard=3 step=16 condition=zero_state row=199 ordinal=3/20
SCENE_CONTRAST_PROBE_PROGRESS shard=3 step=16 condition=correct_state row=319 ordinal=4/20
SCENE_CONTRAST_PROBE_PROGRESS shard=3 step=16 condition=matched_donor_state row=319 ordinal=4/20
SCENE_CONTRAST_PROBE_PROGRESS shard=3 step=16 condition=zero_state row=319 ordinal=4/20
SCENE_CONTRAST_PROBE_PROGRESS shard=3 step=16 condition=correct_state row=31 ordinal=5/20
SCENE_CONTRAST_PROBE_PROGRESS shard=3 step=16 condition=matched_donor_state row=31 ordinal=5/20
SCENE_CONTRAST_PROBE_PROGRESS shard=3 step=16 condition=zero_state row=31 ordinal=5/20
SCENE_CONTRAST_PROBE_PROGRESS shard=3 step=16 condition=correct_state row=23 ordinal=6/20
SCENE_CONTRAST_PROBE_PROGRESS shard=3 step=16 condition=matched_donor_state row=23 ordinal=6/20
SCENE_CONTRAST_PROBE_PROGRESS shard=3 step=16 condition=zero_state row=23 ordinal=6/20
SCENE_CONTRAST_PROBE_PROGRESS shard=3 step=16 condition=correct_state row=295 ordinal=7/20
SCENE_CONTRAST_PROBE_PROGRESS shard=3 step=16 condition=matched_donor_state row=295 ordinal=7/20
SCENE_CONTRAST_PROBE_PROGRESS shard=3 step=16 condition=zero_state row=295 ordinal=7/20
SCENE_CONTRAST_PROBE_PROGRESS shard=3 step=16 condition=correct_state row=147 ordinal=8/20
SCENE_CONTRAST_PROBE_PROGRESS shard=3 step=16 condition=matched_donor_state row=147 ordinal=8/20
SCENE_CONTRAST_PROBE_PROGRESS shard=3 step=16 condition=zero_state row=147 ordinal=8/20
SCENE_CONTRAST_PROBE_PROGRESS shard=3 step=16 condition=correct_state row=275 ordinal=9/20
SCENE_CONTRAST_PROBE_PROGRESS shard=3 step=16 condition=matched_donor_state row=275 ordinal=9/20
SCENE_CONTRAST_PROBE_PROGRESS shard=3 step=16 condition=zero_state row=275 ordinal=9/20
SCENE_CONTRAST_PROBE_PROGRESS shard=3 step=16 condition=correct_state row=75 ordinal=10/20
SCENE_CONTRAST_PROBE_PROGRESS shard=3 step=16 condition=matched_donor_state row=75 ordinal=10/20
SCENE_CONTRAST_PROBE_PROGRESS shard=3 step=16 condition=zero_state row=75 ordinal=10/20
SCENE_CONTRAST_PROBE_PROGRESS shard=3 step=16 condition=correct_state row=55 ordinal=11/20
SCENE_CONTRAST_PROBE_PROGRESS shard=3 step=16 condition=matched_donor_state row=55 ordinal=11/20
SCENE_CONTRAST_PROBE_PROGRESS shard=3 step=16 condition=zero_state row=55 ordinal=11/20
SCENE_CONTRAST_PROBE_PROGRESS shard=3 step=16 condition=correct_state row=307 ordinal=12/20
SCENE_CONTRAST_PROBE_PROGRESS shard=3 step=16 condition=matched_donor_state row=307 ordinal=12/20
SCENE_CONTRAST_PROBE_PROGRESS shard=3 step=16 condition=zero_state row=307 ordinal=12/20
SCENE_CONTRAST_PROBE_PROGRESS shard=3 step=16 condition=correct_state row=131 ordinal=13/20
SCENE_CONTRAST_PROBE_PROGRESS shard=3 step=16 condition=matched_donor_state row=131 ordinal=13/20
SCENE_CONTRAST_PROBE_PROGRESS shard=3 step=16 condition=zero_state row=131 ordinal=13/20
SCENE_CONTRAST_PROBE_PROGRESS shard=3 step=16 condition=correct_state row=67 ordinal=14/20
SCENE_CONTRAST_PROBE_PROGRESS shard=3 step=16 condition=matched_donor_state row=67 ordinal=14/20
SCENE_CONTRAST_PROBE_PROGRESS shard=3 step=16 condition=zero_state row=67 ordinal=14/20
SCENE_CONTRAST_PROBE_PROGRESS shard=3 step=16 condition=correct_state row=143 ordinal=15/20
SCENE_CONTRAST_PROBE_PROGRESS shard=3 step=16 condition=matched_donor_state row=143 ordinal=15/20
SCENE_CONTRAST_PROBE_PROGRESS shard=3 step=16 condition=zero_state row=143 ordinal=15/20
SCENE_CONTRAST_PROBE_PROGRESS shard=3 step=16 condition=correct_state row=343 ordinal=16/20
SCENE_CONTRAST_PROBE_PROGRESS shard=3 step=16 condition=matched_donor_state row=343 ordinal=16/20
SCENE_CONTRAST_PROBE_PROGRESS shard=3 step=16 condition=zero_state row=343 ordinal=16/20
SCENE_CONTRAST_PROBE_PROGRESS shard=3 step=16 condition=correct_state row=267 ordinal=17/20
SCENE_CONTRAST_PROBE_PROGRESS shard=3 step=16 condition=matched_donor_state row=267 ordinal=17/20
SCENE_CONTRAST_PROBE_PROGRESS shard=3 step=16 condition=zero_state row=267 ordinal=17/20
SCENE_CONTRAST_PROBE_PROGRESS shard=3 step=16 condition=correct_state row=43 ordinal=18/20
SCENE_CONTRAST_PROBE_PROGRESS shard=3 step=16 condition=matched_donor_state row=43 ordinal=18/20
SCENE_CONTRAST_PROBE_PROGRESS shard=3 step=16 condition=zero_state row=43 ordinal=18/20
SCENE_CONTRAST_PROBE_PROGRESS shard=3 step=16 condition=correct_state row=203 ordinal=19/20
SCENE_CONTRAST_PROBE_PROGRESS shard=3 step=16 condition=matched_donor_state row=203 ordinal=19/20
SCENE_CONTRAST_PROBE_PROGRESS shard=3 step=16 condition=zero_state row=203 ordinal=19/20
SCENE_CONTRAST_PROBE_PROGRESS shard=3 step=16 condition=correct_state row=179 ordinal=20/20
SCENE_CONTRAST_PROBE_PROGRESS shard=3 step=16 condition=matched_donor_state row=179 ordinal=20/20
SCENE_CONTRAST_PROBE_PROGRESS shard=3 step=16 condition=zero_state row=179 ordinal=20/20
SCENE_CONTRAST_PROBE_PROGRESS shard=3 step=32 condition=correct_state row=11 ordinal=1/20
SCENE_CONTRAST_PROBE_PROGRESS shard=3 step=32 condition=matched_donor_state row=11 ordinal=1/20
SCENE_CONTRAST_PROBE_PROGRESS shard=3 step=32 condition=zero_state row=11 ordinal=1/20
SCENE_CONTRAST_PROBE_PROGRESS shard=3 step=32 condition=correct_state row=123 ordinal=2/20
SCENE_CONTRAST_PROBE_PROGRESS shard=3 step=32 condition=matched_donor_state row=123 ordinal=2/20
SCENE_CONTRAST_PROBE_PROGRESS shard=3 step=32 condition=zero_state row=123 ordinal=2/20
SCENE_CONTRAST_PROBE_PROGRESS shard=3 step=32 condition=correct_state row=199 ordinal=3/20
SCENE_CONTRAST_PROBE_PROGRESS shard=3 step=32 condition=matched_donor_state row=199 ordinal=3/20
SCENE_CONTRAST_PROBE_PROGRESS shard=3 step=32 condition=zero_state row=199 ordinal=3/20
SCENE_CONTRAST_PROBE_PROGRESS shard=3 step=32 condition=correct_state row=319 ordinal=4/20
SCENE_CONTRAST_PROBE_PROGRESS shard=3 step=32 condition=matched_donor_state row=319 ordinal=4/20
SCENE_CONTRAST_PROBE_PROGRESS shard=3 step=32 condition=zero_state row=319 ordinal=4/20
SCENE_CONTRAST_PROBE_PROGRESS shard=3 step=32 condition=correct_state row=31 ordinal=5/20
SCENE_CONTRAST_PROBE_PROGRESS shard=3 step=32 condition=matched_donor_state row=31 ordinal=5/20
SCENE_CONTRAST_PROBE_PROGRESS shard=3 step=32 condition=zero_state row=31 ordinal=5/20
SCENE_CONTRAST_PROBE_PROGRESS shard=3 step=32 condition=correct_state row=23 ordinal=6/20
SCENE_CONTRAST_PROBE_PROGRESS shard=3 step=32 condition=matched_donor_state row=23 ordinal=6/20
SCENE_CONTRAST_PROBE_PROGRESS shard=3 step=32 condition=zero_state row=23 ordinal=6/20
SCENE_CONTRAST_PROBE_PROGRESS shard=3 step=32 condition=correct_state row=295 ordinal=7/20
SCENE_CONTRAST_PROBE_PROGRESS shard=3 step=32 condition=matched_donor_state row=295 ordinal=7/20
SCENE_CONTRAST_PROBE_PROGRESS shard=3 step=32 condition=zero_state row=295 ordinal=7/20
SCENE_CONTRAST_PROBE_PROGRESS shard=3 step=32 condition=correct_state row=147 ordinal=8/20
SCENE_CONTRAST_PROBE_PROGRESS shard=3 step=32 condition=matched_donor_state row=147 ordinal=8/20
SCENE_CONTRAST_PROBE_PROGRESS shard=3 step=32 condition=zero_state row=147 ordinal=8/20
SCENE_CONTRAST_PROBE_PROGRESS shard=3 step=32 condition=correct_state row=275 ordinal=9/20
SCENE_CONTRAST_PROBE_PROGRESS shard=3 step=32 condition=matched_donor_state row=275 ordinal=9/20
SCENE_CONTRAST_PROBE_PROGRESS shard=3 step=32 condition=zero_state row=275 ordinal=9/20
SCENE_CONTRAST_PROBE_PROGRESS shard=3 step=32 condition=correct_state row=75 ordinal=10/20
SCENE_CONTRAST_PROBE_PROGRESS shard=3 step=32 condition=matched_donor_state row=75 ordinal=10/20
SCENE_CONTRAST_PROBE_PROGRESS shard=3 step=32 condition=zero_state row=75 ordinal=10/20
SCENE_CONTRAST_PROBE_PROGRESS shard=3 step=32 condition=correct_state row=55 ordinal=11/20
SCENE_CONTRAST_PROBE_PROGRESS shard=3 step=32 condition=matched_donor_state row=55 ordinal=11/20
SCENE_CONTRAST_PROBE_PROGRESS shard=3 step=32 condition=zero_state row=55 ordinal=11/20
SCENE_CONTRAST_PROBE_PROGRESS shard=3 step=32 condition=correct_state row=307 ordinal=12/20
SCENE_CONTRAST_PROBE_PROGRESS shard=3 step=32 condition=matched_donor_state row=307 ordinal=12/20
SCENE_CONTRAST_PROBE_PROGRESS shard=3 step=32 condition=zero_state row=307 ordinal=12/20
SCENE_CONTRAST_PROBE_PROGRESS shard=3 step=32 condition=correct_state row=131 ordinal=13/20
SCENE_CONTRAST_PROBE_PROGRESS shard=3 step=32 condition=matched_donor_state row=131 ordinal=13/20
SCENE_CONTRAST_PROBE_PROGRESS shard=3 step=32 condition=zero_state row=131 ordinal=13/20
SCENE_CONTRAST_PROBE_PROGRESS shard=3 step=32 condition=correct_state row=67 ordinal=14/20
SCENE_CONTRAST_PROBE_PROGRESS shard=3 step=32 condition=matched_donor_state row=67 ordinal=14/20
SCENE_CONTRAST_PROBE_PROGRESS shard=3 step=32 condition=zero_state row=67 ordinal=14/20
SCENE_CONTRAST_PROBE_PROGRESS shard=3 step=32 condition=correct_state row=143 ordinal=15/20
SCENE_CONTRAST_PROBE_PROGRESS shard=3 step=32 condition=matched_donor_state row=143 ordinal=15/20
SCENE_CONTRAST_PROBE_PROGRESS shard=3 step=32 condition=zero_state row=143 ordinal=15/20
SCENE_CONTRAST_PROBE_PROGRESS shard=3 step=32 condition=correct_state row=343 ordinal=16/20
SCENE_CONTRAST_PROBE_PROGRESS shard=3 step=32 condition=matched_donor_state row=343 ordinal=16/20
SCENE_CONTRAST_PROBE_PROGRESS shard=3 step=32 condition=zero_state row=343 ordinal=16/20
SCENE_CONTRAST_PROBE_PROGRESS shard=3 step=32 condition=correct_state row=267 ordinal=17/20
SCENE_CONTRAST_PROBE_PROGRESS shard=3 step=32 condition=matched_donor_state row=267 ordinal=17/20
SCENE_CONTRAST_PROBE_PROGRESS shard=3 step=32 condition=zero_state row=267 ordinal=17/20
SCENE_CONTRAST_PROBE_PROGRESS shard=3 step=32 condition=correct_state row=43 ordinal=18/20
SCENE_CONTRAST_PROBE_PROGRESS shard=3 step=32 condition=matched_donor_state row=43 ordinal=18/20
SCENE_CONTRAST_PROBE_PROGRESS shard=3 step=32 condition=zero_state row=43 ordinal=18/20
SCENE_CONTRAST_PROBE_PROGRESS shard=3 step=32 condition=correct_state row=203 ordinal=19/20
SCENE_CONTRAST_PROBE_PROGRESS shard=3 step=32 condition=matched_donor_state row=203 ordinal=19/20
SCENE_CONTRAST_PROBE_PROGRESS shard=3 step=32 condition=zero_state row=203 ordinal=19/20
SCENE_CONTRAST_PROBE_PROGRESS shard=3 step=32 condition=correct_state row=179 ordinal=20/20
SCENE_CONTRAST_PROBE_PROGRESS shard=3 step=32 condition=matched_donor_state row=179 ordinal=20/20
SCENE_CONTRAST_PROBE_PROGRESS shard=3 step=32 condition=zero_state row=179 ordinal=20/20
SCENE_CONTRAST_PROBE_SHARD_COMPLETE shard=3
