W0902 12:49:16.781000 625129 site-packages/torch/distributed/run.py:792] 
W0902 12:49:16.781000 625129 site-packages/torch/distributed/run.py:792] *****************************************
W0902 12:49:16.781000 625129 site-packages/torch/distributed/run.py:792] Setting OMP_NUM_THREADS environment variable for each process to be 1 in default, to avoid your system being overloaded, please further tune the variable for optimal performance in your application as needed. 
W0902 12:49:16.781000 625129 site-packages/torch/distributed/run.py:792] *****************************************
Loading weights:   0%|          | 0/2076 [00:00<?, ?it/s]Loading weights:  25%|██▌       | 526/2076 [00:00<00:00, 5250.89it/s]Loading weights:   0%|          | 0/2076 [00:00<?, ?it/s]Loading weights:  23%|██▎       | 484/2076 [00:00<00:00, 4833.42it/s]Loading weights:  51%|█████     | 1052/2076 [00:00<00:00, 3524.46it/s]Loading weights:  47%|████▋     | 968/2076 [00:00<00:00, 3759.46it/s]Loading weights:  98%|█████████▊| 2027/2076 [00:00<00:00, 5766.29it/s]Loading weights: 100%|██████████| 2076/2076 [00:00<00:00, 5327.00it/s]
Loading weights:   0%|          | 0/2076 [00:00<?, ?it/s]Loading weights:  85%|████████▌ | 1771/2076 [00:00<00:00, 5443.81it/s]Loading weights: 100%|██████████| 2076/2076 [00:00<00:00, 5415.00it/s]
Loading weights:  23%|██▎       | 484/2076 [00:00<00:00, 4831.28it/s]Loading weights:  47%|████▋     | 968/2076 [00:00<00:00, 3433.70it/s]Loading weights:  95%|█████████▍| 1966/2076 [00:00<00:00, 5877.91it/s]Loading weights: 100%|██████████| 2076/2076 [00:00<00:00, 5425.66it/s]
Loading weights:   0%|          | 0/2076 [00:00<?, ?it/s]Loading weights:  23%|██▎       | 476/2076 [00:00<00:00, 4754.70it/s]Loading weights:  46%|████▌     | 952/2076 [00:00<00:00, 3320.19it/s]Loading weights:  94%|█████████▍| 1947/2076 [00:00<00:00, 5768.55it/s]Loading weights: 100%|██████████| 2076/2076 [00:00<00:00, 5341.13it/s]
/root/anaconda3/envs/rwkv_py312/lib/python3.12/site-packages/torch/utils/cpp_extension.py:2059: UserWarning: TORCH_CUDA_ARCH_LIST is not set, all archs for visible cards are included for compilation. 
If this is not desired, please set os.environ['TORCH_CUDA_ARCH_LIST'].
  warnings.warn(
{"active": {"layer_permuted_recurrent_state": 8, "matched_donor_recurrent_state": 8, "slot_shuffled_recurrent_state": 8, "zero_recurrent_state": 8}, "correct_ce": 2.348658, "margins": {"layer_permuted_recurrent_state": -0.004285, "matched_donor_recurrent_state": 0.023551, "slot_shuffled_recurrent_state": 0.011974, "zero_recurrent_state": 0.013094}, "step": 1}
{"active": {"layer_permuted_recurrent_state": 8, "matched_donor_recurrent_state": 8, "slot_shuffled_recurrent_state": 8, "zero_recurrent_state": 8}, "correct_ce": 2.057752, "margins": {"layer_permuted_recurrent_state": 0.011559, "matched_donor_recurrent_state": 0.005207, "slot_shuffled_recurrent_state": 0.006698, "zero_recurrent_state": 0.018661}, "step": 2}
{"active": {"layer_permuted_recurrent_state": 8, "matched_donor_recurrent_state": 8, "slot_shuffled_recurrent_state": 8, "zero_recurrent_state": 8}, "correct_ce": 2.871968, "margins": {"layer_permuted_recurrent_state": 0.017684, "matched_donor_recurrent_state": 0.004909, "slot_shuffled_recurrent_state": 0.016189, "zero_recurrent_state": 0.023768}, "step": 3}
[rank0]: Traceback (most recent call last):
[rank0]:   File "/root/x/Multi-state-RWKV-online-memory/experiments/rethinking_rwkv_ms_gemma/run_natural_memory_native_rwkv_direct_ple_causal_train.py", line 811, in <module>
[rank0]:     raise SystemExit(main())
[rank0]:                      ^^^^^^
[rank0]:   File "/root/x/Multi-state-RWKV-online-memory/experiments/rethinking_rwkv_ms_gemma/run_natural_memory_native_rwkv_direct_ple_causal_train.py", line 786, in main
[rank0]:     result = trainer.run(
[rank0]:              ^^^^^^^^^^^^
[rank0]:   File "/root/x/Multi-state-RWKV-online-memory/experiments/rethinking_rwkv_ms_gemma/run_natural_memory_native_recurrent_routed_posttrain.py", line 1097, in run
[rank0]:     training = train(
[rank0]:                ^^^^^^
[rank0]:   File "/root/x/Multi-state-RWKV-online-memory/experiments/rethinking_rwkv_ms_gemma/run_natural_memory_native_rwkv_direct_ple_causal_train.py", line 739, in train_with_audit
[rank0]:     return previous_train(*args, **kwargs)
[rank0]:            ^^^^^^^^^^^^^^^^^^^^^^^^^^^^^^^
[rank0]:   File "/root/x/Multi-state-RWKV-online-memory/experiments/rethinking_rwkv_ms_gemma/run_natural_memory_native_recurrent_routed_posttrain.py", line 652, in train
[rank0]:     control_tokens, control_chunks, backward_audit = backward_condition(
[rank0]:                                                      ^^^^^^^^^^^^^^^^^^^
[rank0]:   File "/root/x/Multi-state-RWKV-online-memory/experiments/rethinking_rwkv_ms_gemma/run_natural_memory_native_recurrent_routed_posttrain.py", line 207, in backward_condition
[rank0]:     tokens, chunks = backward_logits(
[rank0]:                      ^^^^^^^^^^^^^^^^
[rank0]:   File "/root/x/Multi-state-RWKV-online-memory/experiments/rethinking_rwkv_ms_gemma/run_natural_memory_native_recurrent_routed_posttrain.py", line 140, in backward_logits
[rank0]:     scaled.backward()
[rank0]:   File "/root/anaconda3/envs/rwkv_py312/lib/python3.12/site-packages/torch/_tensor.py", line 626, in backward
[rank0]:     torch.autograd.backward(
[rank0]:   File "/root/anaconda3/envs/rwkv_py312/lib/python3.12/site-packages/torch/autograd/__init__.py", line 347, in backward
[rank0]:     _engine_run_backward(
[rank0]:   File "/root/anaconda3/envs/rwkv_py312/lib/python3.12/site-packages/torch/autograd/graph.py", line 823, in _engine_run_backward
[rank0]:     return Variable._execution_engine.run_backward(  # Calls into the C++ engine to run the backward pass
[rank0]:            ^^^^^^^^^^^^^^^^^^^^^^^^^^^^^^^^^^^^^^^^^^^^^^^^^^^^^^^^^^^^^^^^^^^^^^^^^^^^^^^^^^^^^^^^^^^^^^
[rank0]:   File "/root/anaconda3/envs/rwkv_py312/lib/python3.12/site-packages/torch/utils/checkpoint.py", line 1125, in unpack_hook
[rank0]:     frame.recompute_fn(*args)
[rank0]:   File "/root/anaconda3/envs/rwkv_py312/lib/python3.12/site-packages/torch/utils/checkpoint.py", line 1519, in recompute_fn
[rank0]:     fn(*args, **kwargs)
[rank0]:   File "/root/x/Multi-state-RWKV-online-memory/experiments/rethinking_rwkv_ms_gemma/recurrent_routed_posttrain_common.py", line 809, in write_read
[rank0]:     logits, branch_audit = direct_condition_logits(
[rank0]:                            ^^^^^^^^^^^^^^^^^^^^^^^^
[rank0]:   File "/root/x/Multi-state-RWKV-online-memory/experiments/rethinking_rwkv_ms_gemma/recurrent_routed_posttrain_common.py", line 765, in direct_condition_logits
[rank0]:     logits = evolution._native_read(model, target, dtype=dtype)
[rank0]:              ^^^^^^^^^^^^^^^^^^^^^^^^^^^^^^^^^^^^^^^^^^^^^^^^^^
[rank0]:   File "/root/x/Multi-state-RWKV-online-memory/experiments/rethinking_rwkv_ms_gemma/run_natural_memory_native_evolution.py", line 662, in _native_read
[rank0]:     outputs = model(
[rank0]:               ^^^^^^
[rank0]:   File "/root/anaconda3/envs/rwkv_py312/lib/python3.12/site-packages/torch/nn/modules/module.py", line 1739, in _wrapped_call_impl
[rank0]:     return self._call_impl(*args, **kwargs)
[rank0]:            ^^^^^^^^^^^^^^^^^^^^^^^^^^^^^^^^
[rank0]:   File "/root/anaconda3/envs/rwkv_py312/lib/python3.12/site-packages/torch/nn/modules/module.py", line 1750, in _call_impl
[rank0]:     return forward_call(*args, **kwargs)
[rank0]:            ^^^^^^^^^^^^^^^^^^^^^^^^^^^^^
[rank0]:   File "/root/anaconda3/envs/rwkv_py312/lib/python3.12/site-packages/transformers/utils/generic.py", line 939, in wrapper
[rank0]:     output = func(self, *args, **kwargs)
[rank0]:              ^^^^^^^^^^^^^^^^^^^^^^^^^^^
[rank0]:   File "/root/anaconda3/envs/rwkv_py312/lib/python3.12/site-packages/transformers/models/gemma4/modeling_gemma4.py", line 2563, in forward
[rank0]:     outputs = self.model(
[rank0]:               ^^^^^^^^^^^
[rank0]:   File "/root/anaconda3/envs/rwkv_py312/lib/python3.12/site-packages/torch/nn/modules/module.py", line 1739, in _wrapped_call_impl
[rank0]:     return self._call_impl(*args, **kwargs)
[rank0]:            ^^^^^^^^^^^^^^^^^^^^^^^^^^^^^^^^
[rank0]:   File "/root/anaconda3/envs/rwkv_py312/lib/python3.12/site-packages/torch/nn/modules/module.py", line 1750, in _call_impl
[rank0]:     return forward_call(*args, **kwargs)
[rank0]:            ^^^^^^^^^^^^^^^^^^^^^^^^^^^^^
[rank0]:   File "/root/anaconda3/envs/rwkv_py312/lib/python3.12/site-packages/transformers/utils/generic.py", line 1068, in wrapper
[rank0]:     output = func(self, *args, **kwargs)
[rank0]:              ^^^^^^^^^^^^^^^^^^^^^^^^^^^
[rank0]:   File "/root/anaconda3/envs/rwkv_py312/lib/python3.12/site-packages/transformers/utils/generic.py", line 939, in wrapper
[rank0]:     output = func(self, *args, **kwargs)
[rank0]:              ^^^^^^^^^^^^^^^^^^^^^^^^^^^
[rank0]:   File "/root/anaconda3/envs/rwkv_py312/lib/python3.12/site-packages/transformers/models/gemma4/modeling_gemma4.py", line 2411, in forward
[rank0]:     outputs = self.language_model(
[rank0]:               ^^^^^^^^^^^^^^^^^^^^
[rank0]:   File "/root/anaconda3/envs/rwkv_py312/lib/python3.12/site-packages/torch/nn/modules/module.py", line 1739, in _wrapped_call_impl
[rank0]:     return self._call_impl(*args, **kwargs)
[rank0]:            ^^^^^^^^^^^^^^^^^^^^^^^^^^^^^^^^
[rank0]:   File "/root/anaconda3/envs/rwkv_py312/lib/python3.12/site-packages/torch/nn/modules/module.py", line 1750, in _call_impl
[rank0]:     return forward_call(*args, **kwargs)
[rank0]:            ^^^^^^^^^^^^^^^^^^^^^^^^^^^^^
[rank0]:   File "/root/anaconda3/envs/rwkv_py312/lib/python3.12/site-packages/transformers/utils/generic.py", line 1068, in wrapper
[rank0]:     output = func(self, *args, **kwargs)
[rank0]:              ^^^^^^^^^^^^^^^^^^^^^^^^^^^
[rank0]:   File "/root/anaconda3/envs/rwkv_py312/lib/python3.12/site-packages/transformers/utils/output_capturing.py", line 262, in wrapper
[rank0]:     outputs = func(self, *args, **kwargs)
[rank0]:               ^^^^^^^^^^^^^^^^^^^^^^^^^^^
[rank0]:   File "/root/anaconda3/envs/rwkv_py312/lib/python3.12/site-packages/transformers/models/gemma4/modeling_gemma4.py", line 1705, in forward
[rank0]:     hidden_states = decoder_layer(
[rank0]:                     ^^^^^^^^^^^^^^
[rank0]:   File "/root/anaconda3/envs/rwkv_py312/lib/python3.12/site-packages/transformers/modeling_layers.py", line 114, in __call__
[rank0]:     return super().__call__(*args, **kwargs)
[rank0]:            ^^^^^^^^^^^^^^^^^^^^^^^^^^^^^^^^^
[rank0]:   File "/root/anaconda3/envs/rwkv_py312/lib/python3.12/site-packages/torch/nn/modules/module.py", line 1739, in _wrapped_call_impl
[rank0]:     return self._call_impl(*args, **kwargs)
[rank0]:            ^^^^^^^^^^^^^^^^^^^^^^^^^^^^^^^^
[rank0]:   File "/root/anaconda3/envs/rwkv_py312/lib/python3.12/site-packages/torch/nn/modules/module.py", line 1750, in _call_impl
[rank0]:     return forward_call(*args, **kwargs)
[rank0]:            ^^^^^^^^^^^^^^^^^^^^^^^^^^^^^
[rank0]:   File "/root/anaconda3/envs/rwkv_py312/lib/python3.12/site-packages/transformers/models/gemma4/modeling_gemma4.py", line 1402, in forward
[rank0]:     hidden_states, _ = self.self_attn(
[rank0]:                        ^^^^^^^^^^^^^^^
[rank0]:   File "/root/anaconda3/envs/rwkv_py312/lib/python3.12/site-packages/torch/nn/modules/module.py", line 1739, in _wrapped_call_impl
[rank0]:     return self._call_impl(*args, **kwargs)
[rank0]:            ^^^^^^^^^^^^^^^^^^^^^^^^^^^^^^^^
[rank0]:   File "/root/anaconda3/envs/rwkv_py312/lib/python3.12/site-packages/torch/nn/modules/module.py", line 1750, in _call_impl
[rank0]:     return forward_call(*args, **kwargs)
[rank0]:            ^^^^^^^^^^^^^^^^^^^^^^^^^^^^^
[rank0]:   File "/root/x/Multi-state-RWKV-online-memory/deltamem/core/delta_impl.py", line 6954, in forward
[rank0]:     return self._forward_gemma4_shared_kv_attention(
[rank0]:            ^^^^^^^^^^^^^^^^^^^^^^^^^^^^^^^^^^^^^^^^^
[rank0]:   File "/root/x/Multi-state-RWKV-online-memory/deltamem/core/delta_impl.py", line 2365, in _forward_gemma4_shared_kv_attention
[rank0]:     attn_output, attn_weights = attention_interface(
[rank0]:                                 ^^^^^^^^^^^^^^^^^^^^
[rank0]:   File "/root/anaconda3/envs/rwkv_py312/lib/python3.12/site-packages/transformers/integrations/sdpa_attention.py", line 158, in sdpa_attention_forward
[rank0]:     attn_output = torch.nn.functional.scaled_dot_product_attention(
[rank0]:                   ^^^^^^^^^^^^^^^^^^^^^^^^^^^^^^^^^^^^^^^^^^^^^^^^^
[rank0]: torch.OutOfMemoryError: CUDA out of memory. Tried to allocate 42.00 MiB. GPU 0 has a total capacity of 39.49 GiB of which 25.38 MiB is free. Including non-PyTorch memory, this process has 39.46 GiB memory in use. Of the allocated memory 38.73 GiB is allocated by PyTorch, and 85.40 MiB is reserved by PyTorch but unallocated. If reserved but unallocated memory is large try setting PYTORCH_CUDA_ALLOC_CONF=expandable_segments:True to avoid fragmentation.  See documentation for Memory Management  (https://pytorch.org/docs/stable/notes/cuda.html#environment-variables)
W0902 13:36:09.242000 625129 site-packages/torch/distributed/elastic/multiprocessing/api.py:897] Sending process 625323 closing signal SIGTERM
W0902 13:36:09.244000 625129 site-packages/torch/distributed/elastic/multiprocessing/api.py:897] Sending process 625324 closing signal SIGTERM
W0902 13:36:09.245000 625129 site-packages/torch/distributed/elastic/multiprocessing/api.py:897] Sending process 625325 closing signal SIGTERM
E0902 13:36:15.495000 625129 site-packages/torch/distributed/elastic/multiprocessing/api.py:869] failed (exitcode: 1) local_rank: 0 (pid: 625322) of binary: /root/anaconda3/envs/rwkv_py312/bin/python3.12
Traceback (most recent call last):
  File "/root/anaconda3/envs/rwkv_py312/bin/torchrun", line 6, in <module>
    sys.exit(main())
             ^^^^^^
  File "/root/anaconda3/envs/rwkv_py312/lib/python3.12/site-packages/torch/distributed/elastic/multiprocessing/errors/__init__.py", line 355, in wrapper
    return f(*args, **kwargs)
           ^^^^^^^^^^^^^^^^^^
  File "/root/anaconda3/envs/rwkv_py312/lib/python3.12/site-packages/torch/distributed/run.py", line 918, in main
    run(args)
  File "/root/anaconda3/envs/rwkv_py312/lib/python3.12/site-packages/torch/distributed/run.py", line 909, in run
    elastic_launch(
  File "/root/anaconda3/envs/rwkv_py312/lib/python3.12/site-packages/torch/distributed/launcher/api.py", line 138, in __call__
    return launch_agent(self._config, self._entrypoint, list(args))
           ^^^^^^^^^^^^^^^^^^^^^^^^^^^^^^^^^^^^^^^^^^^^^^^^^^^^^^^^
  File "/root/anaconda3/envs/rwkv_py312/lib/python3.12/site-packages/torch/distributed/launcher/api.py", line 269, in launch_agent
    raise ChildFailedError(
torch.distributed.elastic.multiprocessing.errors.ChildFailedError: 
============================================================
experiments/rethinking_rwkv_ms_gemma/run_natural_memory_native_rwkv_direct_ple_causal_train.py FAILED
------------------------------------------------------------
Failures:
  <NO_OTHER_FAILURES>
------------------------------------------------------------
Root Cause (first observed failure):
[0]:
  time      : 2026-09-02_13:36:09
  host      : bms-rwkv-0001
  rank      : 0 (local_rank: 0)
  exitcode  : 1 (pid: 625322)
  error_file: <N/A>
  traceback : To enable traceback see: https://pytorch.org/docs/stable/elastic/errors.html
============================================================
