Loading weights:   0%|          | 0/2076 [00:00<?, ?it/s]Loading weights:  14%|█▍        | 286/2076 [00:00<00:00, 2858.00it/s]Loading weights:  28%|██▊       | 572/2076 [00:00<00:00, 2534.47it/s]Loading weights:  40%|███▉      | 828/2076 [00:02<00:04, 277.45it/s] Loading weights:  47%|████▋     | 973/2076 [00:02<00:03, 292.78it/s]Loading weights:  52%|█████▏    | 1075/2076 [00:02<00:03, 301.03it/s]Loading weights:  56%|█████▌    | 1153/2076 [00:03<00:03, 306.39it/s]Loading weights:  59%|█████▊    | 1216/2076 [00:03<00:02, 311.98it/s]Loading weights:  61%|██████    | 1269/2076 [00:03<00:02, 309.00it/s]Loading weights:  63%|██████▎   | 1315/2076 [00:03<00:02, 311.33it/s]Loading weights:  65%|██████▌   | 1357/2076 [00:03<00:02, 308.48it/s]Loading weights:  67%|██████▋   | 1395/2076 [00:03<00:02, 301.51it/s]Loading weights:  72%|███████▏  | 1497/2076 [00:04<00:01, 431.35it/s]Loading weights:  85%|████████▌ | 1769/2076 [00:04<00:00, 900.69it/s]Loading weights:  98%|█████████▊| 2031/2076 [00:04<00:00, 1289.35it/s]Loading weights: 100%|██████████| 2076/2076 [00:04<00:00, 482.68it/s] 
[transformers] The following generation flags are not valid and may be ignored: ['top_p', 'top_k']. Set `TRANSFORMERS_VERBOSITY=info` for more details.
SCENE_CONTRAST_PROBE_PROGRESS shard=2 step=8 condition=correct_state row=114 ordinal=1/18
SCENE_CONTRAST_PROBE_PROGRESS shard=2 step=8 condition=matched_donor_state row=114 ordinal=1/18
SCENE_CONTRAST_PROBE_PROGRESS shard=2 step=8 condition=zero_state row=114 ordinal=1/18
SCENE_CONTRAST_PROBE_PROGRESS shard=2 step=8 condition=correct_state row=314 ordinal=2/18
SCENE_CONTRAST_PROBE_PROGRESS shard=2 step=8 condition=matched_donor_state row=314 ordinal=2/18
SCENE_CONTRAST_PROBE_PROGRESS shard=2 step=8 condition=zero_state row=314 ordinal=2/18
SCENE_CONTRAST_PROBE_PROGRESS shard=2 step=8 condition=correct_state row=38 ordinal=3/18
SCENE_CONTRAST_PROBE_PROGRESS shard=2 step=8 condition=matched_donor_state row=38 ordinal=3/18
SCENE_CONTRAST_PROBE_PROGRESS shard=2 step=8 condition=zero_state row=38 ordinal=3/18
SCENE_CONTRAST_PROBE_PROGRESS shard=2 step=8 condition=correct_state row=342 ordinal=4/18
SCENE_CONTRAST_PROBE_PROGRESS shard=2 step=8 condition=matched_donor_state row=342 ordinal=4/18
SCENE_CONTRAST_PROBE_PROGRESS shard=2 step=8 condition=zero_state row=342 ordinal=4/18
SCENE_CONTRAST_PROBE_PROGRESS shard=2 step=8 condition=correct_state row=222 ordinal=5/18
SCENE_CONTRAST_PROBE_PROGRESS shard=2 step=8 condition=matched_donor_state row=222 ordinal=5/18
SCENE_CONTRAST_PROBE_PROGRESS shard=2 step=8 condition=zero_state row=222 ordinal=5/18
SCENE_CONTRAST_PROBE_PROGRESS shard=2 step=8 condition=correct_state row=306 ordinal=6/18
SCENE_CONTRAST_PROBE_PROGRESS shard=2 step=8 condition=matched_donor_state row=306 ordinal=6/18
SCENE_CONTRAST_PROBE_PROGRESS shard=2 step=8 condition=zero_state row=306 ordinal=6/18
SCENE_CONTRAST_PROBE_PROGRESS shard=2 step=8 condition=correct_state row=54 ordinal=7/18
SCENE_CONTRAST_PROBE_PROGRESS shard=2 step=8 condition=matched_donor_state row=54 ordinal=7/18
SCENE_CONTRAST_PROBE_PROGRESS shard=2 step=8 condition=zero_state row=54 ordinal=7/18
SCENE_CONTRAST_PROBE_PROGRESS shard=2 step=8 condition=correct_state row=198 ordinal=8/18
SCENE_CONTRAST_PROBE_PROGRESS shard=2 step=8 condition=matched_donor_state row=198 ordinal=8/18
SCENE_CONTRAST_PROBE_PROGRESS shard=2 step=8 condition=zero_state row=198 ordinal=8/18
SCENE_CONTRAST_PROBE_PROGRESS shard=2 step=8 condition=correct_state row=142 ordinal=9/18
SCENE_CONTRAST_PROBE_PROGRESS shard=2 step=8 condition=matched_donor_state row=142 ordinal=9/18
SCENE_CONTRAST_PROBE_PROGRESS shard=2 step=8 condition=zero_state row=142 ordinal=9/18
SCENE_CONTRAST_PROBE_PROGRESS shard=2 step=8 condition=correct_state row=146 ordinal=10/18
SCENE_CONTRAST_PROBE_PROGRESS shard=2 step=8 condition=matched_donor_state row=146 ordinal=10/18
SCENE_CONTRAST_PROBE_PROGRESS shard=2 step=8 condition=zero_state row=146 ordinal=10/18
SCENE_CONTRAST_PROBE_PROGRESS shard=2 step=8 condition=correct_state row=170 ordinal=11/18
SCENE_CONTRAST_PROBE_PROGRESS shard=2 step=8 condition=matched_donor_state row=170 ordinal=11/18
SCENE_CONTRAST_PROBE_PROGRESS shard=2 step=8 condition=zero_state row=170 ordinal=11/18
SCENE_CONTRAST_PROBE_PROGRESS shard=2 step=8 condition=correct_state row=174 ordinal=12/18
SCENE_CONTRAST_PROBE_PROGRESS shard=2 step=8 condition=matched_donor_state row=174 ordinal=12/18
SCENE_CONTRAST_PROBE_PROGRESS shard=2 step=8 condition=zero_state row=174 ordinal=12/18
SCENE_CONTRAST_PROBE_PROGRESS shard=2 step=8 condition=correct_state row=86 ordinal=13/18
SCENE_CONTRAST_PROBE_PROGRESS shard=2 step=8 condition=matched_donor_state row=86 ordinal=13/18
SCENE_CONTRAST_PROBE_PROGRESS shard=2 step=8 condition=zero_state row=86 ordinal=13/18
SCENE_CONTRAST_PROBE_PROGRESS shard=2 step=8 condition=correct_state row=22 ordinal=14/18
SCENE_CONTRAST_PROBE_PROGRESS shard=2 step=8 condition=matched_donor_state row=22 ordinal=14/18
SCENE_CONTRAST_PROBE_PROGRESS shard=2 step=8 condition=zero_state row=22 ordinal=14/18
SCENE_CONTRAST_PROBE_PROGRESS shard=2 step=8 condition=correct_state row=6 ordinal=15/18
SCENE_CONTRAST_PROBE_PROGRESS shard=2 step=8 condition=matched_donor_state row=6 ordinal=15/18
SCENE_CONTRAST_PROBE_PROGRESS shard=2 step=8 condition=zero_state row=6 ordinal=15/18
SCENE_CONTRAST_PROBE_PROGRESS shard=2 step=8 condition=correct_state row=118 ordinal=16/18
SCENE_CONTRAST_PROBE_PROGRESS shard=2 step=8 condition=matched_donor_state row=118 ordinal=16/18
SCENE_CONTRAST_PROBE_PROGRESS shard=2 step=8 condition=zero_state row=118 ordinal=16/18
SCENE_CONTRAST_PROBE_PROGRESS shard=2 step=8 condition=correct_state row=186 ordinal=17/18
SCENE_CONTRAST_PROBE_PROGRESS shard=2 step=8 condition=matched_donor_state row=186 ordinal=17/18
SCENE_CONTRAST_PROBE_PROGRESS shard=2 step=8 condition=zero_state row=186 ordinal=17/18
SCENE_CONTRAST_PROBE_PROGRESS shard=2 step=8 condition=correct_state row=226 ordinal=18/18
SCENE_CONTRAST_PROBE_PROGRESS shard=2 step=8 condition=matched_donor_state row=226 ordinal=18/18
SCENE_CONTRAST_PROBE_PROGRESS shard=2 step=8 condition=zero_state row=226 ordinal=18/18
SCENE_CONTRAST_PROBE_PROGRESS shard=2 step=16 condition=correct_state row=114 ordinal=1/18
SCENE_CONTRAST_PROBE_PROGRESS shard=2 step=16 condition=matched_donor_state row=114 ordinal=1/18
SCENE_CONTRAST_PROBE_PROGRESS shard=2 step=16 condition=zero_state row=114 ordinal=1/18
SCENE_CONTRAST_PROBE_PROGRESS shard=2 step=16 condition=correct_state row=314 ordinal=2/18
SCENE_CONTRAST_PROBE_PROGRESS shard=2 step=16 condition=matched_donor_state row=314 ordinal=2/18
SCENE_CONTRAST_PROBE_PROGRESS shard=2 step=16 condition=zero_state row=314 ordinal=2/18
SCENE_CONTRAST_PROBE_PROGRESS shard=2 step=16 condition=correct_state row=38 ordinal=3/18
SCENE_CONTRAST_PROBE_PROGRESS shard=2 step=16 condition=matched_donor_state row=38 ordinal=3/18
SCENE_CONTRAST_PROBE_PROGRESS shard=2 step=16 condition=zero_state row=38 ordinal=3/18
SCENE_CONTRAST_PROBE_PROGRESS shard=2 step=16 condition=correct_state row=342 ordinal=4/18
SCENE_CONTRAST_PROBE_PROGRESS shard=2 step=16 condition=matched_donor_state row=342 ordinal=4/18
SCENE_CONTRAST_PROBE_PROGRESS shard=2 step=16 condition=zero_state row=342 ordinal=4/18
SCENE_CONTRAST_PROBE_PROGRESS shard=2 step=16 condition=correct_state row=222 ordinal=5/18
SCENE_CONTRAST_PROBE_PROGRESS shard=2 step=16 condition=matched_donor_state row=222 ordinal=5/18
SCENE_CONTRAST_PROBE_PROGRESS shard=2 step=16 condition=zero_state row=222 ordinal=5/18
SCENE_CONTRAST_PROBE_PROGRESS shard=2 step=16 condition=correct_state row=306 ordinal=6/18
SCENE_CONTRAST_PROBE_PROGRESS shard=2 step=16 condition=matched_donor_state row=306 ordinal=6/18
SCENE_CONTRAST_PROBE_PROGRESS shard=2 step=16 condition=zero_state row=306 ordinal=6/18
SCENE_CONTRAST_PROBE_PROGRESS shard=2 step=16 condition=correct_state row=54 ordinal=7/18
SCENE_CONTRAST_PROBE_PROGRESS shard=2 step=16 condition=matched_donor_state row=54 ordinal=7/18
SCENE_CONTRAST_PROBE_PROGRESS shard=2 step=16 condition=zero_state row=54 ordinal=7/18
SCENE_CONTRAST_PROBE_PROGRESS shard=2 step=16 condition=correct_state row=198 ordinal=8/18
SCENE_CONTRAST_PROBE_PROGRESS shard=2 step=16 condition=matched_donor_state row=198 ordinal=8/18
SCENE_CONTRAST_PROBE_PROGRESS shard=2 step=16 condition=zero_state row=198 ordinal=8/18
SCENE_CONTRAST_PROBE_PROGRESS shard=2 step=16 condition=correct_state row=142 ordinal=9/18
SCENE_CONTRAST_PROBE_PROGRESS shard=2 step=16 condition=matched_donor_state row=142 ordinal=9/18
SCENE_CONTRAST_PROBE_PROGRESS shard=2 step=16 condition=zero_state row=142 ordinal=9/18
SCENE_CONTRAST_PROBE_PROGRESS shard=2 step=16 condition=correct_state row=146 ordinal=10/18
SCENE_CONTRAST_PROBE_PROGRESS shard=2 step=16 condition=matched_donor_state row=146 ordinal=10/18
SCENE_CONTRAST_PROBE_PROGRESS shard=2 step=16 condition=zero_state row=146 ordinal=10/18
SCENE_CONTRAST_PROBE_PROGRESS shard=2 step=16 condition=correct_state row=170 ordinal=11/18
SCENE_CONTRAST_PROBE_PROGRESS shard=2 step=16 condition=matched_donor_state row=170 ordinal=11/18
SCENE_CONTRAST_PROBE_PROGRESS shard=2 step=16 condition=zero_state row=170 ordinal=11/18
SCENE_CONTRAST_PROBE_PROGRESS shard=2 step=16 condition=correct_state row=174 ordinal=12/18
SCENE_CONTRAST_PROBE_PROGRESS shard=2 step=16 condition=matched_donor_state row=174 ordinal=12/18
SCENE_CONTRAST_PROBE_PROGRESS shard=2 step=16 condition=zero_state row=174 ordinal=12/18
SCENE_CONTRAST_PROBE_PROGRESS shard=2 step=16 condition=correct_state row=86 ordinal=13/18
SCENE_CONTRAST_PROBE_PROGRESS shard=2 step=16 condition=matched_donor_state row=86 ordinal=13/18
SCENE_CONTRAST_PROBE_PROGRESS shard=2 step=16 condition=zero_state row=86 ordinal=13/18
SCENE_CONTRAST_PROBE_PROGRESS shard=2 step=16 condition=correct_state row=22 ordinal=14/18
SCENE_CONTRAST_PROBE_PROGRESS shard=2 step=16 condition=matched_donor_state row=22 ordinal=14/18
SCENE_CONTRAST_PROBE_PROGRESS shard=2 step=16 condition=zero_state row=22 ordinal=14/18
SCENE_CONTRAST_PROBE_PROGRESS shard=2 step=16 condition=correct_state row=6 ordinal=15/18
SCENE_CONTRAST_PROBE_PROGRESS shard=2 step=16 condition=matched_donor_state row=6 ordinal=15/18
SCENE_CONTRAST_PROBE_PROGRESS shard=2 step=16 condition=zero_state row=6 ordinal=15/18
SCENE_CONTRAST_PROBE_PROGRESS shard=2 step=16 condition=correct_state row=118 ordinal=16/18
SCENE_CONTRAST_PROBE_PROGRESS shard=2 step=16 condition=matched_donor_state row=118 ordinal=16/18
SCENE_CONTRAST_PROBE_PROGRESS shard=2 step=16 condition=zero_state row=118 ordinal=16/18
SCENE_CONTRAST_PROBE_PROGRESS shard=2 step=16 condition=correct_state row=186 ordinal=17/18
SCENE_CONTRAST_PROBE_PROGRESS shard=2 step=16 condition=matched_donor_state row=186 ordinal=17/18
SCENE_CONTRAST_PROBE_PROGRESS shard=2 step=16 condition=zero_state row=186 ordinal=17/18
SCENE_CONTRAST_PROBE_PROGRESS shard=2 step=16 condition=correct_state row=226 ordinal=18/18
SCENE_CONTRAST_PROBE_PROGRESS shard=2 step=16 condition=matched_donor_state row=226 ordinal=18/18
SCENE_CONTRAST_PROBE_PROGRESS shard=2 step=16 condition=zero_state row=226 ordinal=18/18
SCENE_CONTRAST_PROBE_PROGRESS shard=2 step=32 condition=correct_state row=114 ordinal=1/18
SCENE_CONTRAST_PROBE_PROGRESS shard=2 step=32 condition=matched_donor_state row=114 ordinal=1/18
SCENE_CONTRAST_PROBE_PROGRESS shard=2 step=32 condition=zero_state row=114 ordinal=1/18
SCENE_CONTRAST_PROBE_PROGRESS shard=2 step=32 condition=correct_state row=314 ordinal=2/18
SCENE_CONTRAST_PROBE_PROGRESS shard=2 step=32 condition=matched_donor_state row=314 ordinal=2/18
SCENE_CONTRAST_PROBE_PROGRESS shard=2 step=32 condition=zero_state row=314 ordinal=2/18
SCENE_CONTRAST_PROBE_PROGRESS shard=2 step=32 condition=correct_state row=38 ordinal=3/18
SCENE_CONTRAST_PROBE_PROGRESS shard=2 step=32 condition=matched_donor_state row=38 ordinal=3/18
SCENE_CONTRAST_PROBE_PROGRESS shard=2 step=32 condition=zero_state row=38 ordinal=3/18
SCENE_CONTRAST_PROBE_PROGRESS shard=2 step=32 condition=correct_state row=342 ordinal=4/18
SCENE_CONTRAST_PROBE_PROGRESS shard=2 step=32 condition=matched_donor_state row=342 ordinal=4/18
SCENE_CONTRAST_PROBE_PROGRESS shard=2 step=32 condition=zero_state row=342 ordinal=4/18
SCENE_CONTRAST_PROBE_PROGRESS shard=2 step=32 condition=correct_state row=222 ordinal=5/18
SCENE_CONTRAST_PROBE_PROGRESS shard=2 step=32 condition=matched_donor_state row=222 ordinal=5/18
SCENE_CONTRAST_PROBE_PROGRESS shard=2 step=32 condition=zero_state row=222 ordinal=5/18
SCENE_CONTRAST_PROBE_PROGRESS shard=2 step=32 condition=correct_state row=306 ordinal=6/18
SCENE_CONTRAST_PROBE_PROGRESS shard=2 step=32 condition=matched_donor_state row=306 ordinal=6/18
SCENE_CONTRAST_PROBE_PROGRESS shard=2 step=32 condition=zero_state row=306 ordinal=6/18
SCENE_CONTRAST_PROBE_PROGRESS shard=2 step=32 condition=correct_state row=54 ordinal=7/18
SCENE_CONTRAST_PROBE_PROGRESS shard=2 step=32 condition=matched_donor_state row=54 ordinal=7/18
SCENE_CONTRAST_PROBE_PROGRESS shard=2 step=32 condition=zero_state row=54 ordinal=7/18
SCENE_CONTRAST_PROBE_PROGRESS shard=2 step=32 condition=correct_state row=198 ordinal=8/18
SCENE_CONTRAST_PROBE_PROGRESS shard=2 step=32 condition=matched_donor_state row=198 ordinal=8/18
SCENE_CONTRAST_PROBE_PROGRESS shard=2 step=32 condition=zero_state row=198 ordinal=8/18
SCENE_CONTRAST_PROBE_PROGRESS shard=2 step=32 condition=correct_state row=142 ordinal=9/18
SCENE_CONTRAST_PROBE_PROGRESS shard=2 step=32 condition=matched_donor_state row=142 ordinal=9/18
SCENE_CONTRAST_PROBE_PROGRESS shard=2 step=32 condition=zero_state row=142 ordinal=9/18
SCENE_CONTRAST_PROBE_PROGRESS shard=2 step=32 condition=correct_state row=146 ordinal=10/18
SCENE_CONTRAST_PROBE_PROGRESS shard=2 step=32 condition=matched_donor_state row=146 ordinal=10/18
SCENE_CONTRAST_PROBE_PROGRESS shard=2 step=32 condition=zero_state row=146 ordinal=10/18
SCENE_CONTRAST_PROBE_PROGRESS shard=2 step=32 condition=correct_state row=170 ordinal=11/18
SCENE_CONTRAST_PROBE_PROGRESS shard=2 step=32 condition=matched_donor_state row=170 ordinal=11/18
SCENE_CONTRAST_PROBE_PROGRESS shard=2 step=32 condition=zero_state row=170 ordinal=11/18
SCENE_CONTRAST_PROBE_PROGRESS shard=2 step=32 condition=correct_state row=174 ordinal=12/18
SCENE_CONTRAST_PROBE_PROGRESS shard=2 step=32 condition=matched_donor_state row=174 ordinal=12/18
SCENE_CONTRAST_PROBE_PROGRESS shard=2 step=32 condition=zero_state row=174 ordinal=12/18
SCENE_CONTRAST_PROBE_PROGRESS shard=2 step=32 condition=correct_state row=86 ordinal=13/18
SCENE_CONTRAST_PROBE_PROGRESS shard=2 step=32 condition=matched_donor_state row=86 ordinal=13/18
SCENE_CONTRAST_PROBE_PROGRESS shard=2 step=32 condition=zero_state row=86 ordinal=13/18
SCENE_CONTRAST_PROBE_PROGRESS shard=2 step=32 condition=correct_state row=22 ordinal=14/18
SCENE_CONTRAST_PROBE_PROGRESS shard=2 step=32 condition=matched_donor_state row=22 ordinal=14/18
SCENE_CONTRAST_PROBE_PROGRESS shard=2 step=32 condition=zero_state row=22 ordinal=14/18
SCENE_CONTRAST_PROBE_PROGRESS shard=2 step=32 condition=correct_state row=6 ordinal=15/18
SCENE_CONTRAST_PROBE_PROGRESS shard=2 step=32 condition=matched_donor_state row=6 ordinal=15/18
SCENE_CONTRAST_PROBE_PROGRESS shard=2 step=32 condition=zero_state row=6 ordinal=15/18
SCENE_CONTRAST_PROBE_PROGRESS shard=2 step=32 condition=correct_state row=118 ordinal=16/18
SCENE_CONTRAST_PROBE_PROGRESS shard=2 step=32 condition=matched_donor_state row=118 ordinal=16/18
SCENE_CONTRAST_PROBE_PROGRESS shard=2 step=32 condition=zero_state row=118 ordinal=16/18
SCENE_CONTRAST_PROBE_PROGRESS shard=2 step=32 condition=correct_state row=186 ordinal=17/18
SCENE_CONTRAST_PROBE_PROGRESS shard=2 step=32 condition=matched_donor_state row=186 ordinal=17/18
SCENE_CONTRAST_PROBE_PROGRESS shard=2 step=32 condition=zero_state row=186 ordinal=17/18
SCENE_CONTRAST_PROBE_PROGRESS shard=2 step=32 condition=correct_state row=226 ordinal=18/18
SCENE_CONTRAST_PROBE_PROGRESS shard=2 step=32 condition=matched_donor_state row=226 ordinal=18/18
SCENE_CONTRAST_PROBE_PROGRESS shard=2 step=32 condition=zero_state row=226 ordinal=18/18
SCENE_CONTRAST_PROBE_SHARD_COMPLETE shard=2
