Loading weights:   0%|          | 0/2076 [00:00<?, ?it/s]Loading weights:  13%|█▎        | 268/2076 [00:00<00:00, 2606.95it/s]Loading weights:  25%|██▌       | 529/2076 [00:00<00:00, 2399.17it/s]Loading weights:  37%|███▋      | 770/2076 [00:02<00:05, 238.17it/s] Loading weights:  44%|████▎     | 906/2076 [00:02<00:04, 247.52it/s]Loading weights:  48%|████▊     | 1000/2076 [00:03<00:04, 249.88it/s]Loading weights:  51%|█████▏    | 1069/2076 [00:03<00:03, 257.55it/s]Loading weights:  54%|█████▍    | 1125/2076 [00:03<00:03, 267.42it/s]Loading weights:  57%|█████▋    | 1174/2076 [00:03<00:03, 267.27it/s]Loading weights:  59%|█████▊    | 1216/2076 [00:04<00:03, 263.77it/s]Loading weights:  60%|██████    | 1253/2076 [00:04<00:03, 253.15it/s]Loading weights:  62%|██████▏   | 1285/2076 [00:04<00:03, 259.61it/s]Loading weights:  63%|██████▎   | 1316/2076 [00:04<00:02, 260.15it/s]Loading weights:  65%|██████▍   | 1346/2076 [00:04<00:02, 256.53it/s]Loading weights:  66%|██████▌   | 1374/2076 [00:04<00:02, 258.88it/s]Loading weights:  68%|██████▊   | 1402/2076 [00:04<00:02, 257.93it/s]Loading weights:  70%|███████   | 1456/2076 [00:04<00:01, 326.37it/s]Loading weights:  83%|████████▎ | 1722/2076 [00:04<00:00, 926.35it/s]Loading weights:  96%|█████████▌| 1996/2076 [00:05<00:00, 1410.68it/s]Loading weights: 100%|██████████| 2076/2076 [00:05<00:00, 407.53it/s] 
[transformers] The following generation flags are not valid and may be ignored: ['top_p', 'top_k']. Set `TRANSFORMERS_VERBOSITY=info` for more details.
SCENE_CONTRAST_PROBE_PROGRESS shard=1 step=8 condition=correct_state row=77 ordinal=1/7
SCENE_CONTRAST_PROBE_PROGRESS shard=1 step=8 condition=matched_donor_state row=77 ordinal=1/7
SCENE_CONTRAST_PROBE_PROGRESS shard=1 step=8 condition=zero_state row=77 ordinal=1/7
SCENE_CONTRAST_PROBE_PROGRESS shard=1 step=8 condition=correct_state row=241 ordinal=2/7
SCENE_CONTRAST_PROBE_PROGRESS shard=1 step=8 condition=matched_donor_state row=241 ordinal=2/7
SCENE_CONTRAST_PROBE_PROGRESS shard=1 step=8 condition=zero_state row=241 ordinal=2/7
SCENE_CONTRAST_PROBE_PROGRESS shard=1 step=8 condition=correct_state row=53 ordinal=3/7
SCENE_CONTRAST_PROBE_PROGRESS shard=1 step=8 condition=matched_donor_state row=53 ordinal=3/7
SCENE_CONTRAST_PROBE_PROGRESS shard=1 step=8 condition=zero_state row=53 ordinal=3/7
SCENE_CONTRAST_PROBE_PROGRESS shard=1 step=8 condition=correct_state row=21 ordinal=4/7
SCENE_CONTRAST_PROBE_PROGRESS shard=1 step=8 condition=matched_donor_state row=21 ordinal=4/7
SCENE_CONTRAST_PROBE_PROGRESS shard=1 step=8 condition=zero_state row=21 ordinal=4/7
SCENE_CONTRAST_PROBE_PROGRESS shard=1 step=8 condition=correct_state row=217 ordinal=5/7
SCENE_CONTRAST_PROBE_PROGRESS shard=1 step=8 condition=matched_donor_state row=217 ordinal=5/7
SCENE_CONTRAST_PROBE_PROGRESS shard=1 step=8 condition=zero_state row=217 ordinal=5/7
SCENE_CONTRAST_PROBE_PROGRESS shard=1 step=8 condition=correct_state row=237 ordinal=6/7
SCENE_CONTRAST_PROBE_PROGRESS shard=1 step=8 condition=matched_donor_state row=237 ordinal=6/7
SCENE_CONTRAST_PROBE_PROGRESS shard=1 step=8 condition=zero_state row=237 ordinal=6/7
SCENE_CONTRAST_PROBE_PROGRESS shard=1 step=8 condition=correct_state row=313 ordinal=7/7
SCENE_CONTRAST_PROBE_PROGRESS shard=1 step=8 condition=matched_donor_state row=313 ordinal=7/7
SCENE_CONTRAST_PROBE_PROGRESS shard=1 step=8 condition=zero_state row=313 ordinal=7/7
SCENE_CONTRAST_PROBE_PROGRESS shard=1 step=16 condition=correct_state row=77 ordinal=1/7
SCENE_CONTRAST_PROBE_PROGRESS shard=1 step=16 condition=matched_donor_state row=77 ordinal=1/7
SCENE_CONTRAST_PROBE_PROGRESS shard=1 step=16 condition=zero_state row=77 ordinal=1/7
SCENE_CONTRAST_PROBE_PROGRESS shard=1 step=16 condition=correct_state row=241 ordinal=2/7
SCENE_CONTRAST_PROBE_PROGRESS shard=1 step=16 condition=matched_donor_state row=241 ordinal=2/7
SCENE_CONTRAST_PROBE_PROGRESS shard=1 step=16 condition=zero_state row=241 ordinal=2/7
SCENE_CONTRAST_PROBE_PROGRESS shard=1 step=16 condition=correct_state row=53 ordinal=3/7
SCENE_CONTRAST_PROBE_PROGRESS shard=1 step=16 condition=matched_donor_state row=53 ordinal=3/7
SCENE_CONTRAST_PROBE_PROGRESS shard=1 step=16 condition=zero_state row=53 ordinal=3/7
SCENE_CONTRAST_PROBE_PROGRESS shard=1 step=16 condition=correct_state row=21 ordinal=4/7
SCENE_CONTRAST_PROBE_PROGRESS shard=1 step=16 condition=matched_donor_state row=21 ordinal=4/7
SCENE_CONTRAST_PROBE_PROGRESS shard=1 step=16 condition=zero_state row=21 ordinal=4/7
SCENE_CONTRAST_PROBE_PROGRESS shard=1 step=16 condition=correct_state row=217 ordinal=5/7
SCENE_CONTRAST_PROBE_PROGRESS shard=1 step=16 condition=matched_donor_state row=217 ordinal=5/7
SCENE_CONTRAST_PROBE_PROGRESS shard=1 step=16 condition=zero_state row=217 ordinal=5/7
SCENE_CONTRAST_PROBE_PROGRESS shard=1 step=16 condition=correct_state row=237 ordinal=6/7
SCENE_CONTRAST_PROBE_PROGRESS shard=1 step=16 condition=matched_donor_state row=237 ordinal=6/7
SCENE_CONTRAST_PROBE_PROGRESS shard=1 step=16 condition=zero_state row=237 ordinal=6/7
SCENE_CONTRAST_PROBE_PROGRESS shard=1 step=16 condition=correct_state row=313 ordinal=7/7
SCENE_CONTRAST_PROBE_PROGRESS shard=1 step=16 condition=matched_donor_state row=313 ordinal=7/7
SCENE_CONTRAST_PROBE_PROGRESS shard=1 step=16 condition=zero_state row=313 ordinal=7/7
SCENE_CONTRAST_PROBE_PROGRESS shard=1 step=32 condition=correct_state row=77 ordinal=1/7
SCENE_CONTRAST_PROBE_PROGRESS shard=1 step=32 condition=matched_donor_state row=77 ordinal=1/7
SCENE_CONTRAST_PROBE_PROGRESS shard=1 step=32 condition=zero_state row=77 ordinal=1/7
SCENE_CONTRAST_PROBE_PROGRESS shard=1 step=32 condition=correct_state row=241 ordinal=2/7
SCENE_CONTRAST_PROBE_PROGRESS shard=1 step=32 condition=matched_donor_state row=241 ordinal=2/7
SCENE_CONTRAST_PROBE_PROGRESS shard=1 step=32 condition=zero_state row=241 ordinal=2/7
SCENE_CONTRAST_PROBE_PROGRESS shard=1 step=32 condition=correct_state row=53 ordinal=3/7
SCENE_CONTRAST_PROBE_PROGRESS shard=1 step=32 condition=matched_donor_state row=53 ordinal=3/7
SCENE_CONTRAST_PROBE_PROGRESS shard=1 step=32 condition=zero_state row=53 ordinal=3/7
SCENE_CONTRAST_PROBE_PROGRESS shard=1 step=32 condition=correct_state row=21 ordinal=4/7
SCENE_CONTRAST_PROBE_PROGRESS shard=1 step=32 condition=matched_donor_state row=21 ordinal=4/7
SCENE_CONTRAST_PROBE_PROGRESS shard=1 step=32 condition=zero_state row=21 ordinal=4/7
SCENE_CONTRAST_PROBE_PROGRESS shard=1 step=32 condition=correct_state row=217 ordinal=5/7
SCENE_CONTRAST_PROBE_PROGRESS shard=1 step=32 condition=matched_donor_state row=217 ordinal=5/7
SCENE_CONTRAST_PROBE_PROGRESS shard=1 step=32 condition=zero_state row=217 ordinal=5/7
SCENE_CONTRAST_PROBE_PROGRESS shard=1 step=32 condition=correct_state row=237 ordinal=6/7
SCENE_CONTRAST_PROBE_PROGRESS shard=1 step=32 condition=matched_donor_state row=237 ordinal=6/7
SCENE_CONTRAST_PROBE_PROGRESS shard=1 step=32 condition=zero_state row=237 ordinal=6/7
SCENE_CONTRAST_PROBE_PROGRESS shard=1 step=32 condition=correct_state row=313 ordinal=7/7
SCENE_CONTRAST_PROBE_PROGRESS shard=1 step=32 condition=matched_donor_state row=313 ordinal=7/7
SCENE_CONTRAST_PROBE_PROGRESS shard=1 step=32 condition=zero_state row=313 ordinal=7/7
SCENE_CONTRAST_PROBE_SHARD_COMPLETE shard=1
