Loading weights:   0%|          | 0/2076 [00:00<?, ?it/s]Loading weights:  16%|█▌        | 329/2076 [00:00<00:00, 3287.86it/s]Loading weights:  32%|███▏      | 658/2076 [00:00<00:00, 3037.64it/s]Loading weights:  46%|████▋     | 964/2076 [00:02<00:03, 289.49it/s] Loading weights:  55%|█████▍    | 1136/2076 [00:02<00:02, 314.12it/s]Loading weights:  61%|██████    | 1257/2076 [00:03<00:02, 327.13it/s]Loading weights:  65%|██████▍   | 1348/2076 [00:03<00:02, 334.01it/s]Loading weights:  68%|██████▊   | 1421/2076 [00:03<00:01, 340.69it/s]Loading weights:  84%|████████▍ | 1747/2076 [00:03<00:00, 642.23it/s]Loading weights: 100%|██████████| 2076/2076 [00:03<00:00, 972.54it/s]Loading weights: 100%|██████████| 2076/2076 [00:03<00:00, 536.38it/s]
[transformers] The following generation flags are not valid and may be ignored: ['top_p', 'top_k']. Set `TRANSFORMERS_VERBOSITY=info` for more details.
SCENE_CHECKPOINT_SOUP_PROGRESS shard=0 candidate=s8_50_s16_50 row=4 ordinal=1/54
SCENE_CHECKPOINT_SOUP_PROGRESS shard=0 candidate=s8_50_s16_50 row=12 ordinal=2/54
SCENE_CHECKPOINT_SOUP_PROGRESS shard=0 candidate=s8_50_s16_50 row=16 ordinal=3/54
SCENE_CHECKPOINT_SOUP_PROGRESS shard=0 candidate=s8_50_s16_50 row=24 ordinal=4/54
SCENE_CHECKPOINT_SOUP_PROGRESS shard=0 candidate=s8_50_s16_50 row=28 ordinal=5/54
SCENE_CHECKPOINT_SOUP_PROGRESS shard=0 candidate=s8_50_s16_50 row=40 ordinal=6/54
SCENE_CHECKPOINT_SOUP_PROGRESS shard=0 candidate=s8_50_s16_50 row=44 ordinal=7/54
SCENE_CHECKPOINT_SOUP_PROGRESS shard=0 candidate=s8_50_s16_50 row=48 ordinal=8/54
SCENE_CHECKPOINT_SOUP_PROGRESS shard=0 candidate=s8_50_s16_50 row=52 ordinal=9/54
SCENE_CHECKPOINT_SOUP_PROGRESS shard=0 candidate=s8_50_s16_50 row=56 ordinal=10/54
SCENE_CHECKPOINT_SOUP_PROGRESS shard=0 candidate=s8_50_s16_50 row=60 ordinal=11/54
SCENE_CHECKPOINT_SOUP_PROGRESS shard=0 candidate=s8_50_s16_50 row=76 ordinal=12/54
SCENE_CHECKPOINT_SOUP_PROGRESS shard=0 candidate=s8_50_s16_50 row=80 ordinal=13/54
SCENE_CHECKPOINT_SOUP_PROGRESS shard=0 candidate=s8_50_s16_50 row=84 ordinal=14/54
SCENE_CHECKPOINT_SOUP_PROGRESS shard=0 candidate=s8_50_s16_50 row=92 ordinal=15/54
SCENE_CHECKPOINT_SOUP_PROGRESS shard=0 candidate=s8_50_s16_50 row=96 ordinal=16/54
SCENE_CHECKPOINT_SOUP_PROGRESS shard=0 candidate=s8_50_s16_50 row=100 ordinal=17/54
SCENE_CHECKPOINT_SOUP_PROGRESS shard=0 candidate=s8_50_s16_50 row=124 ordinal=18/54
SCENE_CHECKPOINT_SOUP_PROGRESS shard=0 candidate=s8_50_s16_50 row=128 ordinal=19/54
SCENE_CHECKPOINT_SOUP_PROGRESS shard=0 candidate=s8_50_s16_50 row=132 ordinal=20/54
SCENE_CHECKPOINT_SOUP_PROGRESS shard=0 candidate=s8_50_s16_50 row=136 ordinal=21/54
SCENE_CHECKPOINT_SOUP_PROGRESS shard=0 candidate=s8_50_s16_50 row=140 ordinal=22/54
SCENE_CHECKPOINT_SOUP_PROGRESS shard=0 candidate=s8_50_s16_50 row=144 ordinal=23/54
SCENE_CHECKPOINT_SOUP_PROGRESS shard=0 candidate=s8_50_s16_50 row=152 ordinal=24/54
SCENE_CHECKPOINT_SOUP_PROGRESS shard=0 candidate=s8_50_s16_50 row=160 ordinal=25/54
SCENE_CHECKPOINT_SOUP_PROGRESS shard=0 candidate=s8_50_s16_50 row=164 ordinal=26/54
SCENE_CHECKPOINT_SOUP_PROGRESS shard=0 candidate=s8_50_s16_50 row=172 ordinal=27/54
SCENE_CHECKPOINT_SOUP_PROGRESS shard=0 candidate=s8_50_s16_50 row=180 ordinal=28/54
SCENE_CHECKPOINT_SOUP_PROGRESS shard=0 candidate=s8_50_s16_50 row=184 ordinal=29/54
SCENE_CHECKPOINT_SOUP_PROGRESS shard=0 candidate=s8_50_s16_50 row=188 ordinal=30/54
SCENE_CHECKPOINT_SOUP_PROGRESS shard=0 candidate=s8_50_s16_50 row=196 ordinal=31/54
SCENE_CHECKPOINT_SOUP_PROGRESS shard=0 candidate=s8_50_s16_50 row=200 ordinal=32/54
SCENE_CHECKPOINT_SOUP_PROGRESS shard=0 candidate=s8_50_s16_50 row=212 ordinal=33/54
SCENE_CHECKPOINT_SOUP_PROGRESS shard=0 candidate=s8_50_s16_50 row=216 ordinal=34/54
SCENE_CHECKPOINT_SOUP_PROGRESS shard=0 candidate=s8_50_s16_50 row=224 ordinal=35/54
SCENE_CHECKPOINT_SOUP_PROGRESS shard=0 candidate=s8_50_s16_50 row=236 ordinal=36/54
SCENE_CHECKPOINT_SOUP_PROGRESS shard=0 candidate=s8_50_s16_50 row=244 ordinal=37/54
SCENE_CHECKPOINT_SOUP_PROGRESS shard=0 candidate=s8_50_s16_50 row=248 ordinal=38/54
SCENE_CHECKPOINT_SOUP_PROGRESS shard=0 candidate=s8_50_s16_50 row=256 ordinal=39/54
SCENE_CHECKPOINT_SOUP_PROGRESS shard=0 candidate=s8_50_s16_50 row=260 ordinal=40/54
SCENE_CHECKPOINT_SOUP_PROGRESS shard=0 candidate=s8_50_s16_50 row=264 ordinal=41/54
SCENE_CHECKPOINT_SOUP_PROGRESS shard=0 candidate=s8_50_s16_50 row=272 ordinal=42/54
SCENE_CHECKPOINT_SOUP_PROGRESS shard=0 candidate=s8_50_s16_50 row=276 ordinal=43/54
SCENE_CHECKPOINT_SOUP_PROGRESS shard=0 candidate=s8_50_s16_50 row=280 ordinal=44/54
SCENE_CHECKPOINT_SOUP_PROGRESS shard=0 candidate=s8_50_s16_50 row=288 ordinal=45/54
SCENE_CHECKPOINT_SOUP_PROGRESS shard=0 candidate=s8_50_s16_50 row=292 ordinal=46/54
SCENE_CHECKPOINT_SOUP_PROGRESS shard=0 candidate=s8_50_s16_50 row=296 ordinal=47/54
SCENE_CHECKPOINT_SOUP_PROGRESS shard=0 candidate=s8_50_s16_50 row=300 ordinal=48/54
SCENE_CHECKPOINT_SOUP_PROGRESS shard=0 candidate=s8_50_s16_50 row=304 ordinal=49/54
SCENE_CHECKPOINT_SOUP_PROGRESS shard=0 candidate=s8_50_s16_50 row=308 ordinal=50/54
SCENE_CHECKPOINT_SOUP_PROGRESS shard=0 candidate=s8_50_s16_50 row=320 ordinal=51/54
SCENE_CHECKPOINT_SOUP_PROGRESS shard=0 candidate=s8_50_s16_50 row=332 ordinal=52/54
SCENE_CHECKPOINT_SOUP_PROGRESS shard=0 candidate=s8_50_s16_50 row=352 ordinal=53/54
SCENE_CHECKPOINT_SOUP_PROGRESS shard=0 candidate=s8_50_s16_50 row=356 ordinal=54/54
SCENE_CHECKPOINT_SOUP_PROGRESS shard=0 candidate=s8_25_s16_75 row=4 ordinal=1/54
SCENE_CHECKPOINT_SOUP_PROGRESS shard=0 candidate=s8_25_s16_75 row=12 ordinal=2/54
SCENE_CHECKPOINT_SOUP_PROGRESS shard=0 candidate=s8_25_s16_75 row=16 ordinal=3/54
SCENE_CHECKPOINT_SOUP_PROGRESS shard=0 candidate=s8_25_s16_75 row=24 ordinal=4/54
SCENE_CHECKPOINT_SOUP_PROGRESS shard=0 candidate=s8_25_s16_75 row=28 ordinal=5/54
SCENE_CHECKPOINT_SOUP_PROGRESS shard=0 candidate=s8_25_s16_75 row=40 ordinal=6/54
SCENE_CHECKPOINT_SOUP_PROGRESS shard=0 candidate=s8_25_s16_75 row=44 ordinal=7/54
SCENE_CHECKPOINT_SOUP_PROGRESS shard=0 candidate=s8_25_s16_75 row=48 ordinal=8/54
SCENE_CHECKPOINT_SOUP_PROGRESS shard=0 candidate=s8_25_s16_75 row=52 ordinal=9/54
SCENE_CHECKPOINT_SOUP_PROGRESS shard=0 candidate=s8_25_s16_75 row=56 ordinal=10/54
SCENE_CHECKPOINT_SOUP_PROGRESS shard=0 candidate=s8_25_s16_75 row=60 ordinal=11/54
SCENE_CHECKPOINT_SOUP_PROGRESS shard=0 candidate=s8_25_s16_75 row=76 ordinal=12/54
SCENE_CHECKPOINT_SOUP_PROGRESS shard=0 candidate=s8_25_s16_75 row=80 ordinal=13/54
SCENE_CHECKPOINT_SOUP_PROGRESS shard=0 candidate=s8_25_s16_75 row=84 ordinal=14/54
SCENE_CHECKPOINT_SOUP_PROGRESS shard=0 candidate=s8_25_s16_75 row=92 ordinal=15/54
SCENE_CHECKPOINT_SOUP_PROGRESS shard=0 candidate=s8_25_s16_75 row=96 ordinal=16/54
SCENE_CHECKPOINT_SOUP_PROGRESS shard=0 candidate=s8_25_s16_75 row=100 ordinal=17/54
SCENE_CHECKPOINT_SOUP_PROGRESS shard=0 candidate=s8_25_s16_75 row=124 ordinal=18/54
SCENE_CHECKPOINT_SOUP_PROGRESS shard=0 candidate=s8_25_s16_75 row=128 ordinal=19/54
SCENE_CHECKPOINT_SOUP_PROGRESS shard=0 candidate=s8_25_s16_75 row=132 ordinal=20/54
SCENE_CHECKPOINT_SOUP_PROGRESS shard=0 candidate=s8_25_s16_75 row=136 ordinal=21/54
SCENE_CHECKPOINT_SOUP_PROGRESS shard=0 candidate=s8_25_s16_75 row=140 ordinal=22/54
SCENE_CHECKPOINT_SOUP_PROGRESS shard=0 candidate=s8_25_s16_75 row=144 ordinal=23/54
SCENE_CHECKPOINT_SOUP_PROGRESS shard=0 candidate=s8_25_s16_75 row=152 ordinal=24/54
SCENE_CHECKPOINT_SOUP_PROGRESS shard=0 candidate=s8_25_s16_75 row=160 ordinal=25/54
SCENE_CHECKPOINT_SOUP_PROGRESS shard=0 candidate=s8_25_s16_75 row=164 ordinal=26/54
SCENE_CHECKPOINT_SOUP_PROGRESS shard=0 candidate=s8_25_s16_75 row=172 ordinal=27/54
SCENE_CHECKPOINT_SOUP_PROGRESS shard=0 candidate=s8_25_s16_75 row=180 ordinal=28/54
SCENE_CHECKPOINT_SOUP_PROGRESS shard=0 candidate=s8_25_s16_75 row=184 ordinal=29/54
SCENE_CHECKPOINT_SOUP_PROGRESS shard=0 candidate=s8_25_s16_75 row=188 ordinal=30/54
SCENE_CHECKPOINT_SOUP_PROGRESS shard=0 candidate=s8_25_s16_75 row=196 ordinal=31/54
SCENE_CHECKPOINT_SOUP_PROGRESS shard=0 candidate=s8_25_s16_75 row=200 ordinal=32/54
SCENE_CHECKPOINT_SOUP_PROGRESS shard=0 candidate=s8_25_s16_75 row=212 ordinal=33/54
SCENE_CHECKPOINT_SOUP_PROGRESS shard=0 candidate=s8_25_s16_75 row=216 ordinal=34/54
SCENE_CHECKPOINT_SOUP_PROGRESS shard=0 candidate=s8_25_s16_75 row=224 ordinal=35/54
SCENE_CHECKPOINT_SOUP_PROGRESS shard=0 candidate=s8_25_s16_75 row=236 ordinal=36/54
SCENE_CHECKPOINT_SOUP_PROGRESS shard=0 candidate=s8_25_s16_75 row=244 ordinal=37/54
SCENE_CHECKPOINT_SOUP_PROGRESS shard=0 candidate=s8_25_s16_75 row=248 ordinal=38/54
SCENE_CHECKPOINT_SOUP_PROGRESS shard=0 candidate=s8_25_s16_75 row=256 ordinal=39/54
SCENE_CHECKPOINT_SOUP_PROGRESS shard=0 candidate=s8_25_s16_75 row=260 ordinal=40/54
SCENE_CHECKPOINT_SOUP_PROGRESS shard=0 candidate=s8_25_s16_75 row=264 ordinal=41/54
SCENE_CHECKPOINT_SOUP_PROGRESS shard=0 candidate=s8_25_s16_75 row=272 ordinal=42/54
SCENE_CHECKPOINT_SOUP_PROGRESS shard=0 candidate=s8_25_s16_75 row=276 ordinal=43/54
SCENE_CHECKPOINT_SOUP_PROGRESS shard=0 candidate=s8_25_s16_75 row=280 ordinal=44/54
SCENE_CHECKPOINT_SOUP_PROGRESS shard=0 candidate=s8_25_s16_75 row=288 ordinal=45/54
SCENE_CHECKPOINT_SOUP_PROGRESS shard=0 candidate=s8_25_s16_75 row=292 ordinal=46/54
SCENE_CHECKPOINT_SOUP_PROGRESS shard=0 candidate=s8_25_s16_75 row=296 ordinal=47/54
SCENE_CHECKPOINT_SOUP_PROGRESS shard=0 candidate=s8_25_s16_75 row=300 ordinal=48/54
SCENE_CHECKPOINT_SOUP_PROGRESS shard=0 candidate=s8_25_s16_75 row=304 ordinal=49/54
SCENE_CHECKPOINT_SOUP_PROGRESS shard=0 candidate=s8_25_s16_75 row=308 ordinal=50/54
SCENE_CHECKPOINT_SOUP_PROGRESS shard=0 candidate=s8_25_s16_75 row=320 ordinal=51/54
SCENE_CHECKPOINT_SOUP_PROGRESS shard=0 candidate=s8_25_s16_75 row=332 ordinal=52/54
SCENE_CHECKPOINT_SOUP_PROGRESS shard=0 candidate=s8_25_s16_75 row=352 ordinal=53/54
SCENE_CHECKPOINT_SOUP_PROGRESS shard=0 candidate=s8_25_s16_75 row=356 ordinal=54/54
SCENE_CHECKPOINT_SOUP_PROGRESS shard=0 candidate=s16_75_s32_25 row=4 ordinal=1/54
SCENE_CHECKPOINT_SOUP_PROGRESS shard=0 candidate=s16_75_s32_25 row=12 ordinal=2/54
SCENE_CHECKPOINT_SOUP_PROGRESS shard=0 candidate=s16_75_s32_25 row=16 ordinal=3/54
SCENE_CHECKPOINT_SOUP_PROGRESS shard=0 candidate=s16_75_s32_25 row=24 ordinal=4/54
SCENE_CHECKPOINT_SOUP_PROGRESS shard=0 candidate=s16_75_s32_25 row=28 ordinal=5/54
SCENE_CHECKPOINT_SOUP_PROGRESS shard=0 candidate=s16_75_s32_25 row=40 ordinal=6/54
SCENE_CHECKPOINT_SOUP_PROGRESS shard=0 candidate=s16_75_s32_25 row=44 ordinal=7/54
SCENE_CHECKPOINT_SOUP_PROGRESS shard=0 candidate=s16_75_s32_25 row=48 ordinal=8/54
SCENE_CHECKPOINT_SOUP_PROGRESS shard=0 candidate=s16_75_s32_25 row=52 ordinal=9/54
SCENE_CHECKPOINT_SOUP_PROGRESS shard=0 candidate=s16_75_s32_25 row=56 ordinal=10/54
SCENE_CHECKPOINT_SOUP_PROGRESS shard=0 candidate=s16_75_s32_25 row=60 ordinal=11/54
SCENE_CHECKPOINT_SOUP_PROGRESS shard=0 candidate=s16_75_s32_25 row=76 ordinal=12/54
SCENE_CHECKPOINT_SOUP_PROGRESS shard=0 candidate=s16_75_s32_25 row=80 ordinal=13/54
SCENE_CHECKPOINT_SOUP_PROGRESS shard=0 candidate=s16_75_s32_25 row=84 ordinal=14/54
SCENE_CHECKPOINT_SOUP_PROGRESS shard=0 candidate=s16_75_s32_25 row=92 ordinal=15/54
SCENE_CHECKPOINT_SOUP_PROGRESS shard=0 candidate=s16_75_s32_25 row=96 ordinal=16/54
SCENE_CHECKPOINT_SOUP_PROGRESS shard=0 candidate=s16_75_s32_25 row=100 ordinal=17/54
SCENE_CHECKPOINT_SOUP_PROGRESS shard=0 candidate=s16_75_s32_25 row=124 ordinal=18/54
SCENE_CHECKPOINT_SOUP_PROGRESS shard=0 candidate=s16_75_s32_25 row=128 ordinal=19/54
SCENE_CHECKPOINT_SOUP_PROGRESS shard=0 candidate=s16_75_s32_25 row=132 ordinal=20/54
SCENE_CHECKPOINT_SOUP_PROGRESS shard=0 candidate=s16_75_s32_25 row=136 ordinal=21/54
SCENE_CHECKPOINT_SOUP_PROGRESS shard=0 candidate=s16_75_s32_25 row=140 ordinal=22/54
SCENE_CHECKPOINT_SOUP_PROGRESS shard=0 candidate=s16_75_s32_25 row=144 ordinal=23/54
SCENE_CHECKPOINT_SOUP_PROGRESS shard=0 candidate=s16_75_s32_25 row=152 ordinal=24/54
SCENE_CHECKPOINT_SOUP_PROGRESS shard=0 candidate=s16_75_s32_25 row=160 ordinal=25/54
SCENE_CHECKPOINT_SOUP_PROGRESS shard=0 candidate=s16_75_s32_25 row=164 ordinal=26/54
SCENE_CHECKPOINT_SOUP_PROGRESS shard=0 candidate=s16_75_s32_25 row=172 ordinal=27/54
SCENE_CHECKPOINT_SOUP_PROGRESS shard=0 candidate=s16_75_s32_25 row=180 ordinal=28/54
SCENE_CHECKPOINT_SOUP_PROGRESS shard=0 candidate=s16_75_s32_25 row=184 ordinal=29/54
SCENE_CHECKPOINT_SOUP_PROGRESS shard=0 candidate=s16_75_s32_25 row=188 ordinal=30/54
SCENE_CHECKPOINT_SOUP_PROGRESS shard=0 candidate=s16_75_s32_25 row=196 ordinal=31/54
SCENE_CHECKPOINT_SOUP_PROGRESS shard=0 candidate=s16_75_s32_25 row=200 ordinal=32/54
SCENE_CHECKPOINT_SOUP_PROGRESS shard=0 candidate=s16_75_s32_25 row=212 ordinal=33/54
SCENE_CHECKPOINT_SOUP_PROGRESS shard=0 candidate=s16_75_s32_25 row=216 ordinal=34/54
SCENE_CHECKPOINT_SOUP_PROGRESS shard=0 candidate=s16_75_s32_25 row=224 ordinal=35/54
SCENE_CHECKPOINT_SOUP_PROGRESS shard=0 candidate=s16_75_s32_25 row=236 ordinal=36/54
SCENE_CHECKPOINT_SOUP_PROGRESS shard=0 candidate=s16_75_s32_25 row=244 ordinal=37/54
SCENE_CHECKPOINT_SOUP_PROGRESS shard=0 candidate=s16_75_s32_25 row=248 ordinal=38/54
SCENE_CHECKPOINT_SOUP_PROGRESS shard=0 candidate=s16_75_s32_25 row=256 ordinal=39/54
SCENE_CHECKPOINT_SOUP_PROGRESS shard=0 candidate=s16_75_s32_25 row=260 ordinal=40/54
SCENE_CHECKPOINT_SOUP_PROGRESS shard=0 candidate=s16_75_s32_25 row=264 ordinal=41/54
SCENE_CHECKPOINT_SOUP_PROGRESS shard=0 candidate=s16_75_s32_25 row=272 ordinal=42/54
SCENE_CHECKPOINT_SOUP_PROGRESS shard=0 candidate=s16_75_s32_25 row=276 ordinal=43/54
SCENE_CHECKPOINT_SOUP_PROGRESS shard=0 candidate=s16_75_s32_25 row=280 ordinal=44/54
SCENE_CHECKPOINT_SOUP_PROGRESS shard=0 candidate=s16_75_s32_25 row=288 ordinal=45/54
SCENE_CHECKPOINT_SOUP_PROGRESS shard=0 candidate=s16_75_s32_25 row=292 ordinal=46/54
SCENE_CHECKPOINT_SOUP_PROGRESS shard=0 candidate=s16_75_s32_25 row=296 ordinal=47/54
SCENE_CHECKPOINT_SOUP_PROGRESS shard=0 candidate=s16_75_s32_25 row=300 ordinal=48/54
SCENE_CHECKPOINT_SOUP_PROGRESS shard=0 candidate=s16_75_s32_25 row=304 ordinal=49/54
SCENE_CHECKPOINT_SOUP_PROGRESS shard=0 candidate=s16_75_s32_25 row=308 ordinal=50/54
SCENE_CHECKPOINT_SOUP_PROGRESS shard=0 candidate=s16_75_s32_25 row=320 ordinal=51/54
SCENE_CHECKPOINT_SOUP_PROGRESS shard=0 candidate=s16_75_s32_25 row=332 ordinal=52/54
SCENE_CHECKPOINT_SOUP_PROGRESS shard=0 candidate=s16_75_s32_25 row=352 ordinal=53/54
SCENE_CHECKPOINT_SOUP_PROGRESS shard=0 candidate=s16_75_s32_25 row=356 ordinal=54/54
SCENE_CHECKPOINT_SOUP_PROGRESS shard=0 candidate=s16_50_s32_50 row=4 ordinal=1/54
SCENE_CHECKPOINT_SOUP_PROGRESS shard=0 candidate=s16_50_s32_50 row=12 ordinal=2/54
SCENE_CHECKPOINT_SOUP_PROGRESS shard=0 candidate=s16_50_s32_50 row=16 ordinal=3/54
SCENE_CHECKPOINT_SOUP_PROGRESS shard=0 candidate=s16_50_s32_50 row=24 ordinal=4/54
SCENE_CHECKPOINT_SOUP_PROGRESS shard=0 candidate=s16_50_s32_50 row=28 ordinal=5/54
SCENE_CHECKPOINT_SOUP_PROGRESS shard=0 candidate=s16_50_s32_50 row=40 ordinal=6/54
SCENE_CHECKPOINT_SOUP_PROGRESS shard=0 candidate=s16_50_s32_50 row=44 ordinal=7/54
SCENE_CHECKPOINT_SOUP_PROGRESS shard=0 candidate=s16_50_s32_50 row=48 ordinal=8/54
SCENE_CHECKPOINT_SOUP_PROGRESS shard=0 candidate=s16_50_s32_50 row=52 ordinal=9/54
SCENE_CHECKPOINT_SOUP_PROGRESS shard=0 candidate=s16_50_s32_50 row=56 ordinal=10/54
SCENE_CHECKPOINT_SOUP_PROGRESS shard=0 candidate=s16_50_s32_50 row=60 ordinal=11/54
SCENE_CHECKPOINT_SOUP_PROGRESS shard=0 candidate=s16_50_s32_50 row=76 ordinal=12/54
SCENE_CHECKPOINT_SOUP_PROGRESS shard=0 candidate=s16_50_s32_50 row=80 ordinal=13/54
SCENE_CHECKPOINT_SOUP_PROGRESS shard=0 candidate=s16_50_s32_50 row=84 ordinal=14/54
SCENE_CHECKPOINT_SOUP_PROGRESS shard=0 candidate=s16_50_s32_50 row=92 ordinal=15/54
SCENE_CHECKPOINT_SOUP_PROGRESS shard=0 candidate=s16_50_s32_50 row=96 ordinal=16/54
SCENE_CHECKPOINT_SOUP_PROGRESS shard=0 candidate=s16_50_s32_50 row=100 ordinal=17/54
SCENE_CHECKPOINT_SOUP_PROGRESS shard=0 candidate=s16_50_s32_50 row=124 ordinal=18/54
SCENE_CHECKPOINT_SOUP_PROGRESS shard=0 candidate=s16_50_s32_50 row=128 ordinal=19/54
SCENE_CHECKPOINT_SOUP_PROGRESS shard=0 candidate=s16_50_s32_50 row=132 ordinal=20/54
SCENE_CHECKPOINT_SOUP_PROGRESS shard=0 candidate=s16_50_s32_50 row=136 ordinal=21/54
SCENE_CHECKPOINT_SOUP_PROGRESS shard=0 candidate=s16_50_s32_50 row=140 ordinal=22/54
SCENE_CHECKPOINT_SOUP_PROGRESS shard=0 candidate=s16_50_s32_50 row=144 ordinal=23/54
SCENE_CHECKPOINT_SOUP_PROGRESS shard=0 candidate=s16_50_s32_50 row=152 ordinal=24/54
SCENE_CHECKPOINT_SOUP_PROGRESS shard=0 candidate=s16_50_s32_50 row=160 ordinal=25/54
SCENE_CHECKPOINT_SOUP_PROGRESS shard=0 candidate=s16_50_s32_50 row=164 ordinal=26/54
SCENE_CHECKPOINT_SOUP_PROGRESS shard=0 candidate=s16_50_s32_50 row=172 ordinal=27/54
SCENE_CHECKPOINT_SOUP_PROGRESS shard=0 candidate=s16_50_s32_50 row=180 ordinal=28/54
SCENE_CHECKPOINT_SOUP_PROGRESS shard=0 candidate=s16_50_s32_50 row=184 ordinal=29/54
SCENE_CHECKPOINT_SOUP_PROGRESS shard=0 candidate=s16_50_s32_50 row=188 ordinal=30/54
SCENE_CHECKPOINT_SOUP_PROGRESS shard=0 candidate=s16_50_s32_50 row=196 ordinal=31/54
SCENE_CHECKPOINT_SOUP_PROGRESS shard=0 candidate=s16_50_s32_50 row=200 ordinal=32/54
SCENE_CHECKPOINT_SOUP_PROGRESS shard=0 candidate=s16_50_s32_50 row=212 ordinal=33/54
SCENE_CHECKPOINT_SOUP_PROGRESS shard=0 candidate=s16_50_s32_50 row=216 ordinal=34/54
SCENE_CHECKPOINT_SOUP_PROGRESS shard=0 candidate=s16_50_s32_50 row=224 ordinal=35/54
SCENE_CHECKPOINT_SOUP_PROGRESS shard=0 candidate=s16_50_s32_50 row=236 ordinal=36/54
SCENE_CHECKPOINT_SOUP_PROGRESS shard=0 candidate=s16_50_s32_50 row=244 ordinal=37/54
SCENE_CHECKPOINT_SOUP_PROGRESS shard=0 candidate=s16_50_s32_50 row=248 ordinal=38/54
SCENE_CHECKPOINT_SOUP_PROGRESS shard=0 candidate=s16_50_s32_50 row=256 ordinal=39/54
SCENE_CHECKPOINT_SOUP_PROGRESS shard=0 candidate=s16_50_s32_50 row=260 ordinal=40/54
SCENE_CHECKPOINT_SOUP_PROGRESS shard=0 candidate=s16_50_s32_50 row=264 ordinal=41/54
SCENE_CHECKPOINT_SOUP_PROGRESS shard=0 candidate=s16_50_s32_50 row=272 ordinal=42/54
SCENE_CHECKPOINT_SOUP_PROGRESS shard=0 candidate=s16_50_s32_50 row=276 ordinal=43/54
SCENE_CHECKPOINT_SOUP_PROGRESS shard=0 candidate=s16_50_s32_50 row=280 ordinal=44/54
SCENE_CHECKPOINT_SOUP_PROGRESS shard=0 candidate=s16_50_s32_50 row=288 ordinal=45/54
SCENE_CHECKPOINT_SOUP_PROGRESS shard=0 candidate=s16_50_s32_50 row=292 ordinal=46/54
SCENE_CHECKPOINT_SOUP_PROGRESS shard=0 candidate=s16_50_s32_50 row=296 ordinal=47/54
SCENE_CHECKPOINT_SOUP_PROGRESS shard=0 candidate=s16_50_s32_50 row=300 ordinal=48/54
SCENE_CHECKPOINT_SOUP_PROGRESS shard=0 candidate=s16_50_s32_50 row=304 ordinal=49/54
SCENE_CHECKPOINT_SOUP_PROGRESS shard=0 candidate=s16_50_s32_50 row=308 ordinal=50/54
SCENE_CHECKPOINT_SOUP_PROGRESS shard=0 candidate=s16_50_s32_50 row=320 ordinal=51/54
SCENE_CHECKPOINT_SOUP_PROGRESS shard=0 candidate=s16_50_s32_50 row=332 ordinal=52/54
SCENE_CHECKPOINT_SOUP_PROGRESS shard=0 candidate=s16_50_s32_50 row=352 ordinal=53/54
SCENE_CHECKPOINT_SOUP_PROGRESS shard=0 candidate=s16_50_s32_50 row=356 ordinal=54/54
SCENE_CHECKPOINT_SOUP_PROGRESS shard=0 candidate=trajectory_centered row=4 ordinal=1/54
SCENE_CHECKPOINT_SOUP_PROGRESS shard=0 candidate=trajectory_centered row=12 ordinal=2/54
SCENE_CHECKPOINT_SOUP_PROGRESS shard=0 candidate=trajectory_centered row=16 ordinal=3/54
SCENE_CHECKPOINT_SOUP_PROGRESS shard=0 candidate=trajectory_centered row=24 ordinal=4/54
SCENE_CHECKPOINT_SOUP_PROGRESS shard=0 candidate=trajectory_centered row=28 ordinal=5/54
SCENE_CHECKPOINT_SOUP_PROGRESS shard=0 candidate=trajectory_centered row=40 ordinal=6/54
SCENE_CHECKPOINT_SOUP_PROGRESS shard=0 candidate=trajectory_centered row=44 ordinal=7/54
SCENE_CHECKPOINT_SOUP_PROGRESS shard=0 candidate=trajectory_centered row=48 ordinal=8/54
SCENE_CHECKPOINT_SOUP_PROGRESS shard=0 candidate=trajectory_centered row=52 ordinal=9/54
SCENE_CHECKPOINT_SOUP_PROGRESS shard=0 candidate=trajectory_centered row=56 ordinal=10/54
SCENE_CHECKPOINT_SOUP_PROGRESS shard=0 candidate=trajectory_centered row=60 ordinal=11/54
SCENE_CHECKPOINT_SOUP_PROGRESS shard=0 candidate=trajectory_centered row=76 ordinal=12/54
SCENE_CHECKPOINT_SOUP_PROGRESS shard=0 candidate=trajectory_centered row=80 ordinal=13/54
SCENE_CHECKPOINT_SOUP_PROGRESS shard=0 candidate=trajectory_centered row=84 ordinal=14/54
SCENE_CHECKPOINT_SOUP_PROGRESS shard=0 candidate=trajectory_centered row=92 ordinal=15/54
SCENE_CHECKPOINT_SOUP_PROGRESS shard=0 candidate=trajectory_centered row=96 ordinal=16/54
SCENE_CHECKPOINT_SOUP_PROGRESS shard=0 candidate=trajectory_centered row=100 ordinal=17/54
SCENE_CHECKPOINT_SOUP_PROGRESS shard=0 candidate=trajectory_centered row=124 ordinal=18/54
SCENE_CHECKPOINT_SOUP_PROGRESS shard=0 candidate=trajectory_centered row=128 ordinal=19/54
SCENE_CHECKPOINT_SOUP_PROGRESS shard=0 candidate=trajectory_centered row=132 ordinal=20/54
SCENE_CHECKPOINT_SOUP_PROGRESS shard=0 candidate=trajectory_centered row=136 ordinal=21/54
SCENE_CHECKPOINT_SOUP_PROGRESS shard=0 candidate=trajectory_centered row=140 ordinal=22/54
SCENE_CHECKPOINT_SOUP_PROGRESS shard=0 candidate=trajectory_centered row=144 ordinal=23/54
SCENE_CHECKPOINT_SOUP_PROGRESS shard=0 candidate=trajectory_centered row=152 ordinal=24/54
SCENE_CHECKPOINT_SOUP_PROGRESS shard=0 candidate=trajectory_centered row=160 ordinal=25/54
SCENE_CHECKPOINT_SOUP_PROGRESS shard=0 candidate=trajectory_centered row=164 ordinal=26/54
SCENE_CHECKPOINT_SOUP_PROGRESS shard=0 candidate=trajectory_centered row=172 ordinal=27/54
SCENE_CHECKPOINT_SOUP_PROGRESS shard=0 candidate=trajectory_centered row=180 ordinal=28/54
SCENE_CHECKPOINT_SOUP_PROGRESS shard=0 candidate=trajectory_centered row=184 ordinal=29/54
SCENE_CHECKPOINT_SOUP_PROGRESS shard=0 candidate=trajectory_centered row=188 ordinal=30/54
SCENE_CHECKPOINT_SOUP_PROGRESS shard=0 candidate=trajectory_centered row=196 ordinal=31/54
SCENE_CHECKPOINT_SOUP_PROGRESS shard=0 candidate=trajectory_centered row=200 ordinal=32/54
SCENE_CHECKPOINT_SOUP_PROGRESS shard=0 candidate=trajectory_centered row=212 ordinal=33/54
SCENE_CHECKPOINT_SOUP_PROGRESS shard=0 candidate=trajectory_centered row=216 ordinal=34/54
SCENE_CHECKPOINT_SOUP_PROGRESS shard=0 candidate=trajectory_centered row=224 ordinal=35/54
SCENE_CHECKPOINT_SOUP_PROGRESS shard=0 candidate=trajectory_centered row=236 ordinal=36/54
SCENE_CHECKPOINT_SOUP_PROGRESS shard=0 candidate=trajectory_centered row=244 ordinal=37/54
SCENE_CHECKPOINT_SOUP_PROGRESS shard=0 candidate=trajectory_centered row=248 ordinal=38/54
SCENE_CHECKPOINT_SOUP_PROGRESS shard=0 candidate=trajectory_centered row=256 ordinal=39/54
SCENE_CHECKPOINT_SOUP_PROGRESS shard=0 candidate=trajectory_centered row=260 ordinal=40/54
SCENE_CHECKPOINT_SOUP_PROGRESS shard=0 candidate=trajectory_centered row=264 ordinal=41/54
SCENE_CHECKPOINT_SOUP_PROGRESS shard=0 candidate=trajectory_centered row=272 ordinal=42/54
SCENE_CHECKPOINT_SOUP_PROGRESS shard=0 candidate=trajectory_centered row=276 ordinal=43/54
SCENE_CHECKPOINT_SOUP_PROGRESS shard=0 candidate=trajectory_centered row=280 ordinal=44/54
SCENE_CHECKPOINT_SOUP_PROGRESS shard=0 candidate=trajectory_centered row=288 ordinal=45/54
SCENE_CHECKPOINT_SOUP_PROGRESS shard=0 candidate=trajectory_centered row=292 ordinal=46/54
SCENE_CHECKPOINT_SOUP_PROGRESS shard=0 candidate=trajectory_centered row=296 ordinal=47/54
SCENE_CHECKPOINT_SOUP_PROGRESS shard=0 candidate=trajectory_centered row=300 ordinal=48/54
SCENE_CHECKPOINT_SOUP_PROGRESS shard=0 candidate=trajectory_centered row=304 ordinal=49/54
SCENE_CHECKPOINT_SOUP_PROGRESS shard=0 candidate=trajectory_centered row=308 ordinal=50/54
SCENE_CHECKPOINT_SOUP_PROGRESS shard=0 candidate=trajectory_centered row=320 ordinal=51/54
SCENE_CHECKPOINT_SOUP_PROGRESS shard=0 candidate=trajectory_centered row=332 ordinal=52/54
SCENE_CHECKPOINT_SOUP_PROGRESS shard=0 candidate=trajectory_centered row=352 ordinal=53/54
SCENE_CHECKPOINT_SOUP_PROGRESS shard=0 candidate=trajectory_centered row=356 ordinal=54/54
SCENE_CHECKPOINT_SOUP_PROGRESS shard=0 candidate=v9_12p5_s16_87p5 row=4 ordinal=1/54
SCENE_CHECKPOINT_SOUP_PROGRESS shard=0 candidate=v9_12p5_s16_87p5 row=12 ordinal=2/54
SCENE_CHECKPOINT_SOUP_PROGRESS shard=0 candidate=v9_12p5_s16_87p5 row=16 ordinal=3/54
SCENE_CHECKPOINT_SOUP_PROGRESS shard=0 candidate=v9_12p5_s16_87p5 row=24 ordinal=4/54
SCENE_CHECKPOINT_SOUP_PROGRESS shard=0 candidate=v9_12p5_s16_87p5 row=28 ordinal=5/54
SCENE_CHECKPOINT_SOUP_PROGRESS shard=0 candidate=v9_12p5_s16_87p5 row=40 ordinal=6/54
SCENE_CHECKPOINT_SOUP_PROGRESS shard=0 candidate=v9_12p5_s16_87p5 row=44 ordinal=7/54
SCENE_CHECKPOINT_SOUP_PROGRESS shard=0 candidate=v9_12p5_s16_87p5 row=48 ordinal=8/54
SCENE_CHECKPOINT_SOUP_PROGRESS shard=0 candidate=v9_12p5_s16_87p5 row=52 ordinal=9/54
SCENE_CHECKPOINT_SOUP_PROGRESS shard=0 candidate=v9_12p5_s16_87p5 row=56 ordinal=10/54
SCENE_CHECKPOINT_SOUP_PROGRESS shard=0 candidate=v9_12p5_s16_87p5 row=60 ordinal=11/54
SCENE_CHECKPOINT_SOUP_PROGRESS shard=0 candidate=v9_12p5_s16_87p5 row=76 ordinal=12/54
SCENE_CHECKPOINT_SOUP_PROGRESS shard=0 candidate=v9_12p5_s16_87p5 row=80 ordinal=13/54
SCENE_CHECKPOINT_SOUP_PROGRESS shard=0 candidate=v9_12p5_s16_87p5 row=84 ordinal=14/54
SCENE_CHECKPOINT_SOUP_PROGRESS shard=0 candidate=v9_12p5_s16_87p5 row=92 ordinal=15/54
SCENE_CHECKPOINT_SOUP_PROGRESS shard=0 candidate=v9_12p5_s16_87p5 row=96 ordinal=16/54
SCENE_CHECKPOINT_SOUP_PROGRESS shard=0 candidate=v9_12p5_s16_87p5 row=100 ordinal=17/54
SCENE_CHECKPOINT_SOUP_PROGRESS shard=0 candidate=v9_12p5_s16_87p5 row=124 ordinal=18/54
SCENE_CHECKPOINT_SOUP_PROGRESS shard=0 candidate=v9_12p5_s16_87p5 row=128 ordinal=19/54
SCENE_CHECKPOINT_SOUP_PROGRESS shard=0 candidate=v9_12p5_s16_87p5 row=132 ordinal=20/54
SCENE_CHECKPOINT_SOUP_PROGRESS shard=0 candidate=v9_12p5_s16_87p5 row=136 ordinal=21/54
SCENE_CHECKPOINT_SOUP_PROGRESS shard=0 candidate=v9_12p5_s16_87p5 row=140 ordinal=22/54
SCENE_CHECKPOINT_SOUP_PROGRESS shard=0 candidate=v9_12p5_s16_87p5 row=144 ordinal=23/54
SCENE_CHECKPOINT_SOUP_PROGRESS shard=0 candidate=v9_12p5_s16_87p5 row=152 ordinal=24/54
SCENE_CHECKPOINT_SOUP_PROGRESS shard=0 candidate=v9_12p5_s16_87p5 row=160 ordinal=25/54
SCENE_CHECKPOINT_SOUP_PROGRESS shard=0 candidate=v9_12p5_s16_87p5 row=164 ordinal=26/54
SCENE_CHECKPOINT_SOUP_PROGRESS shard=0 candidate=v9_12p5_s16_87p5 row=172 ordinal=27/54
SCENE_CHECKPOINT_SOUP_PROGRESS shard=0 candidate=v9_12p5_s16_87p5 row=180 ordinal=28/54
SCENE_CHECKPOINT_SOUP_PROGRESS shard=0 candidate=v9_12p5_s16_87p5 row=184 ordinal=29/54
SCENE_CHECKPOINT_SOUP_PROGRESS shard=0 candidate=v9_12p5_s16_87p5 row=188 ordinal=30/54
SCENE_CHECKPOINT_SOUP_PROGRESS shard=0 candidate=v9_12p5_s16_87p5 row=196 ordinal=31/54
SCENE_CHECKPOINT_SOUP_PROGRESS shard=0 candidate=v9_12p5_s16_87p5 row=200 ordinal=32/54
SCENE_CHECKPOINT_SOUP_PROGRESS shard=0 candidate=v9_12p5_s16_87p5 row=212 ordinal=33/54
SCENE_CHECKPOINT_SOUP_PROGRESS shard=0 candidate=v9_12p5_s16_87p5 row=216 ordinal=34/54
SCENE_CHECKPOINT_SOUP_PROGRESS shard=0 candidate=v9_12p5_s16_87p5 row=224 ordinal=35/54
SCENE_CHECKPOINT_SOUP_PROGRESS shard=0 candidate=v9_12p5_s16_87p5 row=236 ordinal=36/54
SCENE_CHECKPOINT_SOUP_PROGRESS shard=0 candidate=v9_12p5_s16_87p5 row=244 ordinal=37/54
SCENE_CHECKPOINT_SOUP_PROGRESS shard=0 candidate=v9_12p5_s16_87p5 row=248 ordinal=38/54
SCENE_CHECKPOINT_SOUP_PROGRESS shard=0 candidate=v9_12p5_s16_87p5 row=256 ordinal=39/54
SCENE_CHECKPOINT_SOUP_PROGRESS shard=0 candidate=v9_12p5_s16_87p5 row=260 ordinal=40/54
SCENE_CHECKPOINT_SOUP_PROGRESS shard=0 candidate=v9_12p5_s16_87p5 row=264 ordinal=41/54
SCENE_CHECKPOINT_SOUP_PROGRESS shard=0 candidate=v9_12p5_s16_87p5 row=272 ordinal=42/54
SCENE_CHECKPOINT_SOUP_PROGRESS shard=0 candidate=v9_12p5_s16_87p5 row=276 ordinal=43/54
SCENE_CHECKPOINT_SOUP_PROGRESS shard=0 candidate=v9_12p5_s16_87p5 row=280 ordinal=44/54
SCENE_CHECKPOINT_SOUP_PROGRESS shard=0 candidate=v9_12p5_s16_87p5 row=288 ordinal=45/54
SCENE_CHECKPOINT_SOUP_PROGRESS shard=0 candidate=v9_12p5_s16_87p5 row=292 ordinal=46/54
SCENE_CHECKPOINT_SOUP_PROGRESS shard=0 candidate=v9_12p5_s16_87p5 row=296 ordinal=47/54
SCENE_CHECKPOINT_SOUP_PROGRESS shard=0 candidate=v9_12p5_s16_87p5 row=300 ordinal=48/54
SCENE_CHECKPOINT_SOUP_PROGRESS shard=0 candidate=v9_12p5_s16_87p5 row=304 ordinal=49/54
SCENE_CHECKPOINT_SOUP_PROGRESS shard=0 candidate=v9_12p5_s16_87p5 row=308 ordinal=50/54
SCENE_CHECKPOINT_SOUP_PROGRESS shard=0 candidate=v9_12p5_s16_87p5 row=320 ordinal=51/54
SCENE_CHECKPOINT_SOUP_PROGRESS shard=0 candidate=v9_12p5_s16_87p5 row=332 ordinal=52/54
SCENE_CHECKPOINT_SOUP_PROGRESS shard=0 candidate=v9_12p5_s16_87p5 row=352 ordinal=53/54
SCENE_CHECKPOINT_SOUP_PROGRESS shard=0 candidate=v9_12p5_s16_87p5 row=356 ordinal=54/54
SCENE_CHECKPOINT_SOUP_PROGRESS shard=0 candidate=v9_25_s16_75 row=4 ordinal=1/54
SCENE_CHECKPOINT_SOUP_PROGRESS shard=0 candidate=v9_25_s16_75 row=12 ordinal=2/54
SCENE_CHECKPOINT_SOUP_PROGRESS shard=0 candidate=v9_25_s16_75 row=16 ordinal=3/54
SCENE_CHECKPOINT_SOUP_PROGRESS shard=0 candidate=v9_25_s16_75 row=24 ordinal=4/54
SCENE_CHECKPOINT_SOUP_PROGRESS shard=0 candidate=v9_25_s16_75 row=28 ordinal=5/54
SCENE_CHECKPOINT_SOUP_PROGRESS shard=0 candidate=v9_25_s16_75 row=40 ordinal=6/54
SCENE_CHECKPOINT_SOUP_PROGRESS shard=0 candidate=v9_25_s16_75 row=44 ordinal=7/54
SCENE_CHECKPOINT_SOUP_PROGRESS shard=0 candidate=v9_25_s16_75 row=48 ordinal=8/54
SCENE_CHECKPOINT_SOUP_PROGRESS shard=0 candidate=v9_25_s16_75 row=52 ordinal=9/54
SCENE_CHECKPOINT_SOUP_PROGRESS shard=0 candidate=v9_25_s16_75 row=56 ordinal=10/54
SCENE_CHECKPOINT_SOUP_PROGRESS shard=0 candidate=v9_25_s16_75 row=60 ordinal=11/54
SCENE_CHECKPOINT_SOUP_PROGRESS shard=0 candidate=v9_25_s16_75 row=76 ordinal=12/54
SCENE_CHECKPOINT_SOUP_PROGRESS shard=0 candidate=v9_25_s16_75 row=80 ordinal=13/54
SCENE_CHECKPOINT_SOUP_PROGRESS shard=0 candidate=v9_25_s16_75 row=84 ordinal=14/54
SCENE_CHECKPOINT_SOUP_PROGRESS shard=0 candidate=v9_25_s16_75 row=92 ordinal=15/54
SCENE_CHECKPOINT_SOUP_PROGRESS shard=0 candidate=v9_25_s16_75 row=96 ordinal=16/54
SCENE_CHECKPOINT_SOUP_PROGRESS shard=0 candidate=v9_25_s16_75 row=100 ordinal=17/54
SCENE_CHECKPOINT_SOUP_PROGRESS shard=0 candidate=v9_25_s16_75 row=124 ordinal=18/54
SCENE_CHECKPOINT_SOUP_PROGRESS shard=0 candidate=v9_25_s16_75 row=128 ordinal=19/54
SCENE_CHECKPOINT_SOUP_PROGRESS shard=0 candidate=v9_25_s16_75 row=132 ordinal=20/54
SCENE_CHECKPOINT_SOUP_PROGRESS shard=0 candidate=v9_25_s16_75 row=136 ordinal=21/54
SCENE_CHECKPOINT_SOUP_PROGRESS shard=0 candidate=v9_25_s16_75 row=140 ordinal=22/54
SCENE_CHECKPOINT_SOUP_PROGRESS shard=0 candidate=v9_25_s16_75 row=144 ordinal=23/54
SCENE_CHECKPOINT_SOUP_PROGRESS shard=0 candidate=v9_25_s16_75 row=152 ordinal=24/54
SCENE_CHECKPOINT_SOUP_PROGRESS shard=0 candidate=v9_25_s16_75 row=160 ordinal=25/54
SCENE_CHECKPOINT_SOUP_PROGRESS shard=0 candidate=v9_25_s16_75 row=164 ordinal=26/54
SCENE_CHECKPOINT_SOUP_PROGRESS shard=0 candidate=v9_25_s16_75 row=172 ordinal=27/54
SCENE_CHECKPOINT_SOUP_PROGRESS shard=0 candidate=v9_25_s16_75 row=180 ordinal=28/54
SCENE_CHECKPOINT_SOUP_PROGRESS shard=0 candidate=v9_25_s16_75 row=184 ordinal=29/54
SCENE_CHECKPOINT_SOUP_PROGRESS shard=0 candidate=v9_25_s16_75 row=188 ordinal=30/54
SCENE_CHECKPOINT_SOUP_PROGRESS shard=0 candidate=v9_25_s16_75 row=196 ordinal=31/54
SCENE_CHECKPOINT_SOUP_PROGRESS shard=0 candidate=v9_25_s16_75 row=200 ordinal=32/54
SCENE_CHECKPOINT_SOUP_PROGRESS shard=0 candidate=v9_25_s16_75 row=212 ordinal=33/54
SCENE_CHECKPOINT_SOUP_PROGRESS shard=0 candidate=v9_25_s16_75 row=216 ordinal=34/54
SCENE_CHECKPOINT_SOUP_PROGRESS shard=0 candidate=v9_25_s16_75 row=224 ordinal=35/54
SCENE_CHECKPOINT_SOUP_PROGRESS shard=0 candidate=v9_25_s16_75 row=236 ordinal=36/54
SCENE_CHECKPOINT_SOUP_PROGRESS shard=0 candidate=v9_25_s16_75 row=244 ordinal=37/54
SCENE_CHECKPOINT_SOUP_PROGRESS shard=0 candidate=v9_25_s16_75 row=248 ordinal=38/54
SCENE_CHECKPOINT_SOUP_PROGRESS shard=0 candidate=v9_25_s16_75 row=256 ordinal=39/54
SCENE_CHECKPOINT_SOUP_PROGRESS shard=0 candidate=v9_25_s16_75 row=260 ordinal=40/54
SCENE_CHECKPOINT_SOUP_PROGRESS shard=0 candidate=v9_25_s16_75 row=264 ordinal=41/54
SCENE_CHECKPOINT_SOUP_PROGRESS shard=0 candidate=v9_25_s16_75 row=272 ordinal=42/54
SCENE_CHECKPOINT_SOUP_PROGRESS shard=0 candidate=v9_25_s16_75 row=276 ordinal=43/54
SCENE_CHECKPOINT_SOUP_PROGRESS shard=0 candidate=v9_25_s16_75 row=280 ordinal=44/54
SCENE_CHECKPOINT_SOUP_PROGRESS shard=0 candidate=v9_25_s16_75 row=288 ordinal=45/54
SCENE_CHECKPOINT_SOUP_PROGRESS shard=0 candidate=v9_25_s16_75 row=292 ordinal=46/54
SCENE_CHECKPOINT_SOUP_PROGRESS shard=0 candidate=v9_25_s16_75 row=296 ordinal=47/54
SCENE_CHECKPOINT_SOUP_PROGRESS shard=0 candidate=v9_25_s16_75 row=300 ordinal=48/54
SCENE_CHECKPOINT_SOUP_PROGRESS shard=0 candidate=v9_25_s16_75 row=304 ordinal=49/54
SCENE_CHECKPOINT_SOUP_PROGRESS shard=0 candidate=v9_25_s16_75 row=308 ordinal=50/54
SCENE_CHECKPOINT_SOUP_PROGRESS shard=0 candidate=v9_25_s16_75 row=320 ordinal=51/54
SCENE_CHECKPOINT_SOUP_PROGRESS shard=0 candidate=v9_25_s16_75 row=332 ordinal=52/54
SCENE_CHECKPOINT_SOUP_PROGRESS shard=0 candidate=v9_25_s16_75 row=352 ordinal=53/54
SCENE_CHECKPOINT_SOUP_PROGRESS shard=0 candidate=v9_25_s16_75 row=356 ordinal=54/54
SCENE_CHECKPOINT_SOUP_SHARD_COMPLETE shard=0
