Loading weights:   0%|          | 0/2076 [00:00<?, ?it/s]Loading weights:  16%|█▌        | 335/2076 [00:00<00:00, 3338.66it/s]Loading weights:  32%|███▏      | 669/2076 [00:00<00:00, 2993.95it/s]Loading weights:  47%|████▋     | 971/2076 [00:02<00:03, 314.91it/s] Loading weights:  55%|█████▌    | 1142/2076 [00:02<00:02, 338.57it/s]Loading weights:  61%|██████    | 1263/2076 [00:03<00:02, 347.70it/s]Loading weights:  65%|██████▌   | 1354/2076 [00:03<00:02, 349.77it/s]Loading weights:  69%|██████▊   | 1427/2076 [00:03<00:01, 361.36it/s]Loading weights:  85%|████████▍ | 1759/2076 [00:03<00:00, 682.69it/s]Loading weights: 100%|██████████| 2076/2076 [00:03<00:00, 1015.12it/s]Loading weights: 100%|██████████| 2076/2076 [00:03<00:00, 569.69it/s] 
[transformers] The following generation flags are not valid and may be ignored: ['top_p', 'top_k']. Set `TRANSFORMERS_VERBOSITY=info` for more details.
SCENE_CHECKPOINT_SOUP_PROGRESS shard=1 candidate=s8_50_s16_50 row=5 ordinal=1/63
SCENE_CHECKPOINT_SOUP_PROGRESS shard=1 candidate=s8_50_s16_50 row=17 ordinal=2/63
SCENE_CHECKPOINT_SOUP_PROGRESS shard=1 candidate=s8_50_s16_50 row=25 ordinal=3/63
SCENE_CHECKPOINT_SOUP_PROGRESS shard=1 candidate=s8_50_s16_50 row=29 ordinal=4/63
SCENE_CHECKPOINT_SOUP_PROGRESS shard=1 candidate=s8_50_s16_50 row=33 ordinal=5/63
SCENE_CHECKPOINT_SOUP_PROGRESS shard=1 candidate=s8_50_s16_50 row=37 ordinal=6/63
SCENE_CHECKPOINT_SOUP_PROGRESS shard=1 candidate=s8_50_s16_50 row=41 ordinal=7/63
SCENE_CHECKPOINT_SOUP_PROGRESS shard=1 candidate=s8_50_s16_50 row=45 ordinal=8/63
SCENE_CHECKPOINT_SOUP_PROGRESS shard=1 candidate=s8_50_s16_50 row=49 ordinal=9/63
SCENE_CHECKPOINT_SOUP_PROGRESS shard=1 candidate=s8_50_s16_50 row=57 ordinal=10/63
SCENE_CHECKPOINT_SOUP_PROGRESS shard=1 candidate=s8_50_s16_50 row=61 ordinal=11/63
SCENE_CHECKPOINT_SOUP_PROGRESS shard=1 candidate=s8_50_s16_50 row=65 ordinal=12/63
SCENE_CHECKPOINT_SOUP_PROGRESS shard=1 candidate=s8_50_s16_50 row=69 ordinal=13/63
SCENE_CHECKPOINT_SOUP_PROGRESS shard=1 candidate=s8_50_s16_50 row=73 ordinal=14/63
SCENE_CHECKPOINT_SOUP_PROGRESS shard=1 candidate=s8_50_s16_50 row=81 ordinal=15/63
SCENE_CHECKPOINT_SOUP_PROGRESS shard=1 candidate=s8_50_s16_50 row=85 ordinal=16/63
SCENE_CHECKPOINT_SOUP_PROGRESS shard=1 candidate=s8_50_s16_50 row=89 ordinal=17/63
SCENE_CHECKPOINT_SOUP_PROGRESS shard=1 candidate=s8_50_s16_50 row=93 ordinal=18/63
SCENE_CHECKPOINT_SOUP_PROGRESS shard=1 candidate=s8_50_s16_50 row=97 ordinal=19/63
SCENE_CHECKPOINT_SOUP_PROGRESS shard=1 candidate=s8_50_s16_50 row=101 ordinal=20/63
SCENE_CHECKPOINT_SOUP_PROGRESS shard=1 candidate=s8_50_s16_50 row=105 ordinal=21/63
SCENE_CHECKPOINT_SOUP_PROGRESS shard=1 candidate=s8_50_s16_50 row=109 ordinal=22/63
SCENE_CHECKPOINT_SOUP_PROGRESS shard=1 candidate=s8_50_s16_50 row=113 ordinal=23/63
SCENE_CHECKPOINT_SOUP_PROGRESS shard=1 candidate=s8_50_s16_50 row=117 ordinal=24/63
SCENE_CHECKPOINT_SOUP_PROGRESS shard=1 candidate=s8_50_s16_50 row=121 ordinal=25/63
SCENE_CHECKPOINT_SOUP_PROGRESS shard=1 candidate=s8_50_s16_50 row=125 ordinal=26/63
SCENE_CHECKPOINT_SOUP_PROGRESS shard=1 candidate=s8_50_s16_50 row=129 ordinal=27/63
SCENE_CHECKPOINT_SOUP_PROGRESS shard=1 candidate=s8_50_s16_50 row=133 ordinal=28/63
SCENE_CHECKPOINT_SOUP_PROGRESS shard=1 candidate=s8_50_s16_50 row=141 ordinal=29/63
SCENE_CHECKPOINT_SOUP_PROGRESS shard=1 candidate=s8_50_s16_50 row=145 ordinal=30/63
SCENE_CHECKPOINT_SOUP_PROGRESS shard=1 candidate=s8_50_s16_50 row=153 ordinal=31/63
SCENE_CHECKPOINT_SOUP_PROGRESS shard=1 candidate=s8_50_s16_50 row=157 ordinal=32/63
SCENE_CHECKPOINT_SOUP_PROGRESS shard=1 candidate=s8_50_s16_50 row=161 ordinal=33/63
SCENE_CHECKPOINT_SOUP_PROGRESS shard=1 candidate=s8_50_s16_50 row=165 ordinal=34/63
SCENE_CHECKPOINT_SOUP_PROGRESS shard=1 candidate=s8_50_s16_50 row=173 ordinal=35/63
SCENE_CHECKPOINT_SOUP_PROGRESS shard=1 candidate=s8_50_s16_50 row=177 ordinal=36/63
SCENE_CHECKPOINT_SOUP_PROGRESS shard=1 candidate=s8_50_s16_50 row=181 ordinal=37/63
SCENE_CHECKPOINT_SOUP_PROGRESS shard=1 candidate=s8_50_s16_50 row=185 ordinal=38/63
SCENE_CHECKPOINT_SOUP_PROGRESS shard=1 candidate=s8_50_s16_50 row=189 ordinal=39/63
SCENE_CHECKPOINT_SOUP_PROGRESS shard=1 candidate=s8_50_s16_50 row=193 ordinal=40/63
SCENE_CHECKPOINT_SOUP_PROGRESS shard=1 candidate=s8_50_s16_50 row=197 ordinal=41/63
SCENE_CHECKPOINT_SOUP_PROGRESS shard=1 candidate=s8_50_s16_50 row=201 ordinal=42/63
SCENE_CHECKPOINT_SOUP_PROGRESS shard=1 candidate=s8_50_s16_50 row=209 ordinal=43/63
SCENE_CHECKPOINT_SOUP_PROGRESS shard=1 candidate=s8_50_s16_50 row=213 ordinal=44/63
SCENE_CHECKPOINT_SOUP_PROGRESS shard=1 candidate=s8_50_s16_50 row=221 ordinal=45/63
SCENE_CHECKPOINT_SOUP_PROGRESS shard=1 candidate=s8_50_s16_50 row=225 ordinal=46/63
SCENE_CHECKPOINT_SOUP_PROGRESS shard=1 candidate=s8_50_s16_50 row=233 ordinal=47/63
SCENE_CHECKPOINT_SOUP_PROGRESS shard=1 candidate=s8_50_s16_50 row=245 ordinal=48/63
SCENE_CHECKPOINT_SOUP_PROGRESS shard=1 candidate=s8_50_s16_50 row=253 ordinal=49/63
SCENE_CHECKPOINT_SOUP_PROGRESS shard=1 candidate=s8_50_s16_50 row=257 ordinal=50/63
SCENE_CHECKPOINT_SOUP_PROGRESS shard=1 candidate=s8_50_s16_50 row=261 ordinal=51/63
SCENE_CHECKPOINT_SOUP_PROGRESS shard=1 candidate=s8_50_s16_50 row=273 ordinal=52/63
SCENE_CHECKPOINT_SOUP_PROGRESS shard=1 candidate=s8_50_s16_50 row=281 ordinal=53/63
SCENE_CHECKPOINT_SOUP_PROGRESS shard=1 candidate=s8_50_s16_50 row=285 ordinal=54/63
SCENE_CHECKPOINT_SOUP_PROGRESS shard=1 candidate=s8_50_s16_50 row=301 ordinal=55/63
SCENE_CHECKPOINT_SOUP_PROGRESS shard=1 candidate=s8_50_s16_50 row=305 ordinal=56/63
SCENE_CHECKPOINT_SOUP_PROGRESS shard=1 candidate=s8_50_s16_50 row=309 ordinal=57/63
SCENE_CHECKPOINT_SOUP_PROGRESS shard=1 candidate=s8_50_s16_50 row=321 ordinal=58/63
SCENE_CHECKPOINT_SOUP_PROGRESS shard=1 candidate=s8_50_s16_50 row=333 ordinal=59/63
SCENE_CHECKPOINT_SOUP_PROGRESS shard=1 candidate=s8_50_s16_50 row=341 ordinal=60/63
SCENE_CHECKPOINT_SOUP_PROGRESS shard=1 candidate=s8_50_s16_50 row=349 ordinal=61/63
SCENE_CHECKPOINT_SOUP_PROGRESS shard=1 candidate=s8_50_s16_50 row=353 ordinal=62/63
SCENE_CHECKPOINT_SOUP_PROGRESS shard=1 candidate=s8_50_s16_50 row=357 ordinal=63/63
SCENE_CHECKPOINT_SOUP_PROGRESS shard=1 candidate=s8_25_s16_75 row=5 ordinal=1/63
SCENE_CHECKPOINT_SOUP_PROGRESS shard=1 candidate=s8_25_s16_75 row=17 ordinal=2/63
SCENE_CHECKPOINT_SOUP_PROGRESS shard=1 candidate=s8_25_s16_75 row=25 ordinal=3/63
SCENE_CHECKPOINT_SOUP_PROGRESS shard=1 candidate=s8_25_s16_75 row=29 ordinal=4/63
SCENE_CHECKPOINT_SOUP_PROGRESS shard=1 candidate=s8_25_s16_75 row=33 ordinal=5/63
SCENE_CHECKPOINT_SOUP_PROGRESS shard=1 candidate=s8_25_s16_75 row=37 ordinal=6/63
SCENE_CHECKPOINT_SOUP_PROGRESS shard=1 candidate=s8_25_s16_75 row=41 ordinal=7/63
SCENE_CHECKPOINT_SOUP_PROGRESS shard=1 candidate=s8_25_s16_75 row=45 ordinal=8/63
SCENE_CHECKPOINT_SOUP_PROGRESS shard=1 candidate=s8_25_s16_75 row=49 ordinal=9/63
SCENE_CHECKPOINT_SOUP_PROGRESS shard=1 candidate=s8_25_s16_75 row=57 ordinal=10/63
SCENE_CHECKPOINT_SOUP_PROGRESS shard=1 candidate=s8_25_s16_75 row=61 ordinal=11/63
SCENE_CHECKPOINT_SOUP_PROGRESS shard=1 candidate=s8_25_s16_75 row=65 ordinal=12/63
SCENE_CHECKPOINT_SOUP_PROGRESS shard=1 candidate=s8_25_s16_75 row=69 ordinal=13/63
SCENE_CHECKPOINT_SOUP_PROGRESS shard=1 candidate=s8_25_s16_75 row=73 ordinal=14/63
SCENE_CHECKPOINT_SOUP_PROGRESS shard=1 candidate=s8_25_s16_75 row=81 ordinal=15/63
SCENE_CHECKPOINT_SOUP_PROGRESS shard=1 candidate=s8_25_s16_75 row=85 ordinal=16/63
SCENE_CHECKPOINT_SOUP_PROGRESS shard=1 candidate=s8_25_s16_75 row=89 ordinal=17/63
SCENE_CHECKPOINT_SOUP_PROGRESS shard=1 candidate=s8_25_s16_75 row=93 ordinal=18/63
SCENE_CHECKPOINT_SOUP_PROGRESS shard=1 candidate=s8_25_s16_75 row=97 ordinal=19/63
SCENE_CHECKPOINT_SOUP_PROGRESS shard=1 candidate=s8_25_s16_75 row=101 ordinal=20/63
SCENE_CHECKPOINT_SOUP_PROGRESS shard=1 candidate=s8_25_s16_75 row=105 ordinal=21/63
SCENE_CHECKPOINT_SOUP_PROGRESS shard=1 candidate=s8_25_s16_75 row=109 ordinal=22/63
SCENE_CHECKPOINT_SOUP_PROGRESS shard=1 candidate=s8_25_s16_75 row=113 ordinal=23/63
SCENE_CHECKPOINT_SOUP_PROGRESS shard=1 candidate=s8_25_s16_75 row=117 ordinal=24/63
SCENE_CHECKPOINT_SOUP_PROGRESS shard=1 candidate=s8_25_s16_75 row=121 ordinal=25/63
SCENE_CHECKPOINT_SOUP_PROGRESS shard=1 candidate=s8_25_s16_75 row=125 ordinal=26/63
SCENE_CHECKPOINT_SOUP_PROGRESS shard=1 candidate=s8_25_s16_75 row=129 ordinal=27/63
SCENE_CHECKPOINT_SOUP_PROGRESS shard=1 candidate=s8_25_s16_75 row=133 ordinal=28/63
SCENE_CHECKPOINT_SOUP_PROGRESS shard=1 candidate=s8_25_s16_75 row=141 ordinal=29/63
SCENE_CHECKPOINT_SOUP_PROGRESS shard=1 candidate=s8_25_s16_75 row=145 ordinal=30/63
SCENE_CHECKPOINT_SOUP_PROGRESS shard=1 candidate=s8_25_s16_75 row=153 ordinal=31/63
SCENE_CHECKPOINT_SOUP_PROGRESS shard=1 candidate=s8_25_s16_75 row=157 ordinal=32/63
SCENE_CHECKPOINT_SOUP_PROGRESS shard=1 candidate=s8_25_s16_75 row=161 ordinal=33/63
SCENE_CHECKPOINT_SOUP_PROGRESS shard=1 candidate=s8_25_s16_75 row=165 ordinal=34/63
SCENE_CHECKPOINT_SOUP_PROGRESS shard=1 candidate=s8_25_s16_75 row=173 ordinal=35/63
SCENE_CHECKPOINT_SOUP_PROGRESS shard=1 candidate=s8_25_s16_75 row=177 ordinal=36/63
SCENE_CHECKPOINT_SOUP_PROGRESS shard=1 candidate=s8_25_s16_75 row=181 ordinal=37/63
SCENE_CHECKPOINT_SOUP_PROGRESS shard=1 candidate=s8_25_s16_75 row=185 ordinal=38/63
SCENE_CHECKPOINT_SOUP_PROGRESS shard=1 candidate=s8_25_s16_75 row=189 ordinal=39/63
SCENE_CHECKPOINT_SOUP_PROGRESS shard=1 candidate=s8_25_s16_75 row=193 ordinal=40/63
SCENE_CHECKPOINT_SOUP_PROGRESS shard=1 candidate=s8_25_s16_75 row=197 ordinal=41/63
SCENE_CHECKPOINT_SOUP_PROGRESS shard=1 candidate=s8_25_s16_75 row=201 ordinal=42/63
SCENE_CHECKPOINT_SOUP_PROGRESS shard=1 candidate=s8_25_s16_75 row=209 ordinal=43/63
SCENE_CHECKPOINT_SOUP_PROGRESS shard=1 candidate=s8_25_s16_75 row=213 ordinal=44/63
SCENE_CHECKPOINT_SOUP_PROGRESS shard=1 candidate=s8_25_s16_75 row=221 ordinal=45/63
SCENE_CHECKPOINT_SOUP_PROGRESS shard=1 candidate=s8_25_s16_75 row=225 ordinal=46/63
SCENE_CHECKPOINT_SOUP_PROGRESS shard=1 candidate=s8_25_s16_75 row=233 ordinal=47/63
SCENE_CHECKPOINT_SOUP_PROGRESS shard=1 candidate=s8_25_s16_75 row=245 ordinal=48/63
SCENE_CHECKPOINT_SOUP_PROGRESS shard=1 candidate=s8_25_s16_75 row=253 ordinal=49/63
SCENE_CHECKPOINT_SOUP_PROGRESS shard=1 candidate=s8_25_s16_75 row=257 ordinal=50/63
SCENE_CHECKPOINT_SOUP_PROGRESS shard=1 candidate=s8_25_s16_75 row=261 ordinal=51/63
SCENE_CHECKPOINT_SOUP_PROGRESS shard=1 candidate=s8_25_s16_75 row=273 ordinal=52/63
SCENE_CHECKPOINT_SOUP_PROGRESS shard=1 candidate=s8_25_s16_75 row=281 ordinal=53/63
SCENE_CHECKPOINT_SOUP_PROGRESS shard=1 candidate=s8_25_s16_75 row=285 ordinal=54/63
SCENE_CHECKPOINT_SOUP_PROGRESS shard=1 candidate=s8_25_s16_75 row=301 ordinal=55/63
SCENE_CHECKPOINT_SOUP_PROGRESS shard=1 candidate=s8_25_s16_75 row=305 ordinal=56/63
SCENE_CHECKPOINT_SOUP_PROGRESS shard=1 candidate=s8_25_s16_75 row=309 ordinal=57/63
SCENE_CHECKPOINT_SOUP_PROGRESS shard=1 candidate=s8_25_s16_75 row=321 ordinal=58/63
SCENE_CHECKPOINT_SOUP_PROGRESS shard=1 candidate=s8_25_s16_75 row=333 ordinal=59/63
SCENE_CHECKPOINT_SOUP_PROGRESS shard=1 candidate=s8_25_s16_75 row=341 ordinal=60/63
SCENE_CHECKPOINT_SOUP_PROGRESS shard=1 candidate=s8_25_s16_75 row=349 ordinal=61/63
SCENE_CHECKPOINT_SOUP_PROGRESS shard=1 candidate=s8_25_s16_75 row=353 ordinal=62/63
SCENE_CHECKPOINT_SOUP_PROGRESS shard=1 candidate=s8_25_s16_75 row=357 ordinal=63/63
SCENE_CHECKPOINT_SOUP_PROGRESS shard=1 candidate=s16_75_s32_25 row=5 ordinal=1/63
SCENE_CHECKPOINT_SOUP_PROGRESS shard=1 candidate=s16_75_s32_25 row=17 ordinal=2/63
SCENE_CHECKPOINT_SOUP_PROGRESS shard=1 candidate=s16_75_s32_25 row=25 ordinal=3/63
SCENE_CHECKPOINT_SOUP_PROGRESS shard=1 candidate=s16_75_s32_25 row=29 ordinal=4/63
SCENE_CHECKPOINT_SOUP_PROGRESS shard=1 candidate=s16_75_s32_25 row=33 ordinal=5/63
SCENE_CHECKPOINT_SOUP_PROGRESS shard=1 candidate=s16_75_s32_25 row=37 ordinal=6/63
SCENE_CHECKPOINT_SOUP_PROGRESS shard=1 candidate=s16_75_s32_25 row=41 ordinal=7/63
SCENE_CHECKPOINT_SOUP_PROGRESS shard=1 candidate=s16_75_s32_25 row=45 ordinal=8/63
SCENE_CHECKPOINT_SOUP_PROGRESS shard=1 candidate=s16_75_s32_25 row=49 ordinal=9/63
SCENE_CHECKPOINT_SOUP_PROGRESS shard=1 candidate=s16_75_s32_25 row=57 ordinal=10/63
SCENE_CHECKPOINT_SOUP_PROGRESS shard=1 candidate=s16_75_s32_25 row=61 ordinal=11/63
SCENE_CHECKPOINT_SOUP_PROGRESS shard=1 candidate=s16_75_s32_25 row=65 ordinal=12/63
SCENE_CHECKPOINT_SOUP_PROGRESS shard=1 candidate=s16_75_s32_25 row=69 ordinal=13/63
SCENE_CHECKPOINT_SOUP_PROGRESS shard=1 candidate=s16_75_s32_25 row=73 ordinal=14/63
SCENE_CHECKPOINT_SOUP_PROGRESS shard=1 candidate=s16_75_s32_25 row=81 ordinal=15/63
SCENE_CHECKPOINT_SOUP_PROGRESS shard=1 candidate=s16_75_s32_25 row=85 ordinal=16/63
SCENE_CHECKPOINT_SOUP_PROGRESS shard=1 candidate=s16_75_s32_25 row=89 ordinal=17/63
SCENE_CHECKPOINT_SOUP_PROGRESS shard=1 candidate=s16_75_s32_25 row=93 ordinal=18/63
SCENE_CHECKPOINT_SOUP_PROGRESS shard=1 candidate=s16_75_s32_25 row=97 ordinal=19/63
SCENE_CHECKPOINT_SOUP_PROGRESS shard=1 candidate=s16_75_s32_25 row=101 ordinal=20/63
SCENE_CHECKPOINT_SOUP_PROGRESS shard=1 candidate=s16_75_s32_25 row=105 ordinal=21/63
SCENE_CHECKPOINT_SOUP_PROGRESS shard=1 candidate=s16_75_s32_25 row=109 ordinal=22/63
SCENE_CHECKPOINT_SOUP_PROGRESS shard=1 candidate=s16_75_s32_25 row=113 ordinal=23/63
SCENE_CHECKPOINT_SOUP_PROGRESS shard=1 candidate=s16_75_s32_25 row=117 ordinal=24/63
SCENE_CHECKPOINT_SOUP_PROGRESS shard=1 candidate=s16_75_s32_25 row=121 ordinal=25/63
SCENE_CHECKPOINT_SOUP_PROGRESS shard=1 candidate=s16_75_s32_25 row=125 ordinal=26/63
SCENE_CHECKPOINT_SOUP_PROGRESS shard=1 candidate=s16_75_s32_25 row=129 ordinal=27/63
SCENE_CHECKPOINT_SOUP_PROGRESS shard=1 candidate=s16_75_s32_25 row=133 ordinal=28/63
SCENE_CHECKPOINT_SOUP_PROGRESS shard=1 candidate=s16_75_s32_25 row=141 ordinal=29/63
SCENE_CHECKPOINT_SOUP_PROGRESS shard=1 candidate=s16_75_s32_25 row=145 ordinal=30/63
SCENE_CHECKPOINT_SOUP_PROGRESS shard=1 candidate=s16_75_s32_25 row=153 ordinal=31/63
SCENE_CHECKPOINT_SOUP_PROGRESS shard=1 candidate=s16_75_s32_25 row=157 ordinal=32/63
SCENE_CHECKPOINT_SOUP_PROGRESS shard=1 candidate=s16_75_s32_25 row=161 ordinal=33/63
SCENE_CHECKPOINT_SOUP_PROGRESS shard=1 candidate=s16_75_s32_25 row=165 ordinal=34/63
SCENE_CHECKPOINT_SOUP_PROGRESS shard=1 candidate=s16_75_s32_25 row=173 ordinal=35/63
SCENE_CHECKPOINT_SOUP_PROGRESS shard=1 candidate=s16_75_s32_25 row=177 ordinal=36/63
SCENE_CHECKPOINT_SOUP_PROGRESS shard=1 candidate=s16_75_s32_25 row=181 ordinal=37/63
SCENE_CHECKPOINT_SOUP_PROGRESS shard=1 candidate=s16_75_s32_25 row=185 ordinal=38/63
SCENE_CHECKPOINT_SOUP_PROGRESS shard=1 candidate=s16_75_s32_25 row=189 ordinal=39/63
SCENE_CHECKPOINT_SOUP_PROGRESS shard=1 candidate=s16_75_s32_25 row=193 ordinal=40/63
SCENE_CHECKPOINT_SOUP_PROGRESS shard=1 candidate=s16_75_s32_25 row=197 ordinal=41/63
SCENE_CHECKPOINT_SOUP_PROGRESS shard=1 candidate=s16_75_s32_25 row=201 ordinal=42/63
SCENE_CHECKPOINT_SOUP_PROGRESS shard=1 candidate=s16_75_s32_25 row=209 ordinal=43/63
SCENE_CHECKPOINT_SOUP_PROGRESS shard=1 candidate=s16_75_s32_25 row=213 ordinal=44/63
SCENE_CHECKPOINT_SOUP_PROGRESS shard=1 candidate=s16_75_s32_25 row=221 ordinal=45/63
SCENE_CHECKPOINT_SOUP_PROGRESS shard=1 candidate=s16_75_s32_25 row=225 ordinal=46/63
SCENE_CHECKPOINT_SOUP_PROGRESS shard=1 candidate=s16_75_s32_25 row=233 ordinal=47/63
SCENE_CHECKPOINT_SOUP_PROGRESS shard=1 candidate=s16_75_s32_25 row=245 ordinal=48/63
SCENE_CHECKPOINT_SOUP_PROGRESS shard=1 candidate=s16_75_s32_25 row=253 ordinal=49/63
SCENE_CHECKPOINT_SOUP_PROGRESS shard=1 candidate=s16_75_s32_25 row=257 ordinal=50/63
SCENE_CHECKPOINT_SOUP_PROGRESS shard=1 candidate=s16_75_s32_25 row=261 ordinal=51/63
SCENE_CHECKPOINT_SOUP_PROGRESS shard=1 candidate=s16_75_s32_25 row=273 ordinal=52/63
SCENE_CHECKPOINT_SOUP_PROGRESS shard=1 candidate=s16_75_s32_25 row=281 ordinal=53/63
SCENE_CHECKPOINT_SOUP_PROGRESS shard=1 candidate=s16_75_s32_25 row=285 ordinal=54/63
SCENE_CHECKPOINT_SOUP_PROGRESS shard=1 candidate=s16_75_s32_25 row=301 ordinal=55/63
SCENE_CHECKPOINT_SOUP_PROGRESS shard=1 candidate=s16_75_s32_25 row=305 ordinal=56/63
SCENE_CHECKPOINT_SOUP_PROGRESS shard=1 candidate=s16_75_s32_25 row=309 ordinal=57/63
SCENE_CHECKPOINT_SOUP_PROGRESS shard=1 candidate=s16_75_s32_25 row=321 ordinal=58/63
SCENE_CHECKPOINT_SOUP_PROGRESS shard=1 candidate=s16_75_s32_25 row=333 ordinal=59/63
SCENE_CHECKPOINT_SOUP_PROGRESS shard=1 candidate=s16_75_s32_25 row=341 ordinal=60/63
SCENE_CHECKPOINT_SOUP_PROGRESS shard=1 candidate=s16_75_s32_25 row=349 ordinal=61/63
SCENE_CHECKPOINT_SOUP_PROGRESS shard=1 candidate=s16_75_s32_25 row=353 ordinal=62/63
SCENE_CHECKPOINT_SOUP_PROGRESS shard=1 candidate=s16_75_s32_25 row=357 ordinal=63/63
SCENE_CHECKPOINT_SOUP_PROGRESS shard=1 candidate=s16_50_s32_50 row=5 ordinal=1/63
SCENE_CHECKPOINT_SOUP_PROGRESS shard=1 candidate=s16_50_s32_50 row=17 ordinal=2/63
SCENE_CHECKPOINT_SOUP_PROGRESS shard=1 candidate=s16_50_s32_50 row=25 ordinal=3/63
SCENE_CHECKPOINT_SOUP_PROGRESS shard=1 candidate=s16_50_s32_50 row=29 ordinal=4/63
SCENE_CHECKPOINT_SOUP_PROGRESS shard=1 candidate=s16_50_s32_50 row=33 ordinal=5/63
SCENE_CHECKPOINT_SOUP_PROGRESS shard=1 candidate=s16_50_s32_50 row=37 ordinal=6/63
SCENE_CHECKPOINT_SOUP_PROGRESS shard=1 candidate=s16_50_s32_50 row=41 ordinal=7/63
SCENE_CHECKPOINT_SOUP_PROGRESS shard=1 candidate=s16_50_s32_50 row=45 ordinal=8/63
SCENE_CHECKPOINT_SOUP_PROGRESS shard=1 candidate=s16_50_s32_50 row=49 ordinal=9/63
SCENE_CHECKPOINT_SOUP_PROGRESS shard=1 candidate=s16_50_s32_50 row=57 ordinal=10/63
SCENE_CHECKPOINT_SOUP_PROGRESS shard=1 candidate=s16_50_s32_50 row=61 ordinal=11/63
SCENE_CHECKPOINT_SOUP_PROGRESS shard=1 candidate=s16_50_s32_50 row=65 ordinal=12/63
SCENE_CHECKPOINT_SOUP_PROGRESS shard=1 candidate=s16_50_s32_50 row=69 ordinal=13/63
SCENE_CHECKPOINT_SOUP_PROGRESS shard=1 candidate=s16_50_s32_50 row=73 ordinal=14/63
SCENE_CHECKPOINT_SOUP_PROGRESS shard=1 candidate=s16_50_s32_50 row=81 ordinal=15/63
SCENE_CHECKPOINT_SOUP_PROGRESS shard=1 candidate=s16_50_s32_50 row=85 ordinal=16/63
SCENE_CHECKPOINT_SOUP_PROGRESS shard=1 candidate=s16_50_s32_50 row=89 ordinal=17/63
SCENE_CHECKPOINT_SOUP_PROGRESS shard=1 candidate=s16_50_s32_50 row=93 ordinal=18/63
SCENE_CHECKPOINT_SOUP_PROGRESS shard=1 candidate=s16_50_s32_50 row=97 ordinal=19/63
SCENE_CHECKPOINT_SOUP_PROGRESS shard=1 candidate=s16_50_s32_50 row=101 ordinal=20/63
SCENE_CHECKPOINT_SOUP_PROGRESS shard=1 candidate=s16_50_s32_50 row=105 ordinal=21/63
SCENE_CHECKPOINT_SOUP_PROGRESS shard=1 candidate=s16_50_s32_50 row=109 ordinal=22/63
SCENE_CHECKPOINT_SOUP_PROGRESS shard=1 candidate=s16_50_s32_50 row=113 ordinal=23/63
SCENE_CHECKPOINT_SOUP_PROGRESS shard=1 candidate=s16_50_s32_50 row=117 ordinal=24/63
SCENE_CHECKPOINT_SOUP_PROGRESS shard=1 candidate=s16_50_s32_50 row=121 ordinal=25/63
SCENE_CHECKPOINT_SOUP_PROGRESS shard=1 candidate=s16_50_s32_50 row=125 ordinal=26/63
SCENE_CHECKPOINT_SOUP_PROGRESS shard=1 candidate=s16_50_s32_50 row=129 ordinal=27/63
SCENE_CHECKPOINT_SOUP_PROGRESS shard=1 candidate=s16_50_s32_50 row=133 ordinal=28/63
SCENE_CHECKPOINT_SOUP_PROGRESS shard=1 candidate=s16_50_s32_50 row=141 ordinal=29/63
SCENE_CHECKPOINT_SOUP_PROGRESS shard=1 candidate=s16_50_s32_50 row=145 ordinal=30/63
SCENE_CHECKPOINT_SOUP_PROGRESS shard=1 candidate=s16_50_s32_50 row=153 ordinal=31/63
SCENE_CHECKPOINT_SOUP_PROGRESS shard=1 candidate=s16_50_s32_50 row=157 ordinal=32/63
SCENE_CHECKPOINT_SOUP_PROGRESS shard=1 candidate=s16_50_s32_50 row=161 ordinal=33/63
SCENE_CHECKPOINT_SOUP_PROGRESS shard=1 candidate=s16_50_s32_50 row=165 ordinal=34/63
SCENE_CHECKPOINT_SOUP_PROGRESS shard=1 candidate=s16_50_s32_50 row=173 ordinal=35/63
SCENE_CHECKPOINT_SOUP_PROGRESS shard=1 candidate=s16_50_s32_50 row=177 ordinal=36/63
SCENE_CHECKPOINT_SOUP_PROGRESS shard=1 candidate=s16_50_s32_50 row=181 ordinal=37/63
SCENE_CHECKPOINT_SOUP_PROGRESS shard=1 candidate=s16_50_s32_50 row=185 ordinal=38/63
SCENE_CHECKPOINT_SOUP_PROGRESS shard=1 candidate=s16_50_s32_50 row=189 ordinal=39/63
SCENE_CHECKPOINT_SOUP_PROGRESS shard=1 candidate=s16_50_s32_50 row=193 ordinal=40/63
SCENE_CHECKPOINT_SOUP_PROGRESS shard=1 candidate=s16_50_s32_50 row=197 ordinal=41/63
SCENE_CHECKPOINT_SOUP_PROGRESS shard=1 candidate=s16_50_s32_50 row=201 ordinal=42/63
SCENE_CHECKPOINT_SOUP_PROGRESS shard=1 candidate=s16_50_s32_50 row=209 ordinal=43/63
SCENE_CHECKPOINT_SOUP_PROGRESS shard=1 candidate=s16_50_s32_50 row=213 ordinal=44/63
SCENE_CHECKPOINT_SOUP_PROGRESS shard=1 candidate=s16_50_s32_50 row=221 ordinal=45/63
SCENE_CHECKPOINT_SOUP_PROGRESS shard=1 candidate=s16_50_s32_50 row=225 ordinal=46/63
SCENE_CHECKPOINT_SOUP_PROGRESS shard=1 candidate=s16_50_s32_50 row=233 ordinal=47/63
SCENE_CHECKPOINT_SOUP_PROGRESS shard=1 candidate=s16_50_s32_50 row=245 ordinal=48/63
SCENE_CHECKPOINT_SOUP_PROGRESS shard=1 candidate=s16_50_s32_50 row=253 ordinal=49/63
SCENE_CHECKPOINT_SOUP_PROGRESS shard=1 candidate=s16_50_s32_50 row=257 ordinal=50/63
SCENE_CHECKPOINT_SOUP_PROGRESS shard=1 candidate=s16_50_s32_50 row=261 ordinal=51/63
SCENE_CHECKPOINT_SOUP_PROGRESS shard=1 candidate=s16_50_s32_50 row=273 ordinal=52/63
SCENE_CHECKPOINT_SOUP_PROGRESS shard=1 candidate=s16_50_s32_50 row=281 ordinal=53/63
SCENE_CHECKPOINT_SOUP_PROGRESS shard=1 candidate=s16_50_s32_50 row=285 ordinal=54/63
SCENE_CHECKPOINT_SOUP_PROGRESS shard=1 candidate=s16_50_s32_50 row=301 ordinal=55/63
SCENE_CHECKPOINT_SOUP_PROGRESS shard=1 candidate=s16_50_s32_50 row=305 ordinal=56/63
SCENE_CHECKPOINT_SOUP_PROGRESS shard=1 candidate=s16_50_s32_50 row=309 ordinal=57/63
SCENE_CHECKPOINT_SOUP_PROGRESS shard=1 candidate=s16_50_s32_50 row=321 ordinal=58/63
SCENE_CHECKPOINT_SOUP_PROGRESS shard=1 candidate=s16_50_s32_50 row=333 ordinal=59/63
SCENE_CHECKPOINT_SOUP_PROGRESS shard=1 candidate=s16_50_s32_50 row=341 ordinal=60/63
SCENE_CHECKPOINT_SOUP_PROGRESS shard=1 candidate=s16_50_s32_50 row=349 ordinal=61/63
SCENE_CHECKPOINT_SOUP_PROGRESS shard=1 candidate=s16_50_s32_50 row=353 ordinal=62/63
SCENE_CHECKPOINT_SOUP_PROGRESS shard=1 candidate=s16_50_s32_50 row=357 ordinal=63/63
SCENE_CHECKPOINT_SOUP_PROGRESS shard=1 candidate=trajectory_centered row=5 ordinal=1/63
SCENE_CHECKPOINT_SOUP_PROGRESS shard=1 candidate=trajectory_centered row=17 ordinal=2/63
SCENE_CHECKPOINT_SOUP_PROGRESS shard=1 candidate=trajectory_centered row=25 ordinal=3/63
SCENE_CHECKPOINT_SOUP_PROGRESS shard=1 candidate=trajectory_centered row=29 ordinal=4/63
SCENE_CHECKPOINT_SOUP_PROGRESS shard=1 candidate=trajectory_centered row=33 ordinal=5/63
SCENE_CHECKPOINT_SOUP_PROGRESS shard=1 candidate=trajectory_centered row=37 ordinal=6/63
SCENE_CHECKPOINT_SOUP_PROGRESS shard=1 candidate=trajectory_centered row=41 ordinal=7/63
SCENE_CHECKPOINT_SOUP_PROGRESS shard=1 candidate=trajectory_centered row=45 ordinal=8/63
SCENE_CHECKPOINT_SOUP_PROGRESS shard=1 candidate=trajectory_centered row=49 ordinal=9/63
SCENE_CHECKPOINT_SOUP_PROGRESS shard=1 candidate=trajectory_centered row=57 ordinal=10/63
SCENE_CHECKPOINT_SOUP_PROGRESS shard=1 candidate=trajectory_centered row=61 ordinal=11/63
SCENE_CHECKPOINT_SOUP_PROGRESS shard=1 candidate=trajectory_centered row=65 ordinal=12/63
SCENE_CHECKPOINT_SOUP_PROGRESS shard=1 candidate=trajectory_centered row=69 ordinal=13/63
SCENE_CHECKPOINT_SOUP_PROGRESS shard=1 candidate=trajectory_centered row=73 ordinal=14/63
SCENE_CHECKPOINT_SOUP_PROGRESS shard=1 candidate=trajectory_centered row=81 ordinal=15/63
SCENE_CHECKPOINT_SOUP_PROGRESS shard=1 candidate=trajectory_centered row=85 ordinal=16/63
SCENE_CHECKPOINT_SOUP_PROGRESS shard=1 candidate=trajectory_centered row=89 ordinal=17/63
SCENE_CHECKPOINT_SOUP_PROGRESS shard=1 candidate=trajectory_centered row=93 ordinal=18/63
SCENE_CHECKPOINT_SOUP_PROGRESS shard=1 candidate=trajectory_centered row=97 ordinal=19/63
SCENE_CHECKPOINT_SOUP_PROGRESS shard=1 candidate=trajectory_centered row=101 ordinal=20/63
SCENE_CHECKPOINT_SOUP_PROGRESS shard=1 candidate=trajectory_centered row=105 ordinal=21/63
SCENE_CHECKPOINT_SOUP_PROGRESS shard=1 candidate=trajectory_centered row=109 ordinal=22/63
SCENE_CHECKPOINT_SOUP_PROGRESS shard=1 candidate=trajectory_centered row=113 ordinal=23/63
SCENE_CHECKPOINT_SOUP_PROGRESS shard=1 candidate=trajectory_centered row=117 ordinal=24/63
SCENE_CHECKPOINT_SOUP_PROGRESS shard=1 candidate=trajectory_centered row=121 ordinal=25/63
SCENE_CHECKPOINT_SOUP_PROGRESS shard=1 candidate=trajectory_centered row=125 ordinal=26/63
SCENE_CHECKPOINT_SOUP_PROGRESS shard=1 candidate=trajectory_centered row=129 ordinal=27/63
SCENE_CHECKPOINT_SOUP_PROGRESS shard=1 candidate=trajectory_centered row=133 ordinal=28/63
SCENE_CHECKPOINT_SOUP_PROGRESS shard=1 candidate=trajectory_centered row=141 ordinal=29/63
SCENE_CHECKPOINT_SOUP_PROGRESS shard=1 candidate=trajectory_centered row=145 ordinal=30/63
SCENE_CHECKPOINT_SOUP_PROGRESS shard=1 candidate=trajectory_centered row=153 ordinal=31/63
SCENE_CHECKPOINT_SOUP_PROGRESS shard=1 candidate=trajectory_centered row=157 ordinal=32/63
SCENE_CHECKPOINT_SOUP_PROGRESS shard=1 candidate=trajectory_centered row=161 ordinal=33/63
SCENE_CHECKPOINT_SOUP_PROGRESS shard=1 candidate=trajectory_centered row=165 ordinal=34/63
SCENE_CHECKPOINT_SOUP_PROGRESS shard=1 candidate=trajectory_centered row=173 ordinal=35/63
SCENE_CHECKPOINT_SOUP_PROGRESS shard=1 candidate=trajectory_centered row=177 ordinal=36/63
SCENE_CHECKPOINT_SOUP_PROGRESS shard=1 candidate=trajectory_centered row=181 ordinal=37/63
SCENE_CHECKPOINT_SOUP_PROGRESS shard=1 candidate=trajectory_centered row=185 ordinal=38/63
SCENE_CHECKPOINT_SOUP_PROGRESS shard=1 candidate=trajectory_centered row=189 ordinal=39/63
SCENE_CHECKPOINT_SOUP_PROGRESS shard=1 candidate=trajectory_centered row=193 ordinal=40/63
SCENE_CHECKPOINT_SOUP_PROGRESS shard=1 candidate=trajectory_centered row=197 ordinal=41/63
SCENE_CHECKPOINT_SOUP_PROGRESS shard=1 candidate=trajectory_centered row=201 ordinal=42/63
SCENE_CHECKPOINT_SOUP_PROGRESS shard=1 candidate=trajectory_centered row=209 ordinal=43/63
SCENE_CHECKPOINT_SOUP_PROGRESS shard=1 candidate=trajectory_centered row=213 ordinal=44/63
SCENE_CHECKPOINT_SOUP_PROGRESS shard=1 candidate=trajectory_centered row=221 ordinal=45/63
SCENE_CHECKPOINT_SOUP_PROGRESS shard=1 candidate=trajectory_centered row=225 ordinal=46/63
SCENE_CHECKPOINT_SOUP_PROGRESS shard=1 candidate=trajectory_centered row=233 ordinal=47/63
SCENE_CHECKPOINT_SOUP_PROGRESS shard=1 candidate=trajectory_centered row=245 ordinal=48/63
SCENE_CHECKPOINT_SOUP_PROGRESS shard=1 candidate=trajectory_centered row=253 ordinal=49/63
SCENE_CHECKPOINT_SOUP_PROGRESS shard=1 candidate=trajectory_centered row=257 ordinal=50/63
SCENE_CHECKPOINT_SOUP_PROGRESS shard=1 candidate=trajectory_centered row=261 ordinal=51/63
SCENE_CHECKPOINT_SOUP_PROGRESS shard=1 candidate=trajectory_centered row=273 ordinal=52/63
SCENE_CHECKPOINT_SOUP_PROGRESS shard=1 candidate=trajectory_centered row=281 ordinal=53/63
SCENE_CHECKPOINT_SOUP_PROGRESS shard=1 candidate=trajectory_centered row=285 ordinal=54/63
SCENE_CHECKPOINT_SOUP_PROGRESS shard=1 candidate=trajectory_centered row=301 ordinal=55/63
SCENE_CHECKPOINT_SOUP_PROGRESS shard=1 candidate=trajectory_centered row=305 ordinal=56/63
SCENE_CHECKPOINT_SOUP_PROGRESS shard=1 candidate=trajectory_centered row=309 ordinal=57/63
SCENE_CHECKPOINT_SOUP_PROGRESS shard=1 candidate=trajectory_centered row=321 ordinal=58/63
SCENE_CHECKPOINT_SOUP_PROGRESS shard=1 candidate=trajectory_centered row=333 ordinal=59/63
SCENE_CHECKPOINT_SOUP_PROGRESS shard=1 candidate=trajectory_centered row=341 ordinal=60/63
SCENE_CHECKPOINT_SOUP_PROGRESS shard=1 candidate=trajectory_centered row=349 ordinal=61/63
SCENE_CHECKPOINT_SOUP_PROGRESS shard=1 candidate=trajectory_centered row=353 ordinal=62/63
SCENE_CHECKPOINT_SOUP_PROGRESS shard=1 candidate=trajectory_centered row=357 ordinal=63/63
SCENE_CHECKPOINT_SOUP_PROGRESS shard=1 candidate=v9_12p5_s16_87p5 row=5 ordinal=1/63
SCENE_CHECKPOINT_SOUP_PROGRESS shard=1 candidate=v9_12p5_s16_87p5 row=17 ordinal=2/63
SCENE_CHECKPOINT_SOUP_PROGRESS shard=1 candidate=v9_12p5_s16_87p5 row=25 ordinal=3/63
SCENE_CHECKPOINT_SOUP_PROGRESS shard=1 candidate=v9_12p5_s16_87p5 row=29 ordinal=4/63
SCENE_CHECKPOINT_SOUP_PROGRESS shard=1 candidate=v9_12p5_s16_87p5 row=33 ordinal=5/63
SCENE_CHECKPOINT_SOUP_PROGRESS shard=1 candidate=v9_12p5_s16_87p5 row=37 ordinal=6/63
SCENE_CHECKPOINT_SOUP_PROGRESS shard=1 candidate=v9_12p5_s16_87p5 row=41 ordinal=7/63
SCENE_CHECKPOINT_SOUP_PROGRESS shard=1 candidate=v9_12p5_s16_87p5 row=45 ordinal=8/63
SCENE_CHECKPOINT_SOUP_PROGRESS shard=1 candidate=v9_12p5_s16_87p5 row=49 ordinal=9/63
SCENE_CHECKPOINT_SOUP_PROGRESS shard=1 candidate=v9_12p5_s16_87p5 row=57 ordinal=10/63
SCENE_CHECKPOINT_SOUP_PROGRESS shard=1 candidate=v9_12p5_s16_87p5 row=61 ordinal=11/63
SCENE_CHECKPOINT_SOUP_PROGRESS shard=1 candidate=v9_12p5_s16_87p5 row=65 ordinal=12/63
SCENE_CHECKPOINT_SOUP_PROGRESS shard=1 candidate=v9_12p5_s16_87p5 row=69 ordinal=13/63
SCENE_CHECKPOINT_SOUP_PROGRESS shard=1 candidate=v9_12p5_s16_87p5 row=73 ordinal=14/63
SCENE_CHECKPOINT_SOUP_PROGRESS shard=1 candidate=v9_12p5_s16_87p5 row=81 ordinal=15/63
SCENE_CHECKPOINT_SOUP_PROGRESS shard=1 candidate=v9_12p5_s16_87p5 row=85 ordinal=16/63
SCENE_CHECKPOINT_SOUP_PROGRESS shard=1 candidate=v9_12p5_s16_87p5 row=89 ordinal=17/63
SCENE_CHECKPOINT_SOUP_PROGRESS shard=1 candidate=v9_12p5_s16_87p5 row=93 ordinal=18/63
SCENE_CHECKPOINT_SOUP_PROGRESS shard=1 candidate=v9_12p5_s16_87p5 row=97 ordinal=19/63
SCENE_CHECKPOINT_SOUP_PROGRESS shard=1 candidate=v9_12p5_s16_87p5 row=101 ordinal=20/63
SCENE_CHECKPOINT_SOUP_PROGRESS shard=1 candidate=v9_12p5_s16_87p5 row=105 ordinal=21/63
SCENE_CHECKPOINT_SOUP_PROGRESS shard=1 candidate=v9_12p5_s16_87p5 row=109 ordinal=22/63
SCENE_CHECKPOINT_SOUP_PROGRESS shard=1 candidate=v9_12p5_s16_87p5 row=113 ordinal=23/63
SCENE_CHECKPOINT_SOUP_PROGRESS shard=1 candidate=v9_12p5_s16_87p5 row=117 ordinal=24/63
SCENE_CHECKPOINT_SOUP_PROGRESS shard=1 candidate=v9_12p5_s16_87p5 row=121 ordinal=25/63
SCENE_CHECKPOINT_SOUP_PROGRESS shard=1 candidate=v9_12p5_s16_87p5 row=125 ordinal=26/63
SCENE_CHECKPOINT_SOUP_PROGRESS shard=1 candidate=v9_12p5_s16_87p5 row=129 ordinal=27/63
SCENE_CHECKPOINT_SOUP_PROGRESS shard=1 candidate=v9_12p5_s16_87p5 row=133 ordinal=28/63
SCENE_CHECKPOINT_SOUP_PROGRESS shard=1 candidate=v9_12p5_s16_87p5 row=141 ordinal=29/63
SCENE_CHECKPOINT_SOUP_PROGRESS shard=1 candidate=v9_12p5_s16_87p5 row=145 ordinal=30/63
SCENE_CHECKPOINT_SOUP_PROGRESS shard=1 candidate=v9_12p5_s16_87p5 row=153 ordinal=31/63
SCENE_CHECKPOINT_SOUP_PROGRESS shard=1 candidate=v9_12p5_s16_87p5 row=157 ordinal=32/63
SCENE_CHECKPOINT_SOUP_PROGRESS shard=1 candidate=v9_12p5_s16_87p5 row=161 ordinal=33/63
SCENE_CHECKPOINT_SOUP_PROGRESS shard=1 candidate=v9_12p5_s16_87p5 row=165 ordinal=34/63
SCENE_CHECKPOINT_SOUP_PROGRESS shard=1 candidate=v9_12p5_s16_87p5 row=173 ordinal=35/63
SCENE_CHECKPOINT_SOUP_PROGRESS shard=1 candidate=v9_12p5_s16_87p5 row=177 ordinal=36/63
SCENE_CHECKPOINT_SOUP_PROGRESS shard=1 candidate=v9_12p5_s16_87p5 row=181 ordinal=37/63
SCENE_CHECKPOINT_SOUP_PROGRESS shard=1 candidate=v9_12p5_s16_87p5 row=185 ordinal=38/63
SCENE_CHECKPOINT_SOUP_PROGRESS shard=1 candidate=v9_12p5_s16_87p5 row=189 ordinal=39/63
SCENE_CHECKPOINT_SOUP_PROGRESS shard=1 candidate=v9_12p5_s16_87p5 row=193 ordinal=40/63
SCENE_CHECKPOINT_SOUP_PROGRESS shard=1 candidate=v9_12p5_s16_87p5 row=197 ordinal=41/63
SCENE_CHECKPOINT_SOUP_PROGRESS shard=1 candidate=v9_12p5_s16_87p5 row=201 ordinal=42/63
SCENE_CHECKPOINT_SOUP_PROGRESS shard=1 candidate=v9_12p5_s16_87p5 row=209 ordinal=43/63
SCENE_CHECKPOINT_SOUP_PROGRESS shard=1 candidate=v9_12p5_s16_87p5 row=213 ordinal=44/63
SCENE_CHECKPOINT_SOUP_PROGRESS shard=1 candidate=v9_12p5_s16_87p5 row=221 ordinal=45/63
SCENE_CHECKPOINT_SOUP_PROGRESS shard=1 candidate=v9_12p5_s16_87p5 row=225 ordinal=46/63
SCENE_CHECKPOINT_SOUP_PROGRESS shard=1 candidate=v9_12p5_s16_87p5 row=233 ordinal=47/63
SCENE_CHECKPOINT_SOUP_PROGRESS shard=1 candidate=v9_12p5_s16_87p5 row=245 ordinal=48/63
SCENE_CHECKPOINT_SOUP_PROGRESS shard=1 candidate=v9_12p5_s16_87p5 row=253 ordinal=49/63
SCENE_CHECKPOINT_SOUP_PROGRESS shard=1 candidate=v9_12p5_s16_87p5 row=257 ordinal=50/63
SCENE_CHECKPOINT_SOUP_PROGRESS shard=1 candidate=v9_12p5_s16_87p5 row=261 ordinal=51/63
SCENE_CHECKPOINT_SOUP_PROGRESS shard=1 candidate=v9_12p5_s16_87p5 row=273 ordinal=52/63
SCENE_CHECKPOINT_SOUP_PROGRESS shard=1 candidate=v9_12p5_s16_87p5 row=281 ordinal=53/63
SCENE_CHECKPOINT_SOUP_PROGRESS shard=1 candidate=v9_12p5_s16_87p5 row=285 ordinal=54/63
SCENE_CHECKPOINT_SOUP_PROGRESS shard=1 candidate=v9_12p5_s16_87p5 row=301 ordinal=55/63
SCENE_CHECKPOINT_SOUP_PROGRESS shard=1 candidate=v9_12p5_s16_87p5 row=305 ordinal=56/63
SCENE_CHECKPOINT_SOUP_PROGRESS shard=1 candidate=v9_12p5_s16_87p5 row=309 ordinal=57/63
SCENE_CHECKPOINT_SOUP_PROGRESS shard=1 candidate=v9_12p5_s16_87p5 row=321 ordinal=58/63
SCENE_CHECKPOINT_SOUP_PROGRESS shard=1 candidate=v9_12p5_s16_87p5 row=333 ordinal=59/63
SCENE_CHECKPOINT_SOUP_PROGRESS shard=1 candidate=v9_12p5_s16_87p5 row=341 ordinal=60/63
SCENE_CHECKPOINT_SOUP_PROGRESS shard=1 candidate=v9_12p5_s16_87p5 row=349 ordinal=61/63
SCENE_CHECKPOINT_SOUP_PROGRESS shard=1 candidate=v9_12p5_s16_87p5 row=353 ordinal=62/63
SCENE_CHECKPOINT_SOUP_PROGRESS shard=1 candidate=v9_12p5_s16_87p5 row=357 ordinal=63/63
SCENE_CHECKPOINT_SOUP_PROGRESS shard=1 candidate=v9_25_s16_75 row=5 ordinal=1/63
SCENE_CHECKPOINT_SOUP_PROGRESS shard=1 candidate=v9_25_s16_75 row=17 ordinal=2/63
SCENE_CHECKPOINT_SOUP_PROGRESS shard=1 candidate=v9_25_s16_75 row=25 ordinal=3/63
SCENE_CHECKPOINT_SOUP_PROGRESS shard=1 candidate=v9_25_s16_75 row=29 ordinal=4/63
SCENE_CHECKPOINT_SOUP_PROGRESS shard=1 candidate=v9_25_s16_75 row=33 ordinal=5/63
SCENE_CHECKPOINT_SOUP_PROGRESS shard=1 candidate=v9_25_s16_75 row=37 ordinal=6/63
SCENE_CHECKPOINT_SOUP_PROGRESS shard=1 candidate=v9_25_s16_75 row=41 ordinal=7/63
SCENE_CHECKPOINT_SOUP_PROGRESS shard=1 candidate=v9_25_s16_75 row=45 ordinal=8/63
SCENE_CHECKPOINT_SOUP_PROGRESS shard=1 candidate=v9_25_s16_75 row=49 ordinal=9/63
SCENE_CHECKPOINT_SOUP_PROGRESS shard=1 candidate=v9_25_s16_75 row=57 ordinal=10/63
SCENE_CHECKPOINT_SOUP_PROGRESS shard=1 candidate=v9_25_s16_75 row=61 ordinal=11/63
SCENE_CHECKPOINT_SOUP_PROGRESS shard=1 candidate=v9_25_s16_75 row=65 ordinal=12/63
SCENE_CHECKPOINT_SOUP_PROGRESS shard=1 candidate=v9_25_s16_75 row=69 ordinal=13/63
SCENE_CHECKPOINT_SOUP_PROGRESS shard=1 candidate=v9_25_s16_75 row=73 ordinal=14/63
SCENE_CHECKPOINT_SOUP_PROGRESS shard=1 candidate=v9_25_s16_75 row=81 ordinal=15/63
SCENE_CHECKPOINT_SOUP_PROGRESS shard=1 candidate=v9_25_s16_75 row=85 ordinal=16/63
SCENE_CHECKPOINT_SOUP_PROGRESS shard=1 candidate=v9_25_s16_75 row=89 ordinal=17/63
SCENE_CHECKPOINT_SOUP_PROGRESS shard=1 candidate=v9_25_s16_75 row=93 ordinal=18/63
SCENE_CHECKPOINT_SOUP_PROGRESS shard=1 candidate=v9_25_s16_75 row=97 ordinal=19/63
SCENE_CHECKPOINT_SOUP_PROGRESS shard=1 candidate=v9_25_s16_75 row=101 ordinal=20/63
SCENE_CHECKPOINT_SOUP_PROGRESS shard=1 candidate=v9_25_s16_75 row=105 ordinal=21/63
SCENE_CHECKPOINT_SOUP_PROGRESS shard=1 candidate=v9_25_s16_75 row=109 ordinal=22/63
SCENE_CHECKPOINT_SOUP_PROGRESS shard=1 candidate=v9_25_s16_75 row=113 ordinal=23/63
SCENE_CHECKPOINT_SOUP_PROGRESS shard=1 candidate=v9_25_s16_75 row=117 ordinal=24/63
SCENE_CHECKPOINT_SOUP_PROGRESS shard=1 candidate=v9_25_s16_75 row=121 ordinal=25/63
SCENE_CHECKPOINT_SOUP_PROGRESS shard=1 candidate=v9_25_s16_75 row=125 ordinal=26/63
SCENE_CHECKPOINT_SOUP_PROGRESS shard=1 candidate=v9_25_s16_75 row=129 ordinal=27/63
SCENE_CHECKPOINT_SOUP_PROGRESS shard=1 candidate=v9_25_s16_75 row=133 ordinal=28/63
SCENE_CHECKPOINT_SOUP_PROGRESS shard=1 candidate=v9_25_s16_75 row=141 ordinal=29/63
SCENE_CHECKPOINT_SOUP_PROGRESS shard=1 candidate=v9_25_s16_75 row=145 ordinal=30/63
SCENE_CHECKPOINT_SOUP_PROGRESS shard=1 candidate=v9_25_s16_75 row=153 ordinal=31/63
SCENE_CHECKPOINT_SOUP_PROGRESS shard=1 candidate=v9_25_s16_75 row=157 ordinal=32/63
SCENE_CHECKPOINT_SOUP_PROGRESS shard=1 candidate=v9_25_s16_75 row=161 ordinal=33/63
SCENE_CHECKPOINT_SOUP_PROGRESS shard=1 candidate=v9_25_s16_75 row=165 ordinal=34/63
SCENE_CHECKPOINT_SOUP_PROGRESS shard=1 candidate=v9_25_s16_75 row=173 ordinal=35/63
SCENE_CHECKPOINT_SOUP_PROGRESS shard=1 candidate=v9_25_s16_75 row=177 ordinal=36/63
SCENE_CHECKPOINT_SOUP_PROGRESS shard=1 candidate=v9_25_s16_75 row=181 ordinal=37/63
SCENE_CHECKPOINT_SOUP_PROGRESS shard=1 candidate=v9_25_s16_75 row=185 ordinal=38/63
SCENE_CHECKPOINT_SOUP_PROGRESS shard=1 candidate=v9_25_s16_75 row=189 ordinal=39/63
SCENE_CHECKPOINT_SOUP_PROGRESS shard=1 candidate=v9_25_s16_75 row=193 ordinal=40/63
SCENE_CHECKPOINT_SOUP_PROGRESS shard=1 candidate=v9_25_s16_75 row=197 ordinal=41/63
SCENE_CHECKPOINT_SOUP_PROGRESS shard=1 candidate=v9_25_s16_75 row=201 ordinal=42/63
SCENE_CHECKPOINT_SOUP_PROGRESS shard=1 candidate=v9_25_s16_75 row=209 ordinal=43/63
SCENE_CHECKPOINT_SOUP_PROGRESS shard=1 candidate=v9_25_s16_75 row=213 ordinal=44/63
SCENE_CHECKPOINT_SOUP_PROGRESS shard=1 candidate=v9_25_s16_75 row=221 ordinal=45/63
SCENE_CHECKPOINT_SOUP_PROGRESS shard=1 candidate=v9_25_s16_75 row=225 ordinal=46/63
SCENE_CHECKPOINT_SOUP_PROGRESS shard=1 candidate=v9_25_s16_75 row=233 ordinal=47/63
SCENE_CHECKPOINT_SOUP_PROGRESS shard=1 candidate=v9_25_s16_75 row=245 ordinal=48/63
SCENE_CHECKPOINT_SOUP_PROGRESS shard=1 candidate=v9_25_s16_75 row=253 ordinal=49/63
SCENE_CHECKPOINT_SOUP_PROGRESS shard=1 candidate=v9_25_s16_75 row=257 ordinal=50/63
SCENE_CHECKPOINT_SOUP_PROGRESS shard=1 candidate=v9_25_s16_75 row=261 ordinal=51/63
SCENE_CHECKPOINT_SOUP_PROGRESS shard=1 candidate=v9_25_s16_75 row=273 ordinal=52/63
SCENE_CHECKPOINT_SOUP_PROGRESS shard=1 candidate=v9_25_s16_75 row=281 ordinal=53/63
SCENE_CHECKPOINT_SOUP_PROGRESS shard=1 candidate=v9_25_s16_75 row=285 ordinal=54/63
SCENE_CHECKPOINT_SOUP_PROGRESS shard=1 candidate=v9_25_s16_75 row=301 ordinal=55/63
SCENE_CHECKPOINT_SOUP_PROGRESS shard=1 candidate=v9_25_s16_75 row=305 ordinal=56/63
SCENE_CHECKPOINT_SOUP_PROGRESS shard=1 candidate=v9_25_s16_75 row=309 ordinal=57/63
SCENE_CHECKPOINT_SOUP_PROGRESS shard=1 candidate=v9_25_s16_75 row=321 ordinal=58/63
SCENE_CHECKPOINT_SOUP_PROGRESS shard=1 candidate=v9_25_s16_75 row=333 ordinal=59/63
SCENE_CHECKPOINT_SOUP_PROGRESS shard=1 candidate=v9_25_s16_75 row=341 ordinal=60/63
SCENE_CHECKPOINT_SOUP_PROGRESS shard=1 candidate=v9_25_s16_75 row=349 ordinal=61/63
SCENE_CHECKPOINT_SOUP_PROGRESS shard=1 candidate=v9_25_s16_75 row=353 ordinal=62/63
SCENE_CHECKPOINT_SOUP_PROGRESS shard=1 candidate=v9_25_s16_75 row=357 ordinal=63/63
SCENE_CHECKPOINT_SOUP_SHARD_COMPLETE shard=1
