Loading weights:   0%|          | 0/2076 [00:00<?, ?it/s]Loading weights:  14%|█▍        | 291/2076 [00:00<00:00, 2902.60it/s]Loading weights:  28%|██▊       | 582/2076 [00:00<00:00, 2487.32it/s]Loading weights:  40%|████      | 835/2076 [00:02<00:05, 225.63it/s] Loading weights:  47%|████▋     | 977/2076 [00:03<00:04, 235.08it/s]Loading weights:  52%|█████▏    | 1074/2076 [00:03<00:04, 240.55it/s]Loading weights:  55%|█████▌    | 1146/2076 [00:03<00:03, 247.11it/s]Loading weights:  58%|█████▊    | 1203/2076 [00:04<00:03, 244.45it/s]Loading weights:  60%|██████    | 1249/2076 [00:04<00:03, 241.75it/s]Loading weights:  62%|██████▏   | 1288/2076 [00:04<00:03, 235.98it/s]Loading weights:  64%|██████▎   | 1321/2076 [00:04<00:03, 232.24it/s]Loading weights:  65%|██████▌   | 1351/2076 [00:04<00:03, 228.68it/s]Loading weights:  66%|██████▋   | 1378/2076 [00:04<00:03, 229.77it/s]Loading weights:  68%|██████▊   | 1405/2076 [00:05<00:02, 235.27it/s]Loading weights:  76%|███████▌  | 1575/2076 [00:05<00:00, 536.01it/s]Loading weights:  90%|█████████ | 1878/2076 [00:05<00:00, 1101.52it/s]Loading weights: 100%|██████████| 2076/2076 [00:05<00:00, 390.79it/s] 
[transformers] The following generation flags are not valid and may be ignored: ['top_p', 'top_k']. Set `TRANSFORMERS_VERBOSITY=info` for more details.
SCENE_CONTRAST_PROGRESSION_PROGRESS shard=3 condition=correct_state row=7 ordinal=1/55
SCENE_CONTRAST_PROGRESSION_PROGRESS shard=3 condition=matched_donor_state row=7 ordinal=1/55
SCENE_CONTRAST_PROGRESSION_PROGRESS shard=3 condition=zero_state row=7 ordinal=1/55
SCENE_CONTRAST_PROGRESSION_PROGRESS shard=3 condition=correct_state row=19 ordinal=2/55
SCENE_CONTRAST_PROGRESSION_PROGRESS shard=3 condition=matched_donor_state row=19 ordinal=2/55
SCENE_CONTRAST_PROGRESSION_PROGRESS shard=3 condition=zero_state row=19 ordinal=2/55
SCENE_CONTRAST_PROGRESSION_PROGRESS shard=3 condition=correct_state row=27 ordinal=3/55
SCENE_CONTRAST_PROGRESSION_PROGRESS shard=3 condition=matched_donor_state row=27 ordinal=3/55
SCENE_CONTRAST_PROGRESSION_PROGRESS shard=3 condition=zero_state row=27 ordinal=3/55
SCENE_CONTRAST_PROGRESSION_PROGRESS shard=3 condition=correct_state row=47 ordinal=4/55
SCENE_CONTRAST_PROGRESSION_PROGRESS shard=3 condition=matched_donor_state row=47 ordinal=4/55
SCENE_CONTRAST_PROGRESSION_PROGRESS shard=3 condition=zero_state row=47 ordinal=4/55
SCENE_CONTRAST_PROGRESSION_PROGRESS shard=3 condition=correct_state row=51 ordinal=5/55
SCENE_CONTRAST_PROGRESSION_PROGRESS shard=3 condition=matched_donor_state row=51 ordinal=5/55
SCENE_CONTRAST_PROGRESSION_PROGRESS shard=3 condition=zero_state row=51 ordinal=5/55
SCENE_CONTRAST_PROGRESSION_PROGRESS shard=3 condition=correct_state row=59 ordinal=6/55
SCENE_CONTRAST_PROGRESSION_PROGRESS shard=3 condition=matched_donor_state row=59 ordinal=6/55
SCENE_CONTRAST_PROGRESSION_PROGRESS shard=3 condition=zero_state row=59 ordinal=6/55
SCENE_CONTRAST_PROGRESSION_PROGRESS shard=3 condition=correct_state row=63 ordinal=7/55
SCENE_CONTRAST_PROGRESSION_PROGRESS shard=3 condition=matched_donor_state row=63 ordinal=7/55
SCENE_CONTRAST_PROGRESSION_PROGRESS shard=3 condition=zero_state row=63 ordinal=7/55
SCENE_CONTRAST_PROGRESSION_PROGRESS shard=3 condition=correct_state row=71 ordinal=8/55
SCENE_CONTRAST_PROGRESSION_PROGRESS shard=3 condition=matched_donor_state row=71 ordinal=8/55
SCENE_CONTRAST_PROGRESSION_PROGRESS shard=3 condition=zero_state row=71 ordinal=8/55
SCENE_CONTRAST_PROGRESSION_PROGRESS shard=3 condition=correct_state row=79 ordinal=9/55
SCENE_CONTRAST_PROGRESSION_PROGRESS shard=3 condition=matched_donor_state row=79 ordinal=9/55
SCENE_CONTRAST_PROGRESSION_PROGRESS shard=3 condition=zero_state row=79 ordinal=9/55
SCENE_CONTRAST_PROGRESSION_PROGRESS shard=3 condition=correct_state row=91 ordinal=10/55
SCENE_CONTRAST_PROGRESSION_PROGRESS shard=3 condition=matched_donor_state row=91 ordinal=10/55
SCENE_CONTRAST_PROGRESSION_PROGRESS shard=3 condition=zero_state row=91 ordinal=10/55
SCENE_CONTRAST_PROGRESSION_PROGRESS shard=3 condition=correct_state row=95 ordinal=11/55
SCENE_CONTRAST_PROGRESSION_PROGRESS shard=3 condition=matched_donor_state row=95 ordinal=11/55
SCENE_CONTRAST_PROGRESSION_PROGRESS shard=3 condition=zero_state row=95 ordinal=11/55
SCENE_CONTRAST_PROGRESSION_PROGRESS shard=3 condition=correct_state row=103 ordinal=12/55
SCENE_CONTRAST_PROGRESSION_PROGRESS shard=3 condition=matched_donor_state row=103 ordinal=12/55
SCENE_CONTRAST_PROGRESSION_PROGRESS shard=3 condition=zero_state row=103 ordinal=12/55
SCENE_CONTRAST_PROGRESSION_PROGRESS shard=3 condition=correct_state row=107 ordinal=13/55
SCENE_CONTRAST_PROGRESSION_PROGRESS shard=3 condition=matched_donor_state row=107 ordinal=13/55
SCENE_CONTRAST_PROGRESSION_PROGRESS shard=3 condition=zero_state row=107 ordinal=13/55
SCENE_CONTRAST_PROGRESSION_PROGRESS shard=3 condition=correct_state row=111 ordinal=14/55
SCENE_CONTRAST_PROGRESSION_PROGRESS shard=3 condition=matched_donor_state row=111 ordinal=14/55
SCENE_CONTRAST_PROGRESSION_PROGRESS shard=3 condition=zero_state row=111 ordinal=14/55
SCENE_CONTRAST_PROGRESSION_PROGRESS shard=3 condition=correct_state row=115 ordinal=15/55
SCENE_CONTRAST_PROGRESSION_PROGRESS shard=3 condition=matched_donor_state row=115 ordinal=15/55
SCENE_CONTRAST_PROGRESSION_PROGRESS shard=3 condition=zero_state row=115 ordinal=15/55
SCENE_CONTRAST_PROGRESSION_PROGRESS shard=3 condition=correct_state row=119 ordinal=16/55
SCENE_CONTRAST_PROGRESSION_PROGRESS shard=3 condition=matched_donor_state row=119 ordinal=16/55
SCENE_CONTRAST_PROGRESSION_PROGRESS shard=3 condition=zero_state row=119 ordinal=16/55
SCENE_CONTRAST_PROGRESSION_PROGRESS shard=3 condition=correct_state row=135 ordinal=17/55
SCENE_CONTRAST_PROGRESSION_PROGRESS shard=3 condition=matched_donor_state row=135 ordinal=17/55
SCENE_CONTRAST_PROGRESSION_PROGRESS shard=3 condition=zero_state row=135 ordinal=17/55
SCENE_CONTRAST_PROGRESSION_PROGRESS shard=3 condition=correct_state row=139 ordinal=18/55
SCENE_CONTRAST_PROGRESSION_PROGRESS shard=3 condition=matched_donor_state row=139 ordinal=18/55
SCENE_CONTRAST_PROGRESSION_PROGRESS shard=3 condition=zero_state row=139 ordinal=18/55
SCENE_CONTRAST_PROGRESSION_PROGRESS shard=3 condition=correct_state row=151 ordinal=19/55
SCENE_CONTRAST_PROGRESSION_PROGRESS shard=3 condition=matched_donor_state row=151 ordinal=19/55
SCENE_CONTRAST_PROGRESSION_PROGRESS shard=3 condition=zero_state row=151 ordinal=19/55
SCENE_CONTRAST_PROGRESSION_PROGRESS shard=3 condition=correct_state row=155 ordinal=20/55
SCENE_CONTRAST_PROGRESSION_PROGRESS shard=3 condition=matched_donor_state row=155 ordinal=20/55
SCENE_CONTRAST_PROGRESSION_PROGRESS shard=3 condition=zero_state row=155 ordinal=20/55
SCENE_CONTRAST_PROGRESSION_PROGRESS shard=3 condition=correct_state row=163 ordinal=21/55
SCENE_CONTRAST_PROGRESSION_PROGRESS shard=3 condition=matched_donor_state row=163 ordinal=21/55
SCENE_CONTRAST_PROGRESSION_PROGRESS shard=3 condition=zero_state row=163 ordinal=21/55
SCENE_CONTRAST_PROGRESSION_PROGRESS shard=3 condition=correct_state row=171 ordinal=22/55
SCENE_CONTRAST_PROGRESSION_PROGRESS shard=3 condition=matched_donor_state row=171 ordinal=22/55
SCENE_CONTRAST_PROGRESSION_PROGRESS shard=3 condition=zero_state row=171 ordinal=22/55
SCENE_CONTRAST_PROGRESSION_PROGRESS shard=3 condition=correct_state row=175 ordinal=23/55
SCENE_CONTRAST_PROGRESSION_PROGRESS shard=3 condition=matched_donor_state row=175 ordinal=23/55
SCENE_CONTRAST_PROGRESSION_PROGRESS shard=3 condition=zero_state row=175 ordinal=23/55
SCENE_CONTRAST_PROGRESSION_PROGRESS shard=3 condition=correct_state row=183 ordinal=24/55
SCENE_CONTRAST_PROGRESSION_PROGRESS shard=3 condition=matched_donor_state row=183 ordinal=24/55
SCENE_CONTRAST_PROGRESSION_PROGRESS shard=3 condition=zero_state row=183 ordinal=24/55
SCENE_CONTRAST_PROGRESSION_PROGRESS shard=3 condition=correct_state row=187 ordinal=25/55
SCENE_CONTRAST_PROGRESSION_PROGRESS shard=3 condition=matched_donor_state row=187 ordinal=25/55
SCENE_CONTRAST_PROGRESSION_PROGRESS shard=3 condition=zero_state row=187 ordinal=25/55
SCENE_CONTRAST_PROGRESSION_PROGRESS shard=3 condition=correct_state row=195 ordinal=26/55
SCENE_CONTRAST_PROGRESSION_PROGRESS shard=3 condition=matched_donor_state row=195 ordinal=26/55
SCENE_CONTRAST_PROGRESSION_PROGRESS shard=3 condition=zero_state row=195 ordinal=26/55
SCENE_CONTRAST_PROGRESSION_PROGRESS shard=3 condition=correct_state row=207 ordinal=27/55
SCENE_CONTRAST_PROGRESSION_PROGRESS shard=3 condition=matched_donor_state row=207 ordinal=27/55
SCENE_CONTRAST_PROGRESSION_PROGRESS shard=3 condition=zero_state row=207 ordinal=27/55
SCENE_CONTRAST_PROGRESSION_PROGRESS shard=3 condition=correct_state row=211 ordinal=28/55
SCENE_CONTRAST_PROGRESSION_PROGRESS shard=3 condition=matched_donor_state row=211 ordinal=28/55
SCENE_CONTRAST_PROGRESSION_PROGRESS shard=3 condition=zero_state row=211 ordinal=28/55
SCENE_CONTRAST_PROGRESSION_PROGRESS shard=3 condition=correct_state row=215 ordinal=29/55
SCENE_CONTRAST_PROGRESSION_PROGRESS shard=3 condition=matched_donor_state row=215 ordinal=29/55
SCENE_CONTRAST_PROGRESSION_PROGRESS shard=3 condition=zero_state row=215 ordinal=29/55
SCENE_CONTRAST_PROGRESSION_PROGRESS shard=3 condition=correct_state row=219 ordinal=30/55
SCENE_CONTRAST_PROGRESSION_PROGRESS shard=3 condition=matched_donor_state row=219 ordinal=30/55
SCENE_CONTRAST_PROGRESSION_PROGRESS shard=3 condition=zero_state row=219 ordinal=30/55
SCENE_CONTRAST_PROGRESSION_PROGRESS shard=3 condition=correct_state row=223 ordinal=31/55
SCENE_CONTRAST_PROGRESSION_PROGRESS shard=3 condition=matched_donor_state row=223 ordinal=31/55
SCENE_CONTRAST_PROGRESSION_PROGRESS shard=3 condition=zero_state row=223 ordinal=31/55
SCENE_CONTRAST_PROGRESSION_PROGRESS shard=3 condition=correct_state row=227 ordinal=32/55
SCENE_CONTRAST_PROGRESSION_PROGRESS shard=3 condition=matched_donor_state row=227 ordinal=32/55
SCENE_CONTRAST_PROGRESSION_PROGRESS shard=3 condition=zero_state row=227 ordinal=32/55
SCENE_CONTRAST_PROGRESSION_PROGRESS shard=3 condition=correct_state row=231 ordinal=33/55
SCENE_CONTRAST_PROGRESSION_PROGRESS shard=3 condition=matched_donor_state row=231 ordinal=33/55
SCENE_CONTRAST_PROGRESSION_PROGRESS shard=3 condition=zero_state row=231 ordinal=33/55
SCENE_CONTRAST_PROGRESSION_PROGRESS shard=3 condition=correct_state row=235 ordinal=34/55
SCENE_CONTRAST_PROGRESSION_PROGRESS shard=3 condition=matched_donor_state row=235 ordinal=34/55
SCENE_CONTRAST_PROGRESSION_PROGRESS shard=3 condition=zero_state row=235 ordinal=34/55
SCENE_CONTRAST_PROGRESSION_PROGRESS shard=3 condition=correct_state row=243 ordinal=35/55
SCENE_CONTRAST_PROGRESSION_PROGRESS shard=3 condition=matched_donor_state row=243 ordinal=35/55
SCENE_CONTRAST_PROGRESSION_PROGRESS shard=3 condition=zero_state row=243 ordinal=35/55
SCENE_CONTRAST_PROGRESSION_PROGRESS shard=3 condition=correct_state row=247 ordinal=36/55
SCENE_CONTRAST_PROGRESSION_PROGRESS shard=3 condition=matched_donor_state row=247 ordinal=36/55
SCENE_CONTRAST_PROGRESSION_PROGRESS shard=3 condition=zero_state row=247 ordinal=36/55
SCENE_CONTRAST_PROGRESSION_PROGRESS shard=3 condition=correct_state row=251 ordinal=37/55
SCENE_CONTRAST_PROGRESSION_PROGRESS shard=3 condition=matched_donor_state row=251 ordinal=37/55
SCENE_CONTRAST_PROGRESSION_PROGRESS shard=3 condition=zero_state row=251 ordinal=37/55
SCENE_CONTRAST_PROGRESSION_PROGRESS shard=3 condition=correct_state row=255 ordinal=38/55
SCENE_CONTRAST_PROGRESSION_PROGRESS shard=3 condition=matched_donor_state row=255 ordinal=38/55
SCENE_CONTRAST_PROGRESSION_PROGRESS shard=3 condition=zero_state row=255 ordinal=38/55
SCENE_CONTRAST_PROGRESSION_PROGRESS shard=3 condition=correct_state row=259 ordinal=39/55
SCENE_CONTRAST_PROGRESSION_PROGRESS shard=3 condition=matched_donor_state row=259 ordinal=39/55
SCENE_CONTRAST_PROGRESSION_PROGRESS shard=3 condition=zero_state row=259 ordinal=39/55
SCENE_CONTRAST_PROGRESSION_PROGRESS shard=3 condition=correct_state row=263 ordinal=40/55
SCENE_CONTRAST_PROGRESSION_PROGRESS shard=3 condition=matched_donor_state row=263 ordinal=40/55
SCENE_CONTRAST_PROGRESSION_PROGRESS shard=3 condition=zero_state row=263 ordinal=40/55
SCENE_CONTRAST_PROGRESSION_PROGRESS shard=3 condition=correct_state row=279 ordinal=41/55
SCENE_CONTRAST_PROGRESSION_PROGRESS shard=3 condition=matched_donor_state row=279 ordinal=41/55
SCENE_CONTRAST_PROGRESSION_PROGRESS shard=3 condition=zero_state row=279 ordinal=41/55
SCENE_CONTRAST_PROGRESSION_PROGRESS shard=3 condition=correct_state row=283 ordinal=42/55
SCENE_CONTRAST_PROGRESSION_PROGRESS shard=3 condition=matched_donor_state row=283 ordinal=42/55
SCENE_CONTRAST_PROGRESSION_PROGRESS shard=3 condition=zero_state row=283 ordinal=42/55
SCENE_CONTRAST_PROGRESSION_PROGRESS shard=3 condition=correct_state row=291 ordinal=43/55
SCENE_CONTRAST_PROGRESSION_PROGRESS shard=3 condition=matched_donor_state row=291 ordinal=43/55
SCENE_CONTRAST_PROGRESSION_PROGRESS shard=3 condition=zero_state row=291 ordinal=43/55
SCENE_CONTRAST_PROGRESSION_PROGRESS shard=3 condition=correct_state row=303 ordinal=44/55
SCENE_CONTRAST_PROGRESSION_PROGRESS shard=3 condition=matched_donor_state row=303 ordinal=44/55
SCENE_CONTRAST_PROGRESSION_PROGRESS shard=3 condition=zero_state row=303 ordinal=44/55
SCENE_CONTRAST_PROGRESSION_PROGRESS shard=3 condition=correct_state row=311 ordinal=45/55
SCENE_CONTRAST_PROGRESSION_PROGRESS shard=3 condition=matched_donor_state row=311 ordinal=45/55
SCENE_CONTRAST_PROGRESSION_PROGRESS shard=3 condition=zero_state row=311 ordinal=45/55
SCENE_CONTRAST_PROGRESSION_PROGRESS shard=3 condition=correct_state row=315 ordinal=46/55
SCENE_CONTRAST_PROGRESSION_PROGRESS shard=3 condition=matched_donor_state row=315 ordinal=46/55
SCENE_CONTRAST_PROGRESSION_PROGRESS shard=3 condition=zero_state row=315 ordinal=46/55
SCENE_CONTRAST_PROGRESSION_PROGRESS shard=3 condition=correct_state row=323 ordinal=47/55
SCENE_CONTRAST_PROGRESSION_PROGRESS shard=3 condition=matched_donor_state row=323 ordinal=47/55
SCENE_CONTRAST_PROGRESSION_PROGRESS shard=3 condition=zero_state row=323 ordinal=47/55
SCENE_CONTRAST_PROGRESSION_PROGRESS shard=3 condition=correct_state row=327 ordinal=48/55
SCENE_CONTRAST_PROGRESSION_PROGRESS shard=3 condition=matched_donor_state row=327 ordinal=48/55
SCENE_CONTRAST_PROGRESSION_PROGRESS shard=3 condition=zero_state row=327 ordinal=48/55
SCENE_CONTRAST_PROGRESSION_PROGRESS shard=3 condition=correct_state row=331 ordinal=49/55
SCENE_CONTRAST_PROGRESSION_PROGRESS shard=3 condition=matched_donor_state row=331 ordinal=49/55
SCENE_CONTRAST_PROGRESSION_PROGRESS shard=3 condition=zero_state row=331 ordinal=49/55
SCENE_CONTRAST_PROGRESSION_PROGRESS shard=3 condition=correct_state row=335 ordinal=50/55
SCENE_CONTRAST_PROGRESSION_PROGRESS shard=3 condition=matched_donor_state row=335 ordinal=50/55
SCENE_CONTRAST_PROGRESSION_PROGRESS shard=3 condition=zero_state row=335 ordinal=50/55
SCENE_CONTRAST_PROGRESSION_PROGRESS shard=3 condition=correct_state row=339 ordinal=51/55
SCENE_CONTRAST_PROGRESSION_PROGRESS shard=3 condition=matched_donor_state row=339 ordinal=51/55
SCENE_CONTRAST_PROGRESSION_PROGRESS shard=3 condition=zero_state row=339 ordinal=51/55
SCENE_CONTRAST_PROGRESSION_PROGRESS shard=3 condition=correct_state row=347 ordinal=52/55
SCENE_CONTRAST_PROGRESSION_PROGRESS shard=3 condition=matched_donor_state row=347 ordinal=52/55
SCENE_CONTRAST_PROGRESSION_PROGRESS shard=3 condition=zero_state row=347 ordinal=52/55
SCENE_CONTRAST_PROGRESSION_PROGRESS shard=3 condition=correct_state row=351 ordinal=53/55
SCENE_CONTRAST_PROGRESSION_PROGRESS shard=3 condition=matched_donor_state row=351 ordinal=53/55
SCENE_CONTRAST_PROGRESSION_PROGRESS shard=3 condition=zero_state row=351 ordinal=53/55
SCENE_CONTRAST_PROGRESSION_PROGRESS shard=3 condition=correct_state row=355 ordinal=54/55
SCENE_CONTRAST_PROGRESSION_PROGRESS shard=3 condition=matched_donor_state row=355 ordinal=54/55
SCENE_CONTRAST_PROGRESSION_PROGRESS shard=3 condition=zero_state row=355 ordinal=54/55
SCENE_CONTRAST_PROGRESSION_PROGRESS shard=3 condition=correct_state row=359 ordinal=55/55
SCENE_CONTRAST_PROGRESSION_PROGRESS shard=3 condition=matched_donor_state row=359 ordinal=55/55
SCENE_CONTRAST_PROGRESSION_PROGRESS shard=3 condition=zero_state row=359 ordinal=55/55
SCENE_CONTRAST_PROGRESSION_SHARD_COMPLETE shard=3
