[transformers] `torch_dtype` is deprecated! Use `dtype` instead!
[transformers] `torch_dtype` is deprecated! Use `dtype` instead!
[transformers] `torch_dtype` is deprecated! Use `dtype` instead!
[transformers] `torch_dtype` is deprecated! Use `dtype` instead!
Loading weights:   0%|          | 0/2076 [00:00<?, ?it/s]Loading weights:   0%|          | 0/2076 [00:00<?, ?it/s]Loading weights:  25%|██▍       | 518/2076 [00:00<00:00, 5174.68it/s]Loading weights:   0%|          | 0/2076 [00:00<?, ?it/s]Loading weights:  28%|██▊       | 571/2076 [00:00<00:00, 5706.70it/s]Loading weights:  27%|██▋       | 570/2076 [00:00<00:00, 5686.06it/s]Loading weights:  50%|████▉     | 1036/2076 [00:00<00:00, 4229.01it/s]Loading weights:   0%|          | 0/2076 [00:00<?, ?it/s]Loading weights:  80%|███████▉  | 1653/2076 [00:00<00:00, 5017.55it/s]Loading weights:  25%|██▍       | 513/2076 [00:00<00:00, 5129.26it/s]Loading weights:  55%|█████▌    | 1142/2076 [00:00<00:00, 3855.49it/s]Loading weights:  55%|█████▍    | 1139/2076 [00:00<00:00, 3934.74it/s]Loading weights: 100%|██████████| 2076/2076 [00:00<00:00, 5396.17it/s]
Loading weights: 100%|██████████| 2076/2076 [00:00<00:00, 5581.37it/s]
Loading weights: 100%|██████████| 2076/2076 [00:00<00:00, 5673.85it/s]
Loading weights:  49%|████▉     | 1026/2076 [00:00<00:00, 3748.26it/s]Loading weights:  93%|█████████▎| 1937/2076 [00:00<00:00, 5786.35it/s]Loading weights: 100%|██████████| 2076/2076 [00:00<00:00, 5490.15it/s]
{"active": 8, "donor_ce": 0.241245, "margin": -1.019828, "positive_ce": 1.261073, "step": 1}
{"active": 8, "donor_ce": 0.283375, "margin": -0.820218, "positive_ce": 1.103593, "step": 2}
{"active": 8, "donor_ce": 0.184201, "margin": -1.009382, "positive_ce": 1.193583, "step": 3}
{"active": 8, "donor_ce": 0.331068, "margin": -0.989758, "positive_ce": 1.320826, "step": 4}
{"active": 8, "donor_ce": 0.346363, "margin": -0.743047, "positive_ce": 1.089409, "step": 5}
{"active": 8, "donor_ce": 0.329986, "margin": -0.533467, "positive_ce": 0.863453, "step": 6}
{"active": 8, "donor_ce": 0.194987, "margin": -0.867604, "positive_ce": 1.062591, "step": 7}
{"active": 7, "donor_ce": 0.167616, "margin": -1.013753, "positive_ce": 1.181369, "step": 8}
{"active": 8, "donor_ce": 0.165053, "margin": -0.915555, "positive_ce": 1.080608, "step": 9}
{"active": 8, "donor_ce": 0.267243, "margin": -1.034373, "positive_ce": 1.301615, "step": 10}
{"active": 8, "donor_ce": 0.202622, "margin": -0.787166, "positive_ce": 0.989788, "step": 11}
{"active": 7, "donor_ce": 0.254137, "margin": -1.097, "positive_ce": 1.351137, "step": 12}
{"active": 8, "donor_ce": 0.260955, "margin": -0.884865, "positive_ce": 1.145821, "step": 13}
{"active": 8, "donor_ce": 0.215812, "margin": -0.878663, "positive_ce": 1.094474, "step": 14}
{"active": 8, "donor_ce": 0.255376, "margin": -0.98821, "positive_ce": 1.243586, "step": 15}
{"active": 8, "donor_ce": 0.171003, "margin": -0.909183, "positive_ce": 1.080186, "step": 16}
{"active": 8, "donor_ce": 0.20675, "margin": -0.86234, "positive_ce": 1.06909, "step": 17}
{"active": 7, "donor_ce": 0.246648, "margin": -0.728274, "positive_ce": 0.974922, "step": 18}
{"active": 8, "donor_ce": 0.241743, "margin": -0.882373, "positive_ce": 1.124116, "step": 19}
{"active": 8, "donor_ce": 0.214128, "margin": -0.933726, "positive_ce": 1.147855, "step": 20}
{"active": 8, "donor_ce": 0.206356, "margin": -1.132359, "positive_ce": 1.338715, "step": 21}
{"active": 8, "donor_ce": 0.154668, "margin": -1.059168, "positive_ce": 1.213836, "step": 22}
{"active": 7, "donor_ce": 0.174395, "margin": -1.032195, "positive_ce": 1.20659, "step": 23}
{"active": 7, "donor_ce": 0.171854, "margin": -0.935141, "positive_ce": 1.106995, "step": 24}
{"active": 8, "donor_ce": 0.180819, "margin": -0.843757, "positive_ce": 1.024575, "step": 25}
{"active": 8, "donor_ce": 0.151335, "margin": -0.934926, "positive_ce": 1.086261, "step": 26}
{"active": 8, "donor_ce": 0.281068, "margin": -0.771487, "positive_ce": 1.052555, "step": 27}
{"active": 8, "donor_ce": 0.166098, "margin": -1.053741, "positive_ce": 1.219839, "step": 28}
{"active": 7, "donor_ce": 0.218312, "margin": -1.016409, "positive_ce": 1.234721, "step": 29}
{"active": 8, "donor_ce": 0.236502, "margin": -0.965542, "positive_ce": 1.202044, "step": 30}
{"active": 8, "donor_ce": 0.189271, "margin": -0.944825, "positive_ce": 1.134096, "step": 31}
{"active": 8, "donor_ce": 0.301294, "margin": -0.776625, "positive_ce": 1.077919, "step": 32}
{"code_bindings": {"distributed_sha256": "09fd08b4750469c1364c28a935b443895f988f17ccc8102ede3ecce6bed6f44d", "evolution_sha256": "6abbe06f249ec8fba942f0f865ff9d92485a13fe95d8c9eab0f308e0c0e258e7", "natural_gate_sha256": "af04d510de46a9580302080fcb52f93e95fbb16696ff7a14cf60545b6fedad26", "runner_sha256": "2f8591a5eb8c308fc0c3d4f8304483d84e5c21dca491c18cbb24b206d1369733"}, "input_binding": {"adapter_files": {"delta_mem_adapter.pt": {"bytes": 101376794, "sha256": "b063940a9be0712f830a992e9114055e4488297b0842245e6e26563b303545a9"}, "delta_mem_config.json": {"bytes": 2649, "sha256": "94b4649a2b14f178dfd2b2de18bcc77894a5606f8b67426bf753f033690273f4"}}, "adapter_files_sha256": "1ceda7e288e832df14ace3fb9b4c5db0edc4395945ecbd34c76363f0d0f9e6fb", "adapter_path": "/root/X/natural-proof-r1/experiments/rethinking_rwkv_ms_gemma/local_artifacts/natural_memory_native_shared_qo_gate_stage1_v9/adapter", "attn_implementation": "sdpa", "base_config_sha256": "33b10c02df3c2e8536cf323d29d53262aaa2f4d11dbe19bc729373fbe90295d4", "base_model": "/root/X/.cache/hf/gemma-4-E4B-it-a4c2d58", "contrast_weight": 0.25, "dataset_root": "/root/X/natural-proof-r1/experiments/rethinking_rwkv_ms_gemma/local_artifacts/natural_memory_native_development_v1", "donor_mapping_payload_sha256": "55247488b4e8297ca9bbe66b9cb4e5e8959093a86972b947530a792472581e6d", "donor_mapping_rows": 1443, "dtype": "bfloat16", "eligible_rows": 1435, "executed_schedule_payload_sha256": "12141aecb4f4952e2d76d5d6926d798cc1200ac5753c6407f131a79ad1799aa2", "full_schedule_payload_sha256": "12141aecb4f4952e2d76d5d6926d798cc1200ac5753c6407f131a79ad1799aa2", "global_batch_size": 8, "hf_endpoint": "https://hf-mirror.com", "learning_rate": 0.0001, "local_rows": 2, "margin": 0.05, "max_grad_norm": 0.1, "phase": "training", "protocol_payload_sha256": "040d31c266282554e82027b00aeac5299251cad322e11f651936fc2ced185347", "runner_sha256": "2f8591a5eb8c308fc0c3d4f8304483d84e5c21dca491c18cbb24b206d1369733", "scene_file_sha256": "8b0552cf1ddd39230896ce1ed6a3842aef94212e70bbc9e76ee8f13c546e6e57", "scene_rows": 1443, "schema": "rwkv_ms_natural_memory_native_scene_contrast_dropout_result.v1", "trainable_audit": {"family_counts": {"memory_fusion_bias": 42, "memory_fusion_hidden_weight": 42, "memory_fusion_read_weight": 42}, "parameter_elements": 108906, "parameter_names_sha256": "b36fe101cae5bcfc6893b51c5cc7ccc0af2df027ff3a2a0c933c99dd07876554", "parameter_tensors": 126, "passed": true, "unexpected_trainable": []}, "updates": 32, "world_size": 4}, "protected_splits_opened": [], "receipt": {"algorithm": "sha256", "payload_scope": "canonical_result_without_receipt", "payload_sha256": "ef72604d84a379413e8c518b4d41ce4a844eaa536df05d30163ac6bf51f5c9cc"}, "schema": "rwkv_ms_natural_memory_native_scene_contrast_dropout_result.v1", "status": "training_complete_evaluation_pending", "training": {"active_hinge_fraction": 0.9765625, "checkpoints": [{"gate_state_sha256": "93e78508d563f35c6dedc2539bb829394de26772c315a1f5602d1f93d7ef6085", "parameter_names_sha256": "60029316e7a2193e798f59fb02bd111f5bfb2c8b480ca5740a984aea042e25e6", "parameter_tensors": 126, "patch_file": {"bytes": 479100, "path": "/root/X/natural-proof-r1/experiments/rethinking_rwkv_ms_gemma/local_artifacts/natural_memory_native_scene_contrast_dropout_train_v1/checkpoint-8/gate_patch.pt", "sha256": "e67bbb443d1ad1daf0c9f4db4b05fa8db9befa697d8307816b8ffd4d86542853"}, "protocol_payload_sha256": "040d31c266282554e82027b00aeac5299251cad322e11f651936fc2ced185347", "receipt": {"algorithm": "sha256", "payload_scope": "canonical_patch_manifest_without_receipt", "payload_sha256": "5bdc57b389d809bc4d12cca7620210d9d8969914f8b84e030e3a735a3c5feaa8"}, "schema": "rwkv_ms_natural_memory_native_scene_contrast_dropout_patch.v1", "source_adapter_files_sha256": "1ceda7e288e832df14ace3fb9b4c5db0edc4395945ecbd34c76363f0d0f9e6fb", "step": 8}, {"gate_state_sha256": "5b0670683046e9701c24171a5c9d8cfc58e1078f25b72806662732260bab7d4f", "parameter_names_sha256": "60029316e7a2193e798f59fb02bd111f5bfb2c8b480ca5740a984aea042e25e6", "parameter_tensors": 126, "patch_file": {"bytes": 479100, "path": "/root/X/natural-proof-r1/experiments/rethinking_rwkv_ms_gemma/local_artifacts/natural_memory_native_scene_contrast_dropout_train_v1/checkpoint-16/gate_patch.pt", "sha256": "c7bd4f6a396c06404cd884f3f6ff92ad5d891621fe295a3e91e9b33d73d4834a"}, "protocol_payload_sha256": "040d31c266282554e82027b00aeac5299251cad322e11f651936fc2ced185347", "receipt": {"algorithm": "sha256", "payload_scope": "canonical_patch_manifest_without_receipt", "payload_sha256": "9da055dc39cb74c54acc6201e32bef095d599273d1f65c2f200550cca97ef891"}, "schema": "rwkv_ms_natural_memory_native_scene_contrast_dropout_patch.v1", "source_adapter_files_sha256": "1ceda7e288e832df14ace3fb9b4c5db0edc4395945ecbd34c76363f0d0f9e6fb", "step": 16}, {"gate_state_sha256": "617c2e1f77f619df17f63fa91093a592381c7ae2b990b13119785cab56680143", "parameter_names_sha256": "60029316e7a2193e798f59fb02bd111f5bfb2c8b480ca5740a984aea042e25e6", "parameter_tensors": 126, "patch_file": {"bytes": 479100, "path": "/root/X/natural-proof-r1/experiments/rethinking_rwkv_ms_gemma/local_artifacts/natural_memory_native_scene_contrast_dropout_train_v1/checkpoint-32/gate_patch.pt", "sha256": "b87d95d226e43cf1f71f5516f0c36e88ea4508c49b240c5b87f4a9856b8ad9ca"}, "protocol_payload_sha256": "040d31c266282554e82027b00aeac5299251cad322e11f651936fc2ced185347", "receipt": {"algorithm": "sha256", "payload_scope": "canonical_patch_manifest_without_receipt", "payload_sha256": "9728c37fe928884a0834522057d025faacc2b6e827b7648971133096e88fdbe6"}, "schema": "rwkv_ms_natural_memory_native_scene_contrast_dropout_patch.v1", "source_adapter_files_sha256": "1ceda7e288e832df14ace3fb9b4c5db0edc4395945ecbd34c76363f0d0f9e6fb", "step": 32}], "elapsed_seconds": 664.6513876914978, "final_gate_state_sha256": "617c2e1f77f619df17f63fa91093a592381c7ae2b990b13119785cab56680143", "final_non_gate_state_sha256": "11f358b2cc5d005f6e8df19c68de23d37c0a664809d8c853bb309748be9ab7c4", "initial_gate_state_sha256": "1ed429e390ac0cc8652b0bcac3e01dee04b84dc83dd83869f75fb2f785e44e76", "initial_non_gate_state_sha256": "11f358b2cc5d005f6e8df19c68de23d37c0a664809d8c853bb309748be9ab7c4", "mean_donor_minus_positive_ce": -0.9176550159273311, "mean_donor_probe_ce": 0.22538384363030306, "mean_positive_probe_ce": 1.1430388595576344, "minimum_gate_gradient_norm": 0.0030386438073059384, "non_gate_unchanged": true, "progress_sha256": "aaeefb5ac9fdeb5399799edc1cf46aa1f8c3af5688d82e4219b6230b1e0d9ba1", "rows": 256, "updates": 32}}
{"rank": 1, "status": "worker_complete"}
{"rank": 3, "status": "worker_complete"}
{"rank": 2, "status": "worker_complete"}
