Loading weights:   0%|          | 0/2076 [00:00<?, ?it/s]Loading weights:  14%|█▍        | 294/2076 [00:00<00:00, 2931.26it/s]Loading weights:  28%|██▊       | 588/2076 [00:00<00:00, 2421.94it/s]Loading weights:  40%|████      | 836/2076 [00:02<00:05, 235.33it/s] Loading weights:  47%|████▋     | 976/2076 [00:03<00:04, 242.10it/s]Loading weights:  52%|█████▏    | 1071/2076 [00:03<00:04, 246.86it/s]Loading weights:  55%|█████▌    | 1142/2076 [00:03<00:03, 249.03it/s]Loading weights:  58%|█████▊    | 1198/2076 [00:04<00:03, 246.18it/s]Loading weights:  60%|█████▉    | 1243/2076 [00:04<00:03, 248.42it/s]Loading weights:  62%|██████▏   | 1282/2076 [00:04<00:03, 243.77it/s]Loading weights:  63%|██████▎   | 1316/2076 [00:04<00:03, 246.71it/s]Loading weights:  65%|██████▍   | 1348/2076 [00:04<00:03, 241.83it/s]Loading weights:  66%|██████▋   | 1377/2076 [00:04<00:02, 233.65it/s]Loading weights:  68%|██████▊   | 1404/2076 [00:04<00:02, 238.96it/s]Loading weights:  73%|███████▎  | 1509/2076 [00:04<00:01, 405.03it/s]Loading weights:  86%|████████▌ | 1790/2076 [00:05<00:00, 950.01it/s]Loading weights:  99%|█████████▊| 2048/2076 [00:05<00:00, 1348.29it/s]Loading weights: 100%|██████████| 2076/2076 [00:05<00:00, 398.35it/s] 
[transformers] The following generation flags are not valid and may be ignored: ['top_p', 'top_k']. Set `TRANSFORMERS_VERBOSITY=info` for more details.
STATE_RETRIEVAL_PROGRESS phase=fit shard=1 method=length_nearest row=5 ordinal=1/74
STATE_RETRIEVAL_PROGRESS phase=fit shard=1 method=char_tfidf_nearest row=5 ordinal=1/74
STATE_RETRIEVAL_PROGRESS phase=fit shard=1 method=hybrid_char_length row=5 ordinal=1/74
STATE_RETRIEVAL_PROGRESS phase=fit shard=1 method=hash_random row=5 ordinal=1/74
STATE_RETRIEVAL_PROGRESS phase=fit shard=1 method=length_nearest row=9 ordinal=2/74
STATE_RETRIEVAL_PROGRESS phase=fit shard=1 method=char_tfidf_nearest row=9 ordinal=2/74
STATE_RETRIEVAL_PROGRESS phase=fit shard=1 method=hybrid_char_length row=9 ordinal=2/74
STATE_RETRIEVAL_PROGRESS phase=fit shard=1 method=hash_random row=9 ordinal=2/74
STATE_RETRIEVAL_PROGRESS phase=fit shard=1 method=length_nearest row=13 ordinal=3/74
STATE_RETRIEVAL_PROGRESS phase=fit shard=1 method=char_tfidf_nearest row=13 ordinal=3/74
STATE_RETRIEVAL_PROGRESS phase=fit shard=1 method=hybrid_char_length row=13 ordinal=3/74
STATE_RETRIEVAL_PROGRESS phase=fit shard=1 method=hash_random row=13 ordinal=3/74
STATE_RETRIEVAL_PROGRESS phase=fit shard=1 method=length_nearest row=17 ordinal=4/74
STATE_RETRIEVAL_PROGRESS phase=fit shard=1 method=char_tfidf_nearest row=17 ordinal=4/74
STATE_RETRIEVAL_PROGRESS phase=fit shard=1 method=hybrid_char_length row=17 ordinal=4/74
STATE_RETRIEVAL_PROGRESS phase=fit shard=1 method=hash_random row=17 ordinal=4/74
STATE_RETRIEVAL_PROGRESS phase=fit shard=1 method=length_nearest row=21 ordinal=5/74
STATE_RETRIEVAL_PROGRESS phase=fit shard=1 method=char_tfidf_nearest row=21 ordinal=5/74
STATE_RETRIEVAL_PROGRESS phase=fit shard=1 method=hybrid_char_length row=21 ordinal=5/74
STATE_RETRIEVAL_PROGRESS phase=fit shard=1 method=hash_random row=21 ordinal=5/74
STATE_RETRIEVAL_PROGRESS phase=fit shard=1 method=length_nearest row=25 ordinal=6/74
STATE_RETRIEVAL_PROGRESS phase=fit shard=1 method=char_tfidf_nearest row=25 ordinal=6/74
STATE_RETRIEVAL_PROGRESS phase=fit shard=1 method=hybrid_char_length row=25 ordinal=6/74
STATE_RETRIEVAL_PROGRESS phase=fit shard=1 method=hash_random row=25 ordinal=6/74
STATE_RETRIEVAL_PROGRESS phase=fit shard=1 method=length_nearest row=29 ordinal=7/74
STATE_RETRIEVAL_PROGRESS phase=fit shard=1 method=char_tfidf_nearest row=29 ordinal=7/74
STATE_RETRIEVAL_PROGRESS phase=fit shard=1 method=hybrid_char_length row=29 ordinal=7/74
STATE_RETRIEVAL_PROGRESS phase=fit shard=1 method=hash_random row=29 ordinal=7/74
STATE_RETRIEVAL_PROGRESS phase=fit shard=1 method=length_nearest row=33 ordinal=8/74
STATE_RETRIEVAL_PROGRESS phase=fit shard=1 method=char_tfidf_nearest row=33 ordinal=8/74
STATE_RETRIEVAL_PROGRESS phase=fit shard=1 method=hybrid_char_length row=33 ordinal=8/74
STATE_RETRIEVAL_PROGRESS phase=fit shard=1 method=hash_random row=33 ordinal=8/74
STATE_RETRIEVAL_PROGRESS phase=fit shard=1 method=length_nearest row=37 ordinal=9/74
STATE_RETRIEVAL_PROGRESS phase=fit shard=1 method=char_tfidf_nearest row=37 ordinal=9/74
STATE_RETRIEVAL_PROGRESS phase=fit shard=1 method=hybrid_char_length row=37 ordinal=9/74
STATE_RETRIEVAL_PROGRESS phase=fit shard=1 method=hash_random row=37 ordinal=9/74
STATE_RETRIEVAL_PROGRESS phase=fit shard=1 method=length_nearest row=45 ordinal=10/74
STATE_RETRIEVAL_PROGRESS phase=fit shard=1 method=char_tfidf_nearest row=45 ordinal=10/74
STATE_RETRIEVAL_PROGRESS phase=fit shard=1 method=hybrid_char_length row=45 ordinal=10/74
STATE_RETRIEVAL_PROGRESS phase=fit shard=1 method=hash_random row=45 ordinal=10/74
STATE_RETRIEVAL_PROGRESS phase=fit shard=1 method=length_nearest row=49 ordinal=11/74
STATE_RETRIEVAL_PROGRESS phase=fit shard=1 method=char_tfidf_nearest row=49 ordinal=11/74
STATE_RETRIEVAL_PROGRESS phase=fit shard=1 method=hybrid_char_length row=49 ordinal=11/74
STATE_RETRIEVAL_PROGRESS phase=fit shard=1 method=hash_random row=49 ordinal=11/74
STATE_RETRIEVAL_PROGRESS phase=fit shard=1 method=length_nearest row=53 ordinal=12/74
STATE_RETRIEVAL_PROGRESS phase=fit shard=1 method=char_tfidf_nearest row=53 ordinal=12/74
STATE_RETRIEVAL_PROGRESS phase=fit shard=1 method=hybrid_char_length row=53 ordinal=12/74
STATE_RETRIEVAL_PROGRESS phase=fit shard=1 method=hash_random row=53 ordinal=12/74
STATE_RETRIEVAL_PROGRESS phase=fit shard=1 method=length_nearest row=57 ordinal=13/74
STATE_RETRIEVAL_PROGRESS phase=fit shard=1 method=char_tfidf_nearest row=57 ordinal=13/74
STATE_RETRIEVAL_PROGRESS phase=fit shard=1 method=hybrid_char_length row=57 ordinal=13/74
STATE_RETRIEVAL_PROGRESS phase=fit shard=1 method=hash_random row=57 ordinal=13/74
STATE_RETRIEVAL_PROGRESS phase=fit shard=1 method=length_nearest row=61 ordinal=14/74
STATE_RETRIEVAL_PROGRESS phase=fit shard=1 method=char_tfidf_nearest row=61 ordinal=14/74
STATE_RETRIEVAL_PROGRESS phase=fit shard=1 method=hybrid_char_length row=61 ordinal=14/74
STATE_RETRIEVAL_PROGRESS phase=fit shard=1 method=hash_random row=61 ordinal=14/74
STATE_RETRIEVAL_PROGRESS phase=fit shard=1 method=length_nearest row=69 ordinal=15/74
STATE_RETRIEVAL_PROGRESS phase=fit shard=1 method=char_tfidf_nearest row=69 ordinal=15/74
STATE_RETRIEVAL_PROGRESS phase=fit shard=1 method=hybrid_char_length row=69 ordinal=15/74
STATE_RETRIEVAL_PROGRESS phase=fit shard=1 method=hash_random row=69 ordinal=15/74
STATE_RETRIEVAL_PROGRESS phase=fit shard=1 method=length_nearest row=73 ordinal=16/74
STATE_RETRIEVAL_PROGRESS phase=fit shard=1 method=char_tfidf_nearest row=73 ordinal=16/74
STATE_RETRIEVAL_PROGRESS phase=fit shard=1 method=hybrid_char_length row=73 ordinal=16/74
STATE_RETRIEVAL_PROGRESS phase=fit shard=1 method=hash_random row=73 ordinal=16/74
STATE_RETRIEVAL_PROGRESS phase=fit shard=1 method=length_nearest row=77 ordinal=17/74
STATE_RETRIEVAL_PROGRESS phase=fit shard=1 method=char_tfidf_nearest row=77 ordinal=17/74
STATE_RETRIEVAL_PROGRESS phase=fit shard=1 method=hybrid_char_length row=77 ordinal=17/74
STATE_RETRIEVAL_PROGRESS phase=fit shard=1 method=hash_random row=77 ordinal=17/74
STATE_RETRIEVAL_PROGRESS phase=fit shard=1 method=length_nearest row=81 ordinal=18/74
STATE_RETRIEVAL_PROGRESS phase=fit shard=1 method=char_tfidf_nearest row=81 ordinal=18/74
STATE_RETRIEVAL_PROGRESS phase=fit shard=1 method=hybrid_char_length row=81 ordinal=18/74
STATE_RETRIEVAL_PROGRESS phase=fit shard=1 method=hash_random row=81 ordinal=18/74
STATE_RETRIEVAL_PROGRESS phase=fit shard=1 method=length_nearest row=85 ordinal=19/74
STATE_RETRIEVAL_PROGRESS phase=fit shard=1 method=char_tfidf_nearest row=85 ordinal=19/74
STATE_RETRIEVAL_PROGRESS phase=fit shard=1 method=hybrid_char_length row=85 ordinal=19/74
STATE_RETRIEVAL_PROGRESS phase=fit shard=1 method=hash_random row=85 ordinal=19/74
STATE_RETRIEVAL_PROGRESS phase=fit shard=1 method=length_nearest row=97 ordinal=20/74
STATE_RETRIEVAL_PROGRESS phase=fit shard=1 method=char_tfidf_nearest row=97 ordinal=20/74
STATE_RETRIEVAL_PROGRESS phase=fit shard=1 method=hybrid_char_length row=97 ordinal=20/74
STATE_RETRIEVAL_PROGRESS phase=fit shard=1 method=hash_random row=97 ordinal=20/74
STATE_RETRIEVAL_PROGRESS phase=fit shard=1 method=length_nearest row=101 ordinal=21/74
STATE_RETRIEVAL_PROGRESS phase=fit shard=1 method=char_tfidf_nearest row=101 ordinal=21/74
STATE_RETRIEVAL_PROGRESS phase=fit shard=1 method=hybrid_char_length row=101 ordinal=21/74
STATE_RETRIEVAL_PROGRESS phase=fit shard=1 method=hash_random row=101 ordinal=21/74
STATE_RETRIEVAL_PROGRESS phase=fit shard=1 method=length_nearest row=105 ordinal=22/74
STATE_RETRIEVAL_PROGRESS phase=fit shard=1 method=char_tfidf_nearest row=105 ordinal=22/74
STATE_RETRIEVAL_PROGRESS phase=fit shard=1 method=hybrid_char_length row=105 ordinal=22/74
STATE_RETRIEVAL_PROGRESS phase=fit shard=1 method=hash_random row=105 ordinal=22/74
STATE_RETRIEVAL_PROGRESS phase=fit shard=1 method=length_nearest row=109 ordinal=23/74
STATE_RETRIEVAL_PROGRESS phase=fit shard=1 method=char_tfidf_nearest row=109 ordinal=23/74
STATE_RETRIEVAL_PROGRESS phase=fit shard=1 method=hybrid_char_length row=109 ordinal=23/74
STATE_RETRIEVAL_PROGRESS phase=fit shard=1 method=hash_random row=109 ordinal=23/74
STATE_RETRIEVAL_PROGRESS phase=fit shard=1 method=length_nearest row=113 ordinal=24/74
STATE_RETRIEVAL_PROGRESS phase=fit shard=1 method=char_tfidf_nearest row=113 ordinal=24/74
STATE_RETRIEVAL_PROGRESS phase=fit shard=1 method=hybrid_char_length row=113 ordinal=24/74
STATE_RETRIEVAL_PROGRESS phase=fit shard=1 method=hash_random row=113 ordinal=24/74
STATE_RETRIEVAL_PROGRESS phase=fit shard=1 method=length_nearest row=117 ordinal=25/74
STATE_RETRIEVAL_PROGRESS phase=fit shard=1 method=char_tfidf_nearest row=117 ordinal=25/74
STATE_RETRIEVAL_PROGRESS phase=fit shard=1 method=hybrid_char_length row=117 ordinal=25/74
STATE_RETRIEVAL_PROGRESS phase=fit shard=1 method=hash_random row=117 ordinal=25/74
STATE_RETRIEVAL_PROGRESS phase=fit shard=1 method=length_nearest row=121 ordinal=26/74
STATE_RETRIEVAL_PROGRESS phase=fit shard=1 method=char_tfidf_nearest row=121 ordinal=26/74
STATE_RETRIEVAL_PROGRESS phase=fit shard=1 method=hybrid_char_length row=121 ordinal=26/74
STATE_RETRIEVAL_PROGRESS phase=fit shard=1 method=hash_random row=121 ordinal=26/74
STATE_RETRIEVAL_PROGRESS phase=fit shard=1 method=length_nearest row=133 ordinal=27/74
STATE_RETRIEVAL_PROGRESS phase=fit shard=1 method=char_tfidf_nearest row=133 ordinal=27/74
STATE_RETRIEVAL_PROGRESS phase=fit shard=1 method=hybrid_char_length row=133 ordinal=27/74
STATE_RETRIEVAL_PROGRESS phase=fit shard=1 method=hash_random row=133 ordinal=27/74
STATE_RETRIEVAL_PROGRESS phase=fit shard=1 method=length_nearest row=137 ordinal=28/74
STATE_RETRIEVAL_PROGRESS phase=fit shard=1 method=char_tfidf_nearest row=137 ordinal=28/74
STATE_RETRIEVAL_PROGRESS phase=fit shard=1 method=hybrid_char_length row=137 ordinal=28/74
STATE_RETRIEVAL_PROGRESS phase=fit shard=1 method=hash_random row=137 ordinal=28/74
STATE_RETRIEVAL_PROGRESS phase=fit shard=1 method=length_nearest row=145 ordinal=29/74
STATE_RETRIEVAL_PROGRESS phase=fit shard=1 method=char_tfidf_nearest row=145 ordinal=29/74
STATE_RETRIEVAL_PROGRESS phase=fit shard=1 method=hybrid_char_length row=145 ordinal=29/74
STATE_RETRIEVAL_PROGRESS phase=fit shard=1 method=hash_random row=145 ordinal=29/74
STATE_RETRIEVAL_PROGRESS phase=fit shard=1 method=length_nearest row=153 ordinal=30/74
STATE_RETRIEVAL_PROGRESS phase=fit shard=1 method=char_tfidf_nearest row=153 ordinal=30/74
STATE_RETRIEVAL_PROGRESS phase=fit shard=1 method=hybrid_char_length row=153 ordinal=30/74
STATE_RETRIEVAL_PROGRESS phase=fit shard=1 method=hash_random row=153 ordinal=30/74
STATE_RETRIEVAL_PROGRESS phase=fit shard=1 method=length_nearest row=161 ordinal=31/74
STATE_RETRIEVAL_PROGRESS phase=fit shard=1 method=char_tfidf_nearest row=161 ordinal=31/74
STATE_RETRIEVAL_PROGRESS phase=fit shard=1 method=hybrid_char_length row=161 ordinal=31/74
STATE_RETRIEVAL_PROGRESS phase=fit shard=1 method=hash_random row=161 ordinal=31/74
STATE_RETRIEVAL_PROGRESS phase=fit shard=1 method=length_nearest row=165 ordinal=32/74
STATE_RETRIEVAL_PROGRESS phase=fit shard=1 method=char_tfidf_nearest row=165 ordinal=32/74
STATE_RETRIEVAL_PROGRESS phase=fit shard=1 method=hybrid_char_length row=165 ordinal=32/74
STATE_RETRIEVAL_PROGRESS phase=fit shard=1 method=hash_random row=165 ordinal=32/74
STATE_RETRIEVAL_PROGRESS phase=fit shard=1 method=length_nearest row=169 ordinal=33/74
STATE_RETRIEVAL_PROGRESS phase=fit shard=1 method=char_tfidf_nearest row=169 ordinal=33/74
STATE_RETRIEVAL_PROGRESS phase=fit shard=1 method=hybrid_char_length row=169 ordinal=33/74
STATE_RETRIEVAL_PROGRESS phase=fit shard=1 method=hash_random row=169 ordinal=33/74
STATE_RETRIEVAL_PROGRESS phase=fit shard=1 method=length_nearest row=173 ordinal=34/74
STATE_RETRIEVAL_PROGRESS phase=fit shard=1 method=char_tfidf_nearest row=173 ordinal=34/74
STATE_RETRIEVAL_PROGRESS phase=fit shard=1 method=hybrid_char_length row=173 ordinal=34/74
STATE_RETRIEVAL_PROGRESS phase=fit shard=1 method=hash_random row=173 ordinal=34/74
STATE_RETRIEVAL_PROGRESS phase=fit shard=1 method=length_nearest row=177 ordinal=35/74
STATE_RETRIEVAL_PROGRESS phase=fit shard=1 method=char_tfidf_nearest row=177 ordinal=35/74
STATE_RETRIEVAL_PROGRESS phase=fit shard=1 method=hybrid_char_length row=177 ordinal=35/74
STATE_RETRIEVAL_PROGRESS phase=fit shard=1 method=hash_random row=177 ordinal=35/74
STATE_RETRIEVAL_PROGRESS phase=fit shard=1 method=length_nearest row=181 ordinal=36/74
STATE_RETRIEVAL_PROGRESS phase=fit shard=1 method=char_tfidf_nearest row=181 ordinal=36/74
STATE_RETRIEVAL_PROGRESS phase=fit shard=1 method=hybrid_char_length row=181 ordinal=36/74
STATE_RETRIEVAL_PROGRESS phase=fit shard=1 method=hash_random row=181 ordinal=36/74
STATE_RETRIEVAL_PROGRESS phase=fit shard=1 method=length_nearest row=185 ordinal=37/74
STATE_RETRIEVAL_PROGRESS phase=fit shard=1 method=char_tfidf_nearest row=185 ordinal=37/74
STATE_RETRIEVAL_PROGRESS phase=fit shard=1 method=hybrid_char_length row=185 ordinal=37/74
STATE_RETRIEVAL_PROGRESS phase=fit shard=1 method=hash_random row=185 ordinal=37/74
STATE_RETRIEVAL_PROGRESS phase=fit shard=1 method=length_nearest row=189 ordinal=38/74
STATE_RETRIEVAL_PROGRESS phase=fit shard=1 method=char_tfidf_nearest row=189 ordinal=38/74
STATE_RETRIEVAL_PROGRESS phase=fit shard=1 method=hybrid_char_length row=189 ordinal=38/74
STATE_RETRIEVAL_PROGRESS phase=fit shard=1 method=hash_random row=189 ordinal=38/74
STATE_RETRIEVAL_PROGRESS phase=fit shard=1 method=length_nearest row=193 ordinal=39/74
STATE_RETRIEVAL_PROGRESS phase=fit shard=1 method=char_tfidf_nearest row=193 ordinal=39/74
STATE_RETRIEVAL_PROGRESS phase=fit shard=1 method=hybrid_char_length row=193 ordinal=39/74
STATE_RETRIEVAL_PROGRESS phase=fit shard=1 method=hash_random row=193 ordinal=39/74
STATE_RETRIEVAL_PROGRESS phase=fit shard=1 method=length_nearest row=197 ordinal=40/74
STATE_RETRIEVAL_PROGRESS phase=fit shard=1 method=char_tfidf_nearest row=197 ordinal=40/74
STATE_RETRIEVAL_PROGRESS phase=fit shard=1 method=hybrid_char_length row=197 ordinal=40/74
STATE_RETRIEVAL_PROGRESS phase=fit shard=1 method=hash_random row=197 ordinal=40/74
STATE_RETRIEVAL_PROGRESS phase=fit shard=1 method=length_nearest row=201 ordinal=41/74
STATE_RETRIEVAL_PROGRESS phase=fit shard=1 method=char_tfidf_nearest row=201 ordinal=41/74
STATE_RETRIEVAL_PROGRESS phase=fit shard=1 method=hybrid_char_length row=201 ordinal=41/74
STATE_RETRIEVAL_PROGRESS phase=fit shard=1 method=hash_random row=201 ordinal=41/74
STATE_RETRIEVAL_PROGRESS phase=fit shard=1 method=length_nearest row=205 ordinal=42/74
STATE_RETRIEVAL_PROGRESS phase=fit shard=1 method=char_tfidf_nearest row=205 ordinal=42/74
STATE_RETRIEVAL_PROGRESS phase=fit shard=1 method=hybrid_char_length row=205 ordinal=42/74
STATE_RETRIEVAL_PROGRESS phase=fit shard=1 method=hash_random row=205 ordinal=42/74
STATE_RETRIEVAL_PROGRESS phase=fit shard=1 method=length_nearest row=209 ordinal=43/74
STATE_RETRIEVAL_PROGRESS phase=fit shard=1 method=char_tfidf_nearest row=209 ordinal=43/74
STATE_RETRIEVAL_PROGRESS phase=fit shard=1 method=hybrid_char_length row=209 ordinal=43/74
STATE_RETRIEVAL_PROGRESS phase=fit shard=1 method=hash_random row=209 ordinal=43/74
STATE_RETRIEVAL_PROGRESS phase=fit shard=1 method=length_nearest row=213 ordinal=44/74
STATE_RETRIEVAL_PROGRESS phase=fit shard=1 method=char_tfidf_nearest row=213 ordinal=44/74
STATE_RETRIEVAL_PROGRESS phase=fit shard=1 method=hybrid_char_length row=213 ordinal=44/74
STATE_RETRIEVAL_PROGRESS phase=fit shard=1 method=hash_random row=213 ordinal=44/74
STATE_RETRIEVAL_PROGRESS phase=fit shard=1 method=length_nearest row=217 ordinal=45/74
STATE_RETRIEVAL_PROGRESS phase=fit shard=1 method=char_tfidf_nearest row=217 ordinal=45/74
STATE_RETRIEVAL_PROGRESS phase=fit shard=1 method=hybrid_char_length row=217 ordinal=45/74
STATE_RETRIEVAL_PROGRESS phase=fit shard=1 method=hash_random row=217 ordinal=45/74
STATE_RETRIEVAL_PROGRESS phase=fit shard=1 method=length_nearest row=221 ordinal=46/74
STATE_RETRIEVAL_PROGRESS phase=fit shard=1 method=char_tfidf_nearest row=221 ordinal=46/74
STATE_RETRIEVAL_PROGRESS phase=fit shard=1 method=hybrid_char_length row=221 ordinal=46/74
STATE_RETRIEVAL_PROGRESS phase=fit shard=1 method=hash_random row=221 ordinal=46/74
STATE_RETRIEVAL_PROGRESS phase=fit shard=1 method=length_nearest row=225 ordinal=47/74
STATE_RETRIEVAL_PROGRESS phase=fit shard=1 method=char_tfidf_nearest row=225 ordinal=47/74
STATE_RETRIEVAL_PROGRESS phase=fit shard=1 method=hybrid_char_length row=225 ordinal=47/74
STATE_RETRIEVAL_PROGRESS phase=fit shard=1 method=hash_random row=225 ordinal=47/74
STATE_RETRIEVAL_PROGRESS phase=fit shard=1 method=length_nearest row=229 ordinal=48/74
STATE_RETRIEVAL_PROGRESS phase=fit shard=1 method=char_tfidf_nearest row=229 ordinal=48/74
STATE_RETRIEVAL_PROGRESS phase=fit shard=1 method=hybrid_char_length row=229 ordinal=48/74
STATE_RETRIEVAL_PROGRESS phase=fit shard=1 method=hash_random row=229 ordinal=48/74
STATE_RETRIEVAL_PROGRESS phase=fit shard=1 method=length_nearest row=237 ordinal=49/74
STATE_RETRIEVAL_PROGRESS phase=fit shard=1 method=char_tfidf_nearest row=237 ordinal=49/74
STATE_RETRIEVAL_PROGRESS phase=fit shard=1 method=hybrid_char_length row=237 ordinal=49/74
STATE_RETRIEVAL_PROGRESS phase=fit shard=1 method=hash_random row=237 ordinal=49/74
STATE_RETRIEVAL_PROGRESS phase=fit shard=1 method=length_nearest row=241 ordinal=50/74
STATE_RETRIEVAL_PROGRESS phase=fit shard=1 method=char_tfidf_nearest row=241 ordinal=50/74
STATE_RETRIEVAL_PROGRESS phase=fit shard=1 method=hybrid_char_length row=241 ordinal=50/74
STATE_RETRIEVAL_PROGRESS phase=fit shard=1 method=hash_random row=241 ordinal=50/74
STATE_RETRIEVAL_PROGRESS phase=fit shard=1 method=length_nearest row=245 ordinal=51/74
STATE_RETRIEVAL_PROGRESS phase=fit shard=1 method=char_tfidf_nearest row=245 ordinal=51/74
STATE_RETRIEVAL_PROGRESS phase=fit shard=1 method=hybrid_char_length row=245 ordinal=51/74
STATE_RETRIEVAL_PROGRESS phase=fit shard=1 method=hash_random row=245 ordinal=51/74
STATE_RETRIEVAL_PROGRESS phase=fit shard=1 method=length_nearest row=249 ordinal=52/74
STATE_RETRIEVAL_PROGRESS phase=fit shard=1 method=char_tfidf_nearest row=249 ordinal=52/74
STATE_RETRIEVAL_PROGRESS phase=fit shard=1 method=hybrid_char_length row=249 ordinal=52/74
STATE_RETRIEVAL_PROGRESS phase=fit shard=1 method=hash_random row=249 ordinal=52/74
STATE_RETRIEVAL_PROGRESS phase=fit shard=1 method=length_nearest row=253 ordinal=53/74
STATE_RETRIEVAL_PROGRESS phase=fit shard=1 method=char_tfidf_nearest row=253 ordinal=53/74
STATE_RETRIEVAL_PROGRESS phase=fit shard=1 method=hybrid_char_length row=253 ordinal=53/74
STATE_RETRIEVAL_PROGRESS phase=fit shard=1 method=hash_random row=253 ordinal=53/74
STATE_RETRIEVAL_PROGRESS phase=fit shard=1 method=length_nearest row=257 ordinal=54/74
STATE_RETRIEVAL_PROGRESS phase=fit shard=1 method=char_tfidf_nearest row=257 ordinal=54/74
STATE_RETRIEVAL_PROGRESS phase=fit shard=1 method=hybrid_char_length row=257 ordinal=54/74
STATE_RETRIEVAL_PROGRESS phase=fit shard=1 method=hash_random row=257 ordinal=54/74
STATE_RETRIEVAL_PROGRESS phase=fit shard=1 method=length_nearest row=261 ordinal=55/74
STATE_RETRIEVAL_PROGRESS phase=fit shard=1 method=char_tfidf_nearest row=261 ordinal=55/74
STATE_RETRIEVAL_PROGRESS phase=fit shard=1 method=hybrid_char_length row=261 ordinal=55/74
STATE_RETRIEVAL_PROGRESS phase=fit shard=1 method=hash_random row=261 ordinal=55/74
STATE_RETRIEVAL_PROGRESS phase=fit shard=1 method=length_nearest row=265 ordinal=56/74
STATE_RETRIEVAL_PROGRESS phase=fit shard=1 method=char_tfidf_nearest row=265 ordinal=56/74
STATE_RETRIEVAL_PROGRESS phase=fit shard=1 method=hybrid_char_length row=265 ordinal=56/74
STATE_RETRIEVAL_PROGRESS phase=fit shard=1 method=hash_random row=265 ordinal=56/74
STATE_RETRIEVAL_PROGRESS phase=fit shard=1 method=length_nearest row=269 ordinal=57/74
STATE_RETRIEVAL_PROGRESS phase=fit shard=1 method=char_tfidf_nearest row=269 ordinal=57/74
STATE_RETRIEVAL_PROGRESS phase=fit shard=1 method=hybrid_char_length row=269 ordinal=57/74
STATE_RETRIEVAL_PROGRESS phase=fit shard=1 method=hash_random row=269 ordinal=57/74
STATE_RETRIEVAL_PROGRESS phase=fit shard=1 method=length_nearest row=273 ordinal=58/74
STATE_RETRIEVAL_PROGRESS phase=fit shard=1 method=char_tfidf_nearest row=273 ordinal=58/74
STATE_RETRIEVAL_PROGRESS phase=fit shard=1 method=hybrid_char_length row=273 ordinal=58/74
STATE_RETRIEVAL_PROGRESS phase=fit shard=1 method=hash_random row=273 ordinal=58/74
STATE_RETRIEVAL_PROGRESS phase=fit shard=1 method=length_nearest row=281 ordinal=59/74
STATE_RETRIEVAL_PROGRESS phase=fit shard=1 method=char_tfidf_nearest row=281 ordinal=59/74
STATE_RETRIEVAL_PROGRESS phase=fit shard=1 method=hybrid_char_length row=281 ordinal=59/74
STATE_RETRIEVAL_PROGRESS phase=fit shard=1 method=hash_random row=281 ordinal=59/74
STATE_RETRIEVAL_PROGRESS phase=fit shard=1 method=length_nearest row=285 ordinal=60/74
STATE_RETRIEVAL_PROGRESS phase=fit shard=1 method=char_tfidf_nearest row=285 ordinal=60/74
STATE_RETRIEVAL_PROGRESS phase=fit shard=1 method=hybrid_char_length row=285 ordinal=60/74
STATE_RETRIEVAL_PROGRESS phase=fit shard=1 method=hash_random row=285 ordinal=60/74
STATE_RETRIEVAL_PROGRESS phase=fit shard=1 method=length_nearest row=289 ordinal=61/74
STATE_RETRIEVAL_PROGRESS phase=fit shard=1 method=char_tfidf_nearest row=289 ordinal=61/74
STATE_RETRIEVAL_PROGRESS phase=fit shard=1 method=hybrid_char_length row=289 ordinal=61/74
STATE_RETRIEVAL_PROGRESS phase=fit shard=1 method=hash_random row=289 ordinal=61/74
STATE_RETRIEVAL_PROGRESS phase=fit shard=1 method=length_nearest row=297 ordinal=62/74
STATE_RETRIEVAL_PROGRESS phase=fit shard=1 method=char_tfidf_nearest row=297 ordinal=62/74
STATE_RETRIEVAL_PROGRESS phase=fit shard=1 method=hybrid_char_length row=297 ordinal=62/74
STATE_RETRIEVAL_PROGRESS phase=fit shard=1 method=hash_random row=297 ordinal=62/74
STATE_RETRIEVAL_PROGRESS phase=fit shard=1 method=length_nearest row=305 ordinal=63/74
STATE_RETRIEVAL_PROGRESS phase=fit shard=1 method=char_tfidf_nearest row=305 ordinal=63/74
STATE_RETRIEVAL_PROGRESS phase=fit shard=1 method=hybrid_char_length row=305 ordinal=63/74
STATE_RETRIEVAL_PROGRESS phase=fit shard=1 method=hash_random row=305 ordinal=63/74
STATE_RETRIEVAL_PROGRESS phase=fit shard=1 method=length_nearest row=309 ordinal=64/74
STATE_RETRIEVAL_PROGRESS phase=fit shard=1 method=char_tfidf_nearest row=309 ordinal=64/74
STATE_RETRIEVAL_PROGRESS phase=fit shard=1 method=hybrid_char_length row=309 ordinal=64/74
STATE_RETRIEVAL_PROGRESS phase=fit shard=1 method=hash_random row=309 ordinal=64/74
STATE_RETRIEVAL_PROGRESS phase=fit shard=1 method=length_nearest row=313 ordinal=65/74
STATE_RETRIEVAL_PROGRESS phase=fit shard=1 method=char_tfidf_nearest row=313 ordinal=65/74
STATE_RETRIEVAL_PROGRESS phase=fit shard=1 method=hybrid_char_length row=313 ordinal=65/74
STATE_RETRIEVAL_PROGRESS phase=fit shard=1 method=hash_random row=313 ordinal=65/74
STATE_RETRIEVAL_PROGRESS phase=fit shard=1 method=length_nearest row=317 ordinal=66/74
STATE_RETRIEVAL_PROGRESS phase=fit shard=1 method=char_tfidf_nearest row=317 ordinal=66/74
STATE_RETRIEVAL_PROGRESS phase=fit shard=1 method=hybrid_char_length row=317 ordinal=66/74
STATE_RETRIEVAL_PROGRESS phase=fit shard=1 method=hash_random row=317 ordinal=66/74
STATE_RETRIEVAL_PROGRESS phase=fit shard=1 method=length_nearest row=321 ordinal=67/74
STATE_RETRIEVAL_PROGRESS phase=fit shard=1 method=char_tfidf_nearest row=321 ordinal=67/74
STATE_RETRIEVAL_PROGRESS phase=fit shard=1 method=hybrid_char_length row=321 ordinal=67/74
STATE_RETRIEVAL_PROGRESS phase=fit shard=1 method=hash_random row=321 ordinal=67/74
STATE_RETRIEVAL_PROGRESS phase=fit shard=1 method=length_nearest row=325 ordinal=68/74
STATE_RETRIEVAL_PROGRESS phase=fit shard=1 method=char_tfidf_nearest row=325 ordinal=68/74
STATE_RETRIEVAL_PROGRESS phase=fit shard=1 method=hybrid_char_length row=325 ordinal=68/74
STATE_RETRIEVAL_PROGRESS phase=fit shard=1 method=hash_random row=325 ordinal=68/74
STATE_RETRIEVAL_PROGRESS phase=fit shard=1 method=length_nearest row=329 ordinal=69/74
STATE_RETRIEVAL_PROGRESS phase=fit shard=1 method=char_tfidf_nearest row=329 ordinal=69/74
STATE_RETRIEVAL_PROGRESS phase=fit shard=1 method=hybrid_char_length row=329 ordinal=69/74
STATE_RETRIEVAL_PROGRESS phase=fit shard=1 method=hash_random row=329 ordinal=69/74
STATE_RETRIEVAL_PROGRESS phase=fit shard=1 method=length_nearest row=337 ordinal=70/74
STATE_RETRIEVAL_PROGRESS phase=fit shard=1 method=char_tfidf_nearest row=337 ordinal=70/74
STATE_RETRIEVAL_PROGRESS phase=fit shard=1 method=hybrid_char_length row=337 ordinal=70/74
STATE_RETRIEVAL_PROGRESS phase=fit shard=1 method=hash_random row=337 ordinal=70/74
STATE_RETRIEVAL_PROGRESS phase=fit shard=1 method=length_nearest row=341 ordinal=71/74
STATE_RETRIEVAL_PROGRESS phase=fit shard=1 method=char_tfidf_nearest row=341 ordinal=71/74
STATE_RETRIEVAL_PROGRESS phase=fit shard=1 method=hybrid_char_length row=341 ordinal=71/74
STATE_RETRIEVAL_PROGRESS phase=fit shard=1 method=hash_random row=341 ordinal=71/74
STATE_RETRIEVAL_PROGRESS phase=fit shard=1 method=length_nearest row=345 ordinal=72/74
STATE_RETRIEVAL_PROGRESS phase=fit shard=1 method=char_tfidf_nearest row=345 ordinal=72/74
STATE_RETRIEVAL_PROGRESS phase=fit shard=1 method=hybrid_char_length row=345 ordinal=72/74
STATE_RETRIEVAL_PROGRESS phase=fit shard=1 method=hash_random row=345 ordinal=72/74
STATE_RETRIEVAL_PROGRESS phase=fit shard=1 method=length_nearest row=353 ordinal=73/74
STATE_RETRIEVAL_PROGRESS phase=fit shard=1 method=char_tfidf_nearest row=353 ordinal=73/74
STATE_RETRIEVAL_PROGRESS phase=fit shard=1 method=hybrid_char_length row=353 ordinal=73/74
STATE_RETRIEVAL_PROGRESS phase=fit shard=1 method=hash_random row=353 ordinal=73/74
STATE_RETRIEVAL_PROGRESS phase=fit shard=1 method=length_nearest row=357 ordinal=74/74
STATE_RETRIEVAL_PROGRESS phase=fit shard=1 method=char_tfidf_nearest row=357 ordinal=74/74
STATE_RETRIEVAL_PROGRESS phase=fit shard=1 method=hybrid_char_length row=357 ordinal=74/74
STATE_RETRIEVAL_PROGRESS phase=fit shard=1 method=hash_random row=357 ordinal=74/74
STATE_RETRIEVAL_SHARD_COMPLETE phase=fit shard=1
