Loading weights:   0%|          | 0/2076 [00:00<?, ?it/s]Loading weights:  13%|█▎        | 267/2076 [00:00<00:00, 2639.92it/s]Loading weights:  26%|██▌       | 531/2076 [00:00<00:00, 2460.12it/s]Loading weights:  37%|███▋      | 778/2076 [00:02<00:06, 201.26it/s] Loading weights:  44%|████▍     | 917/2076 [00:03<00:05, 209.81it/s]Loading weights:  49%|████▊     | 1011/2076 [00:03<00:04, 219.95it/s]Loading weights:  52%|█████▏    | 1081/2076 [00:04<00:04, 224.98it/s]Loading weights:  55%|█████▍    | 1136/2076 [00:04<00:04, 230.09it/s]Loading weights:  57%|█████▋    | 1182/2076 [00:04<00:03, 228.98it/s]Loading weights:  59%|█████▉    | 1220/2076 [00:04<00:03, 235.17it/s]Loading weights:  60%|██████    | 1255/2076 [00:04<00:03, 225.10it/s]Loading weights:  62%|██████▏   | 1285/2076 [00:04<00:03, 226.91it/s]Loading weights:  63%|██████▎   | 1313/2076 [00:05<00:03, 221.84it/s]Loading weights:  64%|██████▍   | 1339/2076 [00:05<00:03, 216.98it/s]Loading weights:  66%|██████▌   | 1363/2076 [00:05<00:03, 218.75it/s]Loading weights:  67%|██████▋   | 1390/2076 [00:05<00:03, 225.03it/s]Loading weights:  68%|██████▊   | 1414/2076 [00:05<00:03, 217.34it/s]Loading weights:  79%|███████▊  | 1631/2076 [00:05<00:00, 682.94it/s]Loading weights:  91%|█████████▏| 1896/2076 [00:05<00:00, 1182.48it/s]Loading weights: 100%|██████████| 2076/2076 [00:05<00:00, 355.51it/s] 
[transformers] The following generation flags are not valid and may be ignored: ['top_p', 'top_k']. Set `TRANSFORMERS_VERBOSITY=info` for more details.
STATE_RETRIEVAL_PROGRESS phase=fit shard=2 method=length_nearest row=6 ordinal=1/73
STATE_RETRIEVAL_PROGRESS phase=fit shard=2 method=char_tfidf_nearest row=6 ordinal=1/73
STATE_RETRIEVAL_PROGRESS phase=fit shard=2 method=hybrid_char_length row=6 ordinal=1/73
STATE_RETRIEVAL_PROGRESS phase=fit shard=2 method=hash_random row=6 ordinal=1/73
STATE_RETRIEVAL_PROGRESS phase=fit shard=2 method=length_nearest row=14 ordinal=2/73
STATE_RETRIEVAL_PROGRESS phase=fit shard=2 method=char_tfidf_nearest row=14 ordinal=2/73
STATE_RETRIEVAL_PROGRESS phase=fit shard=2 method=hybrid_char_length row=14 ordinal=2/73
STATE_RETRIEVAL_PROGRESS phase=fit shard=2 method=hash_random row=14 ordinal=2/73
STATE_RETRIEVAL_PROGRESS phase=fit shard=2 method=length_nearest row=18 ordinal=3/73
STATE_RETRIEVAL_PROGRESS phase=fit shard=2 method=char_tfidf_nearest row=18 ordinal=3/73
STATE_RETRIEVAL_PROGRESS phase=fit shard=2 method=hybrid_char_length row=18 ordinal=3/73
STATE_RETRIEVAL_PROGRESS phase=fit shard=2 method=hash_random row=18 ordinal=3/73
STATE_RETRIEVAL_PROGRESS phase=fit shard=2 method=length_nearest row=22 ordinal=4/73
STATE_RETRIEVAL_PROGRESS phase=fit shard=2 method=char_tfidf_nearest row=22 ordinal=4/73
STATE_RETRIEVAL_PROGRESS phase=fit shard=2 method=hybrid_char_length row=22 ordinal=4/73
STATE_RETRIEVAL_PROGRESS phase=fit shard=2 method=hash_random row=22 ordinal=4/73
STATE_RETRIEVAL_PROGRESS phase=fit shard=2 method=length_nearest row=26 ordinal=5/73
STATE_RETRIEVAL_PROGRESS phase=fit shard=2 method=char_tfidf_nearest row=26 ordinal=5/73
STATE_RETRIEVAL_PROGRESS phase=fit shard=2 method=hybrid_char_length row=26 ordinal=5/73
STATE_RETRIEVAL_PROGRESS phase=fit shard=2 method=hash_random row=26 ordinal=5/73
STATE_RETRIEVAL_PROGRESS phase=fit shard=2 method=length_nearest row=34 ordinal=6/73
STATE_RETRIEVAL_PROGRESS phase=fit shard=2 method=char_tfidf_nearest row=34 ordinal=6/73
STATE_RETRIEVAL_PROGRESS phase=fit shard=2 method=hybrid_char_length row=34 ordinal=6/73
STATE_RETRIEVAL_PROGRESS phase=fit shard=2 method=hash_random row=34 ordinal=6/73
STATE_RETRIEVAL_PROGRESS phase=fit shard=2 method=length_nearest row=38 ordinal=7/73
STATE_RETRIEVAL_PROGRESS phase=fit shard=2 method=char_tfidf_nearest row=38 ordinal=7/73
STATE_RETRIEVAL_PROGRESS phase=fit shard=2 method=hybrid_char_length row=38 ordinal=7/73
STATE_RETRIEVAL_PROGRESS phase=fit shard=2 method=hash_random row=38 ordinal=7/73
STATE_RETRIEVAL_PROGRESS phase=fit shard=2 method=length_nearest row=42 ordinal=8/73
STATE_RETRIEVAL_PROGRESS phase=fit shard=2 method=char_tfidf_nearest row=42 ordinal=8/73
STATE_RETRIEVAL_PROGRESS phase=fit shard=2 method=hybrid_char_length row=42 ordinal=8/73
STATE_RETRIEVAL_PROGRESS phase=fit shard=2 method=hash_random row=42 ordinal=8/73
STATE_RETRIEVAL_PROGRESS phase=fit shard=2 method=length_nearest row=46 ordinal=9/73
STATE_RETRIEVAL_PROGRESS phase=fit shard=2 method=char_tfidf_nearest row=46 ordinal=9/73
STATE_RETRIEVAL_PROGRESS phase=fit shard=2 method=hybrid_char_length row=46 ordinal=9/73
STATE_RETRIEVAL_PROGRESS phase=fit shard=2 method=hash_random row=46 ordinal=9/73
STATE_RETRIEVAL_PROGRESS phase=fit shard=2 method=length_nearest row=50 ordinal=10/73
STATE_RETRIEVAL_PROGRESS phase=fit shard=2 method=char_tfidf_nearest row=50 ordinal=10/73
STATE_RETRIEVAL_PROGRESS phase=fit shard=2 method=hybrid_char_length row=50 ordinal=10/73
STATE_RETRIEVAL_PROGRESS phase=fit shard=2 method=hash_random row=50 ordinal=10/73
STATE_RETRIEVAL_PROGRESS phase=fit shard=2 method=length_nearest row=54 ordinal=11/73
STATE_RETRIEVAL_PROGRESS phase=fit shard=2 method=char_tfidf_nearest row=54 ordinal=11/73
STATE_RETRIEVAL_PROGRESS phase=fit shard=2 method=hybrid_char_length row=54 ordinal=11/73
STATE_RETRIEVAL_PROGRESS phase=fit shard=2 method=hash_random row=54 ordinal=11/73
STATE_RETRIEVAL_PROGRESS phase=fit shard=2 method=length_nearest row=58 ordinal=12/73
STATE_RETRIEVAL_PROGRESS phase=fit shard=2 method=char_tfidf_nearest row=58 ordinal=12/73
STATE_RETRIEVAL_PROGRESS phase=fit shard=2 method=hybrid_char_length row=58 ordinal=12/73
STATE_RETRIEVAL_PROGRESS phase=fit shard=2 method=hash_random row=58 ordinal=12/73
STATE_RETRIEVAL_PROGRESS phase=fit shard=2 method=length_nearest row=62 ordinal=13/73
STATE_RETRIEVAL_PROGRESS phase=fit shard=2 method=char_tfidf_nearest row=62 ordinal=13/73
STATE_RETRIEVAL_PROGRESS phase=fit shard=2 method=hybrid_char_length row=62 ordinal=13/73
STATE_RETRIEVAL_PROGRESS phase=fit shard=2 method=hash_random row=62 ordinal=13/73
STATE_RETRIEVAL_PROGRESS phase=fit shard=2 method=length_nearest row=74 ordinal=14/73
STATE_RETRIEVAL_PROGRESS phase=fit shard=2 method=char_tfidf_nearest row=74 ordinal=14/73
STATE_RETRIEVAL_PROGRESS phase=fit shard=2 method=hybrid_char_length row=74 ordinal=14/73
STATE_RETRIEVAL_PROGRESS phase=fit shard=2 method=hash_random row=74 ordinal=14/73
STATE_RETRIEVAL_PROGRESS phase=fit shard=2 method=length_nearest row=78 ordinal=15/73
STATE_RETRIEVAL_PROGRESS phase=fit shard=2 method=char_tfidf_nearest row=78 ordinal=15/73
STATE_RETRIEVAL_PROGRESS phase=fit shard=2 method=hybrid_char_length row=78 ordinal=15/73
STATE_RETRIEVAL_PROGRESS phase=fit shard=2 method=hash_random row=78 ordinal=15/73
STATE_RETRIEVAL_PROGRESS phase=fit shard=2 method=length_nearest row=82 ordinal=16/73
STATE_RETRIEVAL_PROGRESS phase=fit shard=2 method=char_tfidf_nearest row=82 ordinal=16/73
STATE_RETRIEVAL_PROGRESS phase=fit shard=2 method=hybrid_char_length row=82 ordinal=16/73
STATE_RETRIEVAL_PROGRESS phase=fit shard=2 method=hash_random row=82 ordinal=16/73
STATE_RETRIEVAL_PROGRESS phase=fit shard=2 method=length_nearest row=86 ordinal=17/73
STATE_RETRIEVAL_PROGRESS phase=fit shard=2 method=char_tfidf_nearest row=86 ordinal=17/73
STATE_RETRIEVAL_PROGRESS phase=fit shard=2 method=hybrid_char_length row=86 ordinal=17/73
STATE_RETRIEVAL_PROGRESS phase=fit shard=2 method=hash_random row=86 ordinal=17/73
STATE_RETRIEVAL_PROGRESS phase=fit shard=2 method=length_nearest row=94 ordinal=18/73
STATE_RETRIEVAL_PROGRESS phase=fit shard=2 method=char_tfidf_nearest row=94 ordinal=18/73
STATE_RETRIEVAL_PROGRESS phase=fit shard=2 method=hybrid_char_length row=94 ordinal=18/73
STATE_RETRIEVAL_PROGRESS phase=fit shard=2 method=hash_random row=94 ordinal=18/73
STATE_RETRIEVAL_PROGRESS phase=fit shard=2 method=length_nearest row=98 ordinal=19/73
STATE_RETRIEVAL_PROGRESS phase=fit shard=2 method=char_tfidf_nearest row=98 ordinal=19/73
STATE_RETRIEVAL_PROGRESS phase=fit shard=2 method=hybrid_char_length row=98 ordinal=19/73
STATE_RETRIEVAL_PROGRESS phase=fit shard=2 method=hash_random row=98 ordinal=19/73
STATE_RETRIEVAL_PROGRESS phase=fit shard=2 method=length_nearest row=106 ordinal=20/73
STATE_RETRIEVAL_PROGRESS phase=fit shard=2 method=char_tfidf_nearest row=106 ordinal=20/73
STATE_RETRIEVAL_PROGRESS phase=fit shard=2 method=hybrid_char_length row=106 ordinal=20/73
STATE_RETRIEVAL_PROGRESS phase=fit shard=2 method=hash_random row=106 ordinal=20/73
STATE_RETRIEVAL_PROGRESS phase=fit shard=2 method=length_nearest row=110 ordinal=21/73
STATE_RETRIEVAL_PROGRESS phase=fit shard=2 method=char_tfidf_nearest row=110 ordinal=21/73
STATE_RETRIEVAL_PROGRESS phase=fit shard=2 method=hybrid_char_length row=110 ordinal=21/73
STATE_RETRIEVAL_PROGRESS phase=fit shard=2 method=hash_random row=110 ordinal=21/73
STATE_RETRIEVAL_PROGRESS phase=fit shard=2 method=length_nearest row=114 ordinal=22/73
STATE_RETRIEVAL_PROGRESS phase=fit shard=2 method=char_tfidf_nearest row=114 ordinal=22/73
STATE_RETRIEVAL_PROGRESS phase=fit shard=2 method=hybrid_char_length row=114 ordinal=22/73
STATE_RETRIEVAL_PROGRESS phase=fit shard=2 method=hash_random row=114 ordinal=22/73
STATE_RETRIEVAL_PROGRESS phase=fit shard=2 method=length_nearest row=118 ordinal=23/73
STATE_RETRIEVAL_PROGRESS phase=fit shard=2 method=char_tfidf_nearest row=118 ordinal=23/73
STATE_RETRIEVAL_PROGRESS phase=fit shard=2 method=hybrid_char_length row=118 ordinal=23/73
STATE_RETRIEVAL_PROGRESS phase=fit shard=2 method=hash_random row=118 ordinal=23/73
STATE_RETRIEVAL_PROGRESS phase=fit shard=2 method=length_nearest row=122 ordinal=24/73
STATE_RETRIEVAL_PROGRESS phase=fit shard=2 method=char_tfidf_nearest row=122 ordinal=24/73
STATE_RETRIEVAL_PROGRESS phase=fit shard=2 method=hybrid_char_length row=122 ordinal=24/73
STATE_RETRIEVAL_PROGRESS phase=fit shard=2 method=hash_random row=122 ordinal=24/73
STATE_RETRIEVAL_PROGRESS phase=fit shard=2 method=length_nearest row=126 ordinal=25/73
STATE_RETRIEVAL_PROGRESS phase=fit shard=2 method=char_tfidf_nearest row=126 ordinal=25/73
STATE_RETRIEVAL_PROGRESS phase=fit shard=2 method=hybrid_char_length row=126 ordinal=25/73
STATE_RETRIEVAL_PROGRESS phase=fit shard=2 method=hash_random row=126 ordinal=25/73
STATE_RETRIEVAL_PROGRESS phase=fit shard=2 method=length_nearest row=130 ordinal=26/73
STATE_RETRIEVAL_PROGRESS phase=fit shard=2 method=char_tfidf_nearest row=130 ordinal=26/73
STATE_RETRIEVAL_PROGRESS phase=fit shard=2 method=hybrid_char_length row=130 ordinal=26/73
STATE_RETRIEVAL_PROGRESS phase=fit shard=2 method=hash_random row=130 ordinal=26/73
STATE_RETRIEVAL_PROGRESS phase=fit shard=2 method=length_nearest row=134 ordinal=27/73
STATE_RETRIEVAL_PROGRESS phase=fit shard=2 method=char_tfidf_nearest row=134 ordinal=27/73
STATE_RETRIEVAL_PROGRESS phase=fit shard=2 method=hybrid_char_length row=134 ordinal=27/73
STATE_RETRIEVAL_PROGRESS phase=fit shard=2 method=hash_random row=134 ordinal=27/73
STATE_RETRIEVAL_PROGRESS phase=fit shard=2 method=length_nearest row=138 ordinal=28/73
STATE_RETRIEVAL_PROGRESS phase=fit shard=2 method=char_tfidf_nearest row=138 ordinal=28/73
STATE_RETRIEVAL_PROGRESS phase=fit shard=2 method=hybrid_char_length row=138 ordinal=28/73
STATE_RETRIEVAL_PROGRESS phase=fit shard=2 method=hash_random row=138 ordinal=28/73
STATE_RETRIEVAL_PROGRESS phase=fit shard=2 method=length_nearest row=142 ordinal=29/73
STATE_RETRIEVAL_PROGRESS phase=fit shard=2 method=char_tfidf_nearest row=142 ordinal=29/73
STATE_RETRIEVAL_PROGRESS phase=fit shard=2 method=hybrid_char_length row=142 ordinal=29/73
STATE_RETRIEVAL_PROGRESS phase=fit shard=2 method=hash_random row=142 ordinal=29/73
STATE_RETRIEVAL_PROGRESS phase=fit shard=2 method=length_nearest row=146 ordinal=30/73
STATE_RETRIEVAL_PROGRESS phase=fit shard=2 method=char_tfidf_nearest row=146 ordinal=30/73
STATE_RETRIEVAL_PROGRESS phase=fit shard=2 method=hybrid_char_length row=146 ordinal=30/73
STATE_RETRIEVAL_PROGRESS phase=fit shard=2 method=hash_random row=146 ordinal=30/73
STATE_RETRIEVAL_PROGRESS phase=fit shard=2 method=length_nearest row=150 ordinal=31/73
STATE_RETRIEVAL_PROGRESS phase=fit shard=2 method=char_tfidf_nearest row=150 ordinal=31/73
STATE_RETRIEVAL_PROGRESS phase=fit shard=2 method=hybrid_char_length row=150 ordinal=31/73
STATE_RETRIEVAL_PROGRESS phase=fit shard=2 method=hash_random row=150 ordinal=31/73
STATE_RETRIEVAL_PROGRESS phase=fit shard=2 method=length_nearest row=154 ordinal=32/73
STATE_RETRIEVAL_PROGRESS phase=fit shard=2 method=char_tfidf_nearest row=154 ordinal=32/73
STATE_RETRIEVAL_PROGRESS phase=fit shard=2 method=hybrid_char_length row=154 ordinal=32/73
STATE_RETRIEVAL_PROGRESS phase=fit shard=2 method=hash_random row=154 ordinal=32/73
STATE_RETRIEVAL_PROGRESS phase=fit shard=2 method=length_nearest row=158 ordinal=33/73
STATE_RETRIEVAL_PROGRESS phase=fit shard=2 method=char_tfidf_nearest row=158 ordinal=33/73
STATE_RETRIEVAL_PROGRESS phase=fit shard=2 method=hybrid_char_length row=158 ordinal=33/73
STATE_RETRIEVAL_PROGRESS phase=fit shard=2 method=hash_random row=158 ordinal=33/73
STATE_RETRIEVAL_PROGRESS phase=fit shard=2 method=length_nearest row=162 ordinal=34/73
STATE_RETRIEVAL_PROGRESS phase=fit shard=2 method=char_tfidf_nearest row=162 ordinal=34/73
STATE_RETRIEVAL_PROGRESS phase=fit shard=2 method=hybrid_char_length row=162 ordinal=34/73
STATE_RETRIEVAL_PROGRESS phase=fit shard=2 method=hash_random row=162 ordinal=34/73
STATE_RETRIEVAL_PROGRESS phase=fit shard=2 method=length_nearest row=166 ordinal=35/73
STATE_RETRIEVAL_PROGRESS phase=fit shard=2 method=char_tfidf_nearest row=166 ordinal=35/73
STATE_RETRIEVAL_PROGRESS phase=fit shard=2 method=hybrid_char_length row=166 ordinal=35/73
STATE_RETRIEVAL_PROGRESS phase=fit shard=2 method=hash_random row=166 ordinal=35/73
STATE_RETRIEVAL_PROGRESS phase=fit shard=2 method=length_nearest row=170 ordinal=36/73
STATE_RETRIEVAL_PROGRESS phase=fit shard=2 method=char_tfidf_nearest row=170 ordinal=36/73
STATE_RETRIEVAL_PROGRESS phase=fit shard=2 method=hybrid_char_length row=170 ordinal=36/73
STATE_RETRIEVAL_PROGRESS phase=fit shard=2 method=hash_random row=170 ordinal=36/73
STATE_RETRIEVAL_PROGRESS phase=fit shard=2 method=length_nearest row=174 ordinal=37/73
STATE_RETRIEVAL_PROGRESS phase=fit shard=2 method=char_tfidf_nearest row=174 ordinal=37/73
STATE_RETRIEVAL_PROGRESS phase=fit shard=2 method=hybrid_char_length row=174 ordinal=37/73
STATE_RETRIEVAL_PROGRESS phase=fit shard=2 method=hash_random row=174 ordinal=37/73
STATE_RETRIEVAL_PROGRESS phase=fit shard=2 method=length_nearest row=178 ordinal=38/73
STATE_RETRIEVAL_PROGRESS phase=fit shard=2 method=char_tfidf_nearest row=178 ordinal=38/73
STATE_RETRIEVAL_PROGRESS phase=fit shard=2 method=hybrid_char_length row=178 ordinal=38/73
STATE_RETRIEVAL_PROGRESS phase=fit shard=2 method=hash_random row=178 ordinal=38/73
STATE_RETRIEVAL_PROGRESS phase=fit shard=2 method=length_nearest row=182 ordinal=39/73
STATE_RETRIEVAL_PROGRESS phase=fit shard=2 method=char_tfidf_nearest row=182 ordinal=39/73
STATE_RETRIEVAL_PROGRESS phase=fit shard=2 method=hybrid_char_length row=182 ordinal=39/73
STATE_RETRIEVAL_PROGRESS phase=fit shard=2 method=hash_random row=182 ordinal=39/73
STATE_RETRIEVAL_PROGRESS phase=fit shard=2 method=length_nearest row=190 ordinal=40/73
STATE_RETRIEVAL_PROGRESS phase=fit shard=2 method=char_tfidf_nearest row=190 ordinal=40/73
STATE_RETRIEVAL_PROGRESS phase=fit shard=2 method=hybrid_char_length row=190 ordinal=40/73
STATE_RETRIEVAL_PROGRESS phase=fit shard=2 method=hash_random row=190 ordinal=40/73
STATE_RETRIEVAL_PROGRESS phase=fit shard=2 method=length_nearest row=194 ordinal=41/73
STATE_RETRIEVAL_PROGRESS phase=fit shard=2 method=char_tfidf_nearest row=194 ordinal=41/73
STATE_RETRIEVAL_PROGRESS phase=fit shard=2 method=hybrid_char_length row=194 ordinal=41/73
STATE_RETRIEVAL_PROGRESS phase=fit shard=2 method=hash_random row=194 ordinal=41/73
STATE_RETRIEVAL_PROGRESS phase=fit shard=2 method=length_nearest row=198 ordinal=42/73
STATE_RETRIEVAL_PROGRESS phase=fit shard=2 method=char_tfidf_nearest row=198 ordinal=42/73
STATE_RETRIEVAL_PROGRESS phase=fit shard=2 method=hybrid_char_length row=198 ordinal=42/73
STATE_RETRIEVAL_PROGRESS phase=fit shard=2 method=hash_random row=198 ordinal=42/73
STATE_RETRIEVAL_PROGRESS phase=fit shard=2 method=length_nearest row=202 ordinal=43/73
STATE_RETRIEVAL_PROGRESS phase=fit shard=2 method=char_tfidf_nearest row=202 ordinal=43/73
STATE_RETRIEVAL_PROGRESS phase=fit shard=2 method=hybrid_char_length row=202 ordinal=43/73
STATE_RETRIEVAL_PROGRESS phase=fit shard=2 method=hash_random row=202 ordinal=43/73
STATE_RETRIEVAL_PROGRESS phase=fit shard=2 method=length_nearest row=210 ordinal=44/73
STATE_RETRIEVAL_PROGRESS phase=fit shard=2 method=char_tfidf_nearest row=210 ordinal=44/73
STATE_RETRIEVAL_PROGRESS phase=fit shard=2 method=hybrid_char_length row=210 ordinal=44/73
STATE_RETRIEVAL_PROGRESS phase=fit shard=2 method=hash_random row=210 ordinal=44/73
STATE_RETRIEVAL_PROGRESS phase=fit shard=2 method=length_nearest row=214 ordinal=45/73
STATE_RETRIEVAL_PROGRESS phase=fit shard=2 method=char_tfidf_nearest row=214 ordinal=45/73
STATE_RETRIEVAL_PROGRESS phase=fit shard=2 method=hybrid_char_length row=214 ordinal=45/73
STATE_RETRIEVAL_PROGRESS phase=fit shard=2 method=hash_random row=214 ordinal=45/73
STATE_RETRIEVAL_PROGRESS phase=fit shard=2 method=length_nearest row=218 ordinal=46/73
STATE_RETRIEVAL_PROGRESS phase=fit shard=2 method=char_tfidf_nearest row=218 ordinal=46/73
STATE_RETRIEVAL_PROGRESS phase=fit shard=2 method=hybrid_char_length row=218 ordinal=46/73
STATE_RETRIEVAL_PROGRESS phase=fit shard=2 method=hash_random row=218 ordinal=46/73
STATE_RETRIEVAL_PROGRESS phase=fit shard=2 method=length_nearest row=222 ordinal=47/73
STATE_RETRIEVAL_PROGRESS phase=fit shard=2 method=char_tfidf_nearest row=222 ordinal=47/73
STATE_RETRIEVAL_PROGRESS phase=fit shard=2 method=hybrid_char_length row=222 ordinal=47/73
STATE_RETRIEVAL_PROGRESS phase=fit shard=2 method=hash_random row=222 ordinal=47/73
STATE_RETRIEVAL_PROGRESS phase=fit shard=2 method=length_nearest row=226 ordinal=48/73
STATE_RETRIEVAL_PROGRESS phase=fit shard=2 method=char_tfidf_nearest row=226 ordinal=48/73
STATE_RETRIEVAL_PROGRESS phase=fit shard=2 method=hybrid_char_length row=226 ordinal=48/73
STATE_RETRIEVAL_PROGRESS phase=fit shard=2 method=hash_random row=226 ordinal=48/73
STATE_RETRIEVAL_PROGRESS phase=fit shard=2 method=length_nearest row=230 ordinal=49/73
STATE_RETRIEVAL_PROGRESS phase=fit shard=2 method=char_tfidf_nearest row=230 ordinal=49/73
STATE_RETRIEVAL_PROGRESS phase=fit shard=2 method=hybrid_char_length row=230 ordinal=49/73
STATE_RETRIEVAL_PROGRESS phase=fit shard=2 method=hash_random row=230 ordinal=49/73
STATE_RETRIEVAL_PROGRESS phase=fit shard=2 method=length_nearest row=242 ordinal=50/73
STATE_RETRIEVAL_PROGRESS phase=fit shard=2 method=char_tfidf_nearest row=242 ordinal=50/73
STATE_RETRIEVAL_PROGRESS phase=fit shard=2 method=hybrid_char_length row=242 ordinal=50/73
STATE_RETRIEVAL_PROGRESS phase=fit shard=2 method=hash_random row=242 ordinal=50/73
STATE_RETRIEVAL_PROGRESS phase=fit shard=2 method=length_nearest row=246 ordinal=51/73
STATE_RETRIEVAL_PROGRESS phase=fit shard=2 method=char_tfidf_nearest row=246 ordinal=51/73
STATE_RETRIEVAL_PROGRESS phase=fit shard=2 method=hybrid_char_length row=246 ordinal=51/73
STATE_RETRIEVAL_PROGRESS phase=fit shard=2 method=hash_random row=246 ordinal=51/73
STATE_RETRIEVAL_PROGRESS phase=fit shard=2 method=length_nearest row=250 ordinal=52/73
STATE_RETRIEVAL_PROGRESS phase=fit shard=2 method=char_tfidf_nearest row=250 ordinal=52/73
STATE_RETRIEVAL_PROGRESS phase=fit shard=2 method=hybrid_char_length row=250 ordinal=52/73
STATE_RETRIEVAL_PROGRESS phase=fit shard=2 method=hash_random row=250 ordinal=52/73
STATE_RETRIEVAL_PROGRESS phase=fit shard=2 method=length_nearest row=254 ordinal=53/73
STATE_RETRIEVAL_PROGRESS phase=fit shard=2 method=char_tfidf_nearest row=254 ordinal=53/73
STATE_RETRIEVAL_PROGRESS phase=fit shard=2 method=hybrid_char_length row=254 ordinal=53/73
STATE_RETRIEVAL_PROGRESS phase=fit shard=2 method=hash_random row=254 ordinal=53/73
STATE_RETRIEVAL_PROGRESS phase=fit shard=2 method=length_nearest row=266 ordinal=54/73
STATE_RETRIEVAL_PROGRESS phase=fit shard=2 method=char_tfidf_nearest row=266 ordinal=54/73
STATE_RETRIEVAL_PROGRESS phase=fit shard=2 method=hybrid_char_length row=266 ordinal=54/73
STATE_RETRIEVAL_PROGRESS phase=fit shard=2 method=hash_random row=266 ordinal=54/73
STATE_RETRIEVAL_PROGRESS phase=fit shard=2 method=length_nearest row=270 ordinal=55/73
STATE_RETRIEVAL_PROGRESS phase=fit shard=2 method=char_tfidf_nearest row=270 ordinal=55/73
STATE_RETRIEVAL_PROGRESS phase=fit shard=2 method=hybrid_char_length row=270 ordinal=55/73
STATE_RETRIEVAL_PROGRESS phase=fit shard=2 method=hash_random row=270 ordinal=55/73
STATE_RETRIEVAL_PROGRESS phase=fit shard=2 method=length_nearest row=274 ordinal=56/73
STATE_RETRIEVAL_PROGRESS phase=fit shard=2 method=char_tfidf_nearest row=274 ordinal=56/73
STATE_RETRIEVAL_PROGRESS phase=fit shard=2 method=hybrid_char_length row=274 ordinal=56/73
STATE_RETRIEVAL_PROGRESS phase=fit shard=2 method=hash_random row=274 ordinal=56/73
STATE_RETRIEVAL_PROGRESS phase=fit shard=2 method=length_nearest row=278 ordinal=57/73
STATE_RETRIEVAL_PROGRESS phase=fit shard=2 method=char_tfidf_nearest row=278 ordinal=57/73
STATE_RETRIEVAL_PROGRESS phase=fit shard=2 method=hybrid_char_length row=278 ordinal=57/73
STATE_RETRIEVAL_PROGRESS phase=fit shard=2 method=hash_random row=278 ordinal=57/73
STATE_RETRIEVAL_PROGRESS phase=fit shard=2 method=length_nearest row=282 ordinal=58/73
STATE_RETRIEVAL_PROGRESS phase=fit shard=2 method=char_tfidf_nearest row=282 ordinal=58/73
STATE_RETRIEVAL_PROGRESS phase=fit shard=2 method=hybrid_char_length row=282 ordinal=58/73
STATE_RETRIEVAL_PROGRESS phase=fit shard=2 method=hash_random row=282 ordinal=58/73
STATE_RETRIEVAL_PROGRESS phase=fit shard=2 method=length_nearest row=286 ordinal=59/73
STATE_RETRIEVAL_PROGRESS phase=fit shard=2 method=char_tfidf_nearest row=286 ordinal=59/73
STATE_RETRIEVAL_PROGRESS phase=fit shard=2 method=hybrid_char_length row=286 ordinal=59/73
STATE_RETRIEVAL_PROGRESS phase=fit shard=2 method=hash_random row=286 ordinal=59/73
STATE_RETRIEVAL_PROGRESS phase=fit shard=2 method=length_nearest row=290 ordinal=60/73
STATE_RETRIEVAL_PROGRESS phase=fit shard=2 method=char_tfidf_nearest row=290 ordinal=60/73
STATE_RETRIEVAL_PROGRESS phase=fit shard=2 method=hybrid_char_length row=290 ordinal=60/73
STATE_RETRIEVAL_PROGRESS phase=fit shard=2 method=hash_random row=290 ordinal=60/73
STATE_RETRIEVAL_PROGRESS phase=fit shard=2 method=length_nearest row=294 ordinal=61/73
STATE_RETRIEVAL_PROGRESS phase=fit shard=2 method=char_tfidf_nearest row=294 ordinal=61/73
STATE_RETRIEVAL_PROGRESS phase=fit shard=2 method=hybrid_char_length row=294 ordinal=61/73
STATE_RETRIEVAL_PROGRESS phase=fit shard=2 method=hash_random row=294 ordinal=61/73
STATE_RETRIEVAL_PROGRESS phase=fit shard=2 method=length_nearest row=310 ordinal=62/73
STATE_RETRIEVAL_PROGRESS phase=fit shard=2 method=char_tfidf_nearest row=310 ordinal=62/73
STATE_RETRIEVAL_PROGRESS phase=fit shard=2 method=hybrid_char_length row=310 ordinal=62/73
STATE_RETRIEVAL_PROGRESS phase=fit shard=2 method=hash_random row=310 ordinal=62/73
STATE_RETRIEVAL_PROGRESS phase=fit shard=2 method=length_nearest row=314 ordinal=63/73
STATE_RETRIEVAL_PROGRESS phase=fit shard=2 method=char_tfidf_nearest row=314 ordinal=63/73
STATE_RETRIEVAL_PROGRESS phase=fit shard=2 method=hybrid_char_length row=314 ordinal=63/73
STATE_RETRIEVAL_PROGRESS phase=fit shard=2 method=hash_random row=314 ordinal=63/73
STATE_RETRIEVAL_PROGRESS phase=fit shard=2 method=length_nearest row=318 ordinal=64/73
STATE_RETRIEVAL_PROGRESS phase=fit shard=2 method=char_tfidf_nearest row=318 ordinal=64/73
STATE_RETRIEVAL_PROGRESS phase=fit shard=2 method=hybrid_char_length row=318 ordinal=64/73
STATE_RETRIEVAL_PROGRESS phase=fit shard=2 method=hash_random row=318 ordinal=64/73
STATE_RETRIEVAL_PROGRESS phase=fit shard=2 method=length_nearest row=322 ordinal=65/73
STATE_RETRIEVAL_PROGRESS phase=fit shard=2 method=char_tfidf_nearest row=322 ordinal=65/73
STATE_RETRIEVAL_PROGRESS phase=fit shard=2 method=hybrid_char_length row=322 ordinal=65/73
STATE_RETRIEVAL_PROGRESS phase=fit shard=2 method=hash_random row=322 ordinal=65/73
STATE_RETRIEVAL_PROGRESS phase=fit shard=2 method=length_nearest row=326 ordinal=66/73
STATE_RETRIEVAL_PROGRESS phase=fit shard=2 method=char_tfidf_nearest row=326 ordinal=66/73
STATE_RETRIEVAL_PROGRESS phase=fit shard=2 method=hybrid_char_length row=326 ordinal=66/73
STATE_RETRIEVAL_PROGRESS phase=fit shard=2 method=hash_random row=326 ordinal=66/73
STATE_RETRIEVAL_PROGRESS phase=fit shard=2 method=length_nearest row=330 ordinal=67/73
STATE_RETRIEVAL_PROGRESS phase=fit shard=2 method=char_tfidf_nearest row=330 ordinal=67/73
STATE_RETRIEVAL_PROGRESS phase=fit shard=2 method=hybrid_char_length row=330 ordinal=67/73
STATE_RETRIEVAL_PROGRESS phase=fit shard=2 method=hash_random row=330 ordinal=67/73
STATE_RETRIEVAL_PROGRESS phase=fit shard=2 method=length_nearest row=334 ordinal=68/73
STATE_RETRIEVAL_PROGRESS phase=fit shard=2 method=char_tfidf_nearest row=334 ordinal=68/73
STATE_RETRIEVAL_PROGRESS phase=fit shard=2 method=hybrid_char_length row=334 ordinal=68/73
STATE_RETRIEVAL_PROGRESS phase=fit shard=2 method=hash_random row=334 ordinal=68/73
STATE_RETRIEVAL_PROGRESS phase=fit shard=2 method=length_nearest row=338 ordinal=69/73
STATE_RETRIEVAL_PROGRESS phase=fit shard=2 method=char_tfidf_nearest row=338 ordinal=69/73
STATE_RETRIEVAL_PROGRESS phase=fit shard=2 method=hybrid_char_length row=338 ordinal=69/73
STATE_RETRIEVAL_PROGRESS phase=fit shard=2 method=hash_random row=338 ordinal=69/73
STATE_RETRIEVAL_PROGRESS phase=fit shard=2 method=length_nearest row=342 ordinal=70/73
STATE_RETRIEVAL_PROGRESS phase=fit shard=2 method=char_tfidf_nearest row=342 ordinal=70/73
STATE_RETRIEVAL_PROGRESS phase=fit shard=2 method=hybrid_char_length row=342 ordinal=70/73
STATE_RETRIEVAL_PROGRESS phase=fit shard=2 method=hash_random row=342 ordinal=70/73
STATE_RETRIEVAL_PROGRESS phase=fit shard=2 method=length_nearest row=350 ordinal=71/73
STATE_RETRIEVAL_PROGRESS phase=fit shard=2 method=char_tfidf_nearest row=350 ordinal=71/73
STATE_RETRIEVAL_PROGRESS phase=fit shard=2 method=hybrid_char_length row=350 ordinal=71/73
STATE_RETRIEVAL_PROGRESS phase=fit shard=2 method=hash_random row=350 ordinal=71/73
STATE_RETRIEVAL_PROGRESS phase=fit shard=2 method=length_nearest row=354 ordinal=72/73
STATE_RETRIEVAL_PROGRESS phase=fit shard=2 method=char_tfidf_nearest row=354 ordinal=72/73
STATE_RETRIEVAL_PROGRESS phase=fit shard=2 method=hybrid_char_length row=354 ordinal=72/73
STATE_RETRIEVAL_PROGRESS phase=fit shard=2 method=hash_random row=354 ordinal=72/73
STATE_RETRIEVAL_PROGRESS phase=fit shard=2 method=length_nearest row=358 ordinal=73/73
STATE_RETRIEVAL_PROGRESS phase=fit shard=2 method=char_tfidf_nearest row=358 ordinal=73/73
STATE_RETRIEVAL_PROGRESS phase=fit shard=2 method=hybrid_char_length row=358 ordinal=73/73
STATE_RETRIEVAL_PROGRESS phase=fit shard=2 method=hash_random row=358 ordinal=73/73
STATE_RETRIEVAL_SHARD_COMPLETE phase=fit shard=2
