Loading weights:   0%|          | 0/2076 [00:00<?, ?it/s]Loading weights:  16%|█▌        | 325/2076 [00:00<00:00, 3244.47it/s]Loading weights:  31%|███▏      | 650/2076 [00:00<00:00, 3053.57it/s]Loading weights:  46%|████▌     | 957/2076 [00:02<00:03, 355.31it/s] Loading weights:  55%|█████▍    | 1132/2076 [00:02<00:02, 373.21it/s]Loading weights:  60%|██████    | 1255/2076 [00:02<00:02, 373.23it/s]Loading weights:  65%|██████▍   | 1347/2076 [00:03<00:01, 377.45it/s]Loading weights:  68%|██████▊   | 1422/2076 [00:03<00:01, 376.28it/s]Loading weights:  84%|████████▍ | 1752/2076 [00:03<00:00, 703.67it/s]Loading weights: 100%|██████████| 2076/2076 [00:03<00:00, 1045.53it/s]Loading weights: 100%|██████████| 2076/2076 [00:03<00:00, 608.92it/s] 
[transformers] The following generation flags are not valid and may be ignored: ['top_p', 'top_k']. Set `TRANSFORMERS_VERBOSITY=info` for more details.
STATE_RETRIEVAL_PROGRESS phase=fit shard=0 method=length_nearest row=4 ordinal=1/75
STATE_RETRIEVAL_PROGRESS phase=fit shard=0 method=char_tfidf_nearest row=4 ordinal=1/75
STATE_RETRIEVAL_PROGRESS phase=fit shard=0 method=hybrid_char_length row=4 ordinal=1/75
STATE_RETRIEVAL_PROGRESS phase=fit shard=0 method=hash_random row=4 ordinal=1/75
STATE_RETRIEVAL_PROGRESS phase=fit shard=0 method=length_nearest row=12 ordinal=2/75
STATE_RETRIEVAL_PROGRESS phase=fit shard=0 method=char_tfidf_nearest row=12 ordinal=2/75
STATE_RETRIEVAL_PROGRESS phase=fit shard=0 method=hybrid_char_length row=12 ordinal=2/75
STATE_RETRIEVAL_PROGRESS phase=fit shard=0 method=hash_random row=12 ordinal=2/75
STATE_RETRIEVAL_PROGRESS phase=fit shard=0 method=length_nearest row=16 ordinal=3/75
STATE_RETRIEVAL_PROGRESS phase=fit shard=0 method=char_tfidf_nearest row=16 ordinal=3/75
STATE_RETRIEVAL_PROGRESS phase=fit shard=0 method=hybrid_char_length row=16 ordinal=3/75
STATE_RETRIEVAL_PROGRESS phase=fit shard=0 method=hash_random row=16 ordinal=3/75
STATE_RETRIEVAL_PROGRESS phase=fit shard=0 method=length_nearest row=20 ordinal=4/75
STATE_RETRIEVAL_PROGRESS phase=fit shard=0 method=char_tfidf_nearest row=20 ordinal=4/75
STATE_RETRIEVAL_PROGRESS phase=fit shard=0 method=hybrid_char_length row=20 ordinal=4/75
STATE_RETRIEVAL_PROGRESS phase=fit shard=0 method=hash_random row=20 ordinal=4/75
STATE_RETRIEVAL_PROGRESS phase=fit shard=0 method=length_nearest row=28 ordinal=5/75
STATE_RETRIEVAL_PROGRESS phase=fit shard=0 method=char_tfidf_nearest row=28 ordinal=5/75
STATE_RETRIEVAL_PROGRESS phase=fit shard=0 method=hybrid_char_length row=28 ordinal=5/75
STATE_RETRIEVAL_PROGRESS phase=fit shard=0 method=hash_random row=28 ordinal=5/75
STATE_RETRIEVAL_PROGRESS phase=fit shard=0 method=length_nearest row=32 ordinal=6/75
STATE_RETRIEVAL_PROGRESS phase=fit shard=0 method=char_tfidf_nearest row=32 ordinal=6/75
STATE_RETRIEVAL_PROGRESS phase=fit shard=0 method=hybrid_char_length row=32 ordinal=6/75
STATE_RETRIEVAL_PROGRESS phase=fit shard=0 method=hash_random row=32 ordinal=6/75
STATE_RETRIEVAL_PROGRESS phase=fit shard=0 method=length_nearest row=36 ordinal=7/75
STATE_RETRIEVAL_PROGRESS phase=fit shard=0 method=char_tfidf_nearest row=36 ordinal=7/75
STATE_RETRIEVAL_PROGRESS phase=fit shard=0 method=hybrid_char_length row=36 ordinal=7/75
STATE_RETRIEVAL_PROGRESS phase=fit shard=0 method=hash_random row=36 ordinal=7/75
STATE_RETRIEVAL_PROGRESS phase=fit shard=0 method=length_nearest row=40 ordinal=8/75
STATE_RETRIEVAL_PROGRESS phase=fit shard=0 method=char_tfidf_nearest row=40 ordinal=8/75
STATE_RETRIEVAL_PROGRESS phase=fit shard=0 method=hybrid_char_length row=40 ordinal=8/75
STATE_RETRIEVAL_PROGRESS phase=fit shard=0 method=hash_random row=40 ordinal=8/75
STATE_RETRIEVAL_PROGRESS phase=fit shard=0 method=length_nearest row=48 ordinal=9/75
STATE_RETRIEVAL_PROGRESS phase=fit shard=0 method=char_tfidf_nearest row=48 ordinal=9/75
STATE_RETRIEVAL_PROGRESS phase=fit shard=0 method=hybrid_char_length row=48 ordinal=9/75
STATE_RETRIEVAL_PROGRESS phase=fit shard=0 method=hash_random row=48 ordinal=9/75
STATE_RETRIEVAL_PROGRESS phase=fit shard=0 method=length_nearest row=56 ordinal=10/75
STATE_RETRIEVAL_PROGRESS phase=fit shard=0 method=char_tfidf_nearest row=56 ordinal=10/75
STATE_RETRIEVAL_PROGRESS phase=fit shard=0 method=hybrid_char_length row=56 ordinal=10/75
STATE_RETRIEVAL_PROGRESS phase=fit shard=0 method=hash_random row=56 ordinal=10/75
STATE_RETRIEVAL_PROGRESS phase=fit shard=0 method=length_nearest row=64 ordinal=11/75
STATE_RETRIEVAL_PROGRESS phase=fit shard=0 method=char_tfidf_nearest row=64 ordinal=11/75
STATE_RETRIEVAL_PROGRESS phase=fit shard=0 method=hybrid_char_length row=64 ordinal=11/75
STATE_RETRIEVAL_PROGRESS phase=fit shard=0 method=hash_random row=64 ordinal=11/75
STATE_RETRIEVAL_PROGRESS phase=fit shard=0 method=length_nearest row=68 ordinal=12/75
STATE_RETRIEVAL_PROGRESS phase=fit shard=0 method=char_tfidf_nearest row=68 ordinal=12/75
STATE_RETRIEVAL_PROGRESS phase=fit shard=0 method=hybrid_char_length row=68 ordinal=12/75
STATE_RETRIEVAL_PROGRESS phase=fit shard=0 method=hash_random row=68 ordinal=12/75
STATE_RETRIEVAL_PROGRESS phase=fit shard=0 method=length_nearest row=72 ordinal=13/75
STATE_RETRIEVAL_PROGRESS phase=fit shard=0 method=char_tfidf_nearest row=72 ordinal=13/75
STATE_RETRIEVAL_PROGRESS phase=fit shard=0 method=hybrid_char_length row=72 ordinal=13/75
STATE_RETRIEVAL_PROGRESS phase=fit shard=0 method=hash_random row=72 ordinal=13/75
STATE_RETRIEVAL_PROGRESS phase=fit shard=0 method=length_nearest row=76 ordinal=14/75
STATE_RETRIEVAL_PROGRESS phase=fit shard=0 method=char_tfidf_nearest row=76 ordinal=14/75
STATE_RETRIEVAL_PROGRESS phase=fit shard=0 method=hybrid_char_length row=76 ordinal=14/75
STATE_RETRIEVAL_PROGRESS phase=fit shard=0 method=hash_random row=76 ordinal=14/75
STATE_RETRIEVAL_PROGRESS phase=fit shard=0 method=length_nearest row=80 ordinal=15/75
STATE_RETRIEVAL_PROGRESS phase=fit shard=0 method=char_tfidf_nearest row=80 ordinal=15/75
STATE_RETRIEVAL_PROGRESS phase=fit shard=0 method=hybrid_char_length row=80 ordinal=15/75
STATE_RETRIEVAL_PROGRESS phase=fit shard=0 method=hash_random row=80 ordinal=15/75
STATE_RETRIEVAL_PROGRESS phase=fit shard=0 method=length_nearest row=84 ordinal=16/75
STATE_RETRIEVAL_PROGRESS phase=fit shard=0 method=char_tfidf_nearest row=84 ordinal=16/75
STATE_RETRIEVAL_PROGRESS phase=fit shard=0 method=hybrid_char_length row=84 ordinal=16/75
STATE_RETRIEVAL_PROGRESS phase=fit shard=0 method=hash_random row=84 ordinal=16/75
STATE_RETRIEVAL_PROGRESS phase=fit shard=0 method=length_nearest row=88 ordinal=17/75
STATE_RETRIEVAL_PROGRESS phase=fit shard=0 method=char_tfidf_nearest row=88 ordinal=17/75
STATE_RETRIEVAL_PROGRESS phase=fit shard=0 method=hybrid_char_length row=88 ordinal=17/75
STATE_RETRIEVAL_PROGRESS phase=fit shard=0 method=hash_random row=88 ordinal=17/75
STATE_RETRIEVAL_PROGRESS phase=fit shard=0 method=length_nearest row=92 ordinal=18/75
STATE_RETRIEVAL_PROGRESS phase=fit shard=0 method=char_tfidf_nearest row=92 ordinal=18/75
STATE_RETRIEVAL_PROGRESS phase=fit shard=0 method=hybrid_char_length row=92 ordinal=18/75
STATE_RETRIEVAL_PROGRESS phase=fit shard=0 method=hash_random row=92 ordinal=18/75
STATE_RETRIEVAL_PROGRESS phase=fit shard=0 method=length_nearest row=100 ordinal=19/75
STATE_RETRIEVAL_PROGRESS phase=fit shard=0 method=char_tfidf_nearest row=100 ordinal=19/75
STATE_RETRIEVAL_PROGRESS phase=fit shard=0 method=hybrid_char_length row=100 ordinal=19/75
STATE_RETRIEVAL_PROGRESS phase=fit shard=0 method=hash_random row=100 ordinal=19/75
STATE_RETRIEVAL_PROGRESS phase=fit shard=0 method=length_nearest row=104 ordinal=20/75
STATE_RETRIEVAL_PROGRESS phase=fit shard=0 method=char_tfidf_nearest row=104 ordinal=20/75
STATE_RETRIEVAL_PROGRESS phase=fit shard=0 method=hybrid_char_length row=104 ordinal=20/75
STATE_RETRIEVAL_PROGRESS phase=fit shard=0 method=hash_random row=104 ordinal=20/75
STATE_RETRIEVAL_PROGRESS phase=fit shard=0 method=length_nearest row=108 ordinal=21/75
STATE_RETRIEVAL_PROGRESS phase=fit shard=0 method=char_tfidf_nearest row=108 ordinal=21/75
STATE_RETRIEVAL_PROGRESS phase=fit shard=0 method=hybrid_char_length row=108 ordinal=21/75
STATE_RETRIEVAL_PROGRESS phase=fit shard=0 method=hash_random row=108 ordinal=21/75
STATE_RETRIEVAL_PROGRESS phase=fit shard=0 method=length_nearest row=112 ordinal=22/75
STATE_RETRIEVAL_PROGRESS phase=fit shard=0 method=char_tfidf_nearest row=112 ordinal=22/75
STATE_RETRIEVAL_PROGRESS phase=fit shard=0 method=hybrid_char_length row=112 ordinal=22/75
STATE_RETRIEVAL_PROGRESS phase=fit shard=0 method=hash_random row=112 ordinal=22/75
STATE_RETRIEVAL_PROGRESS phase=fit shard=0 method=length_nearest row=116 ordinal=23/75
STATE_RETRIEVAL_PROGRESS phase=fit shard=0 method=char_tfidf_nearest row=116 ordinal=23/75
STATE_RETRIEVAL_PROGRESS phase=fit shard=0 method=hybrid_char_length row=116 ordinal=23/75
STATE_RETRIEVAL_PROGRESS phase=fit shard=0 method=hash_random row=116 ordinal=23/75
STATE_RETRIEVAL_PROGRESS phase=fit shard=0 method=length_nearest row=124 ordinal=24/75
STATE_RETRIEVAL_PROGRESS phase=fit shard=0 method=char_tfidf_nearest row=124 ordinal=24/75
STATE_RETRIEVAL_PROGRESS phase=fit shard=0 method=hybrid_char_length row=124 ordinal=24/75
STATE_RETRIEVAL_PROGRESS phase=fit shard=0 method=hash_random row=124 ordinal=24/75
STATE_RETRIEVAL_PROGRESS phase=fit shard=0 method=length_nearest row=132 ordinal=25/75
STATE_RETRIEVAL_PROGRESS phase=fit shard=0 method=char_tfidf_nearest row=132 ordinal=25/75
STATE_RETRIEVAL_PROGRESS phase=fit shard=0 method=hybrid_char_length row=132 ordinal=25/75
STATE_RETRIEVAL_PROGRESS phase=fit shard=0 method=hash_random row=132 ordinal=25/75
STATE_RETRIEVAL_PROGRESS phase=fit shard=0 method=length_nearest row=136 ordinal=26/75
STATE_RETRIEVAL_PROGRESS phase=fit shard=0 method=char_tfidf_nearest row=136 ordinal=26/75
STATE_RETRIEVAL_PROGRESS phase=fit shard=0 method=hybrid_char_length row=136 ordinal=26/75
STATE_RETRIEVAL_PROGRESS phase=fit shard=0 method=hash_random row=136 ordinal=26/75
STATE_RETRIEVAL_PROGRESS phase=fit shard=0 method=length_nearest row=140 ordinal=27/75
STATE_RETRIEVAL_PROGRESS phase=fit shard=0 method=char_tfidf_nearest row=140 ordinal=27/75
STATE_RETRIEVAL_PROGRESS phase=fit shard=0 method=hybrid_char_length row=140 ordinal=27/75
STATE_RETRIEVAL_PROGRESS phase=fit shard=0 method=hash_random row=140 ordinal=27/75
STATE_RETRIEVAL_PROGRESS phase=fit shard=0 method=length_nearest row=144 ordinal=28/75
STATE_RETRIEVAL_PROGRESS phase=fit shard=0 method=char_tfidf_nearest row=144 ordinal=28/75
STATE_RETRIEVAL_PROGRESS phase=fit shard=0 method=hybrid_char_length row=144 ordinal=28/75
STATE_RETRIEVAL_PROGRESS phase=fit shard=0 method=hash_random row=144 ordinal=28/75
STATE_RETRIEVAL_PROGRESS phase=fit shard=0 method=length_nearest row=148 ordinal=29/75
STATE_RETRIEVAL_PROGRESS phase=fit shard=0 method=char_tfidf_nearest row=148 ordinal=29/75
STATE_RETRIEVAL_PROGRESS phase=fit shard=0 method=hybrid_char_length row=148 ordinal=29/75
STATE_RETRIEVAL_PROGRESS phase=fit shard=0 method=hash_random row=148 ordinal=29/75
STATE_RETRIEVAL_PROGRESS phase=fit shard=0 method=length_nearest row=152 ordinal=30/75
STATE_RETRIEVAL_PROGRESS phase=fit shard=0 method=char_tfidf_nearest row=152 ordinal=30/75
STATE_RETRIEVAL_PROGRESS phase=fit shard=0 method=hybrid_char_length row=152 ordinal=30/75
STATE_RETRIEVAL_PROGRESS phase=fit shard=0 method=hash_random row=152 ordinal=30/75
STATE_RETRIEVAL_PROGRESS phase=fit shard=0 method=length_nearest row=156 ordinal=31/75
STATE_RETRIEVAL_PROGRESS phase=fit shard=0 method=char_tfidf_nearest row=156 ordinal=31/75
STATE_RETRIEVAL_PROGRESS phase=fit shard=0 method=hybrid_char_length row=156 ordinal=31/75
STATE_RETRIEVAL_PROGRESS phase=fit shard=0 method=hash_random row=156 ordinal=31/75
STATE_RETRIEVAL_PROGRESS phase=fit shard=0 method=length_nearest row=164 ordinal=32/75
STATE_RETRIEVAL_PROGRESS phase=fit shard=0 method=char_tfidf_nearest row=164 ordinal=32/75
STATE_RETRIEVAL_PROGRESS phase=fit shard=0 method=hybrid_char_length row=164 ordinal=32/75
STATE_RETRIEVAL_PROGRESS phase=fit shard=0 method=hash_random row=164 ordinal=32/75
STATE_RETRIEVAL_PROGRESS phase=fit shard=0 method=length_nearest row=168 ordinal=33/75
STATE_RETRIEVAL_PROGRESS phase=fit shard=0 method=char_tfidf_nearest row=168 ordinal=33/75
STATE_RETRIEVAL_PROGRESS phase=fit shard=0 method=hybrid_char_length row=168 ordinal=33/75
STATE_RETRIEVAL_PROGRESS phase=fit shard=0 method=hash_random row=168 ordinal=33/75
STATE_RETRIEVAL_PROGRESS phase=fit shard=0 method=length_nearest row=172 ordinal=34/75
STATE_RETRIEVAL_PROGRESS phase=fit shard=0 method=char_tfidf_nearest row=172 ordinal=34/75
STATE_RETRIEVAL_PROGRESS phase=fit shard=0 method=hybrid_char_length row=172 ordinal=34/75
STATE_RETRIEVAL_PROGRESS phase=fit shard=0 method=hash_random row=172 ordinal=34/75
STATE_RETRIEVAL_PROGRESS phase=fit shard=0 method=length_nearest row=176 ordinal=35/75
STATE_RETRIEVAL_PROGRESS phase=fit shard=0 method=char_tfidf_nearest row=176 ordinal=35/75
STATE_RETRIEVAL_PROGRESS phase=fit shard=0 method=hybrid_char_length row=176 ordinal=35/75
STATE_RETRIEVAL_PROGRESS phase=fit shard=0 method=hash_random row=176 ordinal=35/75
STATE_RETRIEVAL_PROGRESS phase=fit shard=0 method=length_nearest row=180 ordinal=36/75
STATE_RETRIEVAL_PROGRESS phase=fit shard=0 method=char_tfidf_nearest row=180 ordinal=36/75
STATE_RETRIEVAL_PROGRESS phase=fit shard=0 method=hybrid_char_length row=180 ordinal=36/75
STATE_RETRIEVAL_PROGRESS phase=fit shard=0 method=hash_random row=180 ordinal=36/75
STATE_RETRIEVAL_PROGRESS phase=fit shard=0 method=length_nearest row=184 ordinal=37/75
STATE_RETRIEVAL_PROGRESS phase=fit shard=0 method=char_tfidf_nearest row=184 ordinal=37/75
STATE_RETRIEVAL_PROGRESS phase=fit shard=0 method=hybrid_char_length row=184 ordinal=37/75
STATE_RETRIEVAL_PROGRESS phase=fit shard=0 method=hash_random row=184 ordinal=37/75
STATE_RETRIEVAL_PROGRESS phase=fit shard=0 method=length_nearest row=188 ordinal=38/75
STATE_RETRIEVAL_PROGRESS phase=fit shard=0 method=char_tfidf_nearest row=188 ordinal=38/75
STATE_RETRIEVAL_PROGRESS phase=fit shard=0 method=hybrid_char_length row=188 ordinal=38/75
STATE_RETRIEVAL_PROGRESS phase=fit shard=0 method=hash_random row=188 ordinal=38/75
STATE_RETRIEVAL_PROGRESS phase=fit shard=0 method=length_nearest row=192 ordinal=39/75
STATE_RETRIEVAL_PROGRESS phase=fit shard=0 method=char_tfidf_nearest row=192 ordinal=39/75
STATE_RETRIEVAL_PROGRESS phase=fit shard=0 method=hybrid_char_length row=192 ordinal=39/75
STATE_RETRIEVAL_PROGRESS phase=fit shard=0 method=hash_random row=192 ordinal=39/75
STATE_RETRIEVAL_PROGRESS phase=fit shard=0 method=length_nearest row=200 ordinal=40/75
STATE_RETRIEVAL_PROGRESS phase=fit shard=0 method=char_tfidf_nearest row=200 ordinal=40/75
STATE_RETRIEVAL_PROGRESS phase=fit shard=0 method=hybrid_char_length row=200 ordinal=40/75
STATE_RETRIEVAL_PROGRESS phase=fit shard=0 method=hash_random row=200 ordinal=40/75
STATE_RETRIEVAL_PROGRESS phase=fit shard=0 method=length_nearest row=204 ordinal=41/75
STATE_RETRIEVAL_PROGRESS phase=fit shard=0 method=char_tfidf_nearest row=204 ordinal=41/75
STATE_RETRIEVAL_PROGRESS phase=fit shard=0 method=hybrid_char_length row=204 ordinal=41/75
STATE_RETRIEVAL_PROGRESS phase=fit shard=0 method=hash_random row=204 ordinal=41/75
STATE_RETRIEVAL_PROGRESS phase=fit shard=0 method=length_nearest row=208 ordinal=42/75
STATE_RETRIEVAL_PROGRESS phase=fit shard=0 method=char_tfidf_nearest row=208 ordinal=42/75
STATE_RETRIEVAL_PROGRESS phase=fit shard=0 method=hybrid_char_length row=208 ordinal=42/75
STATE_RETRIEVAL_PROGRESS phase=fit shard=0 method=hash_random row=208 ordinal=42/75
STATE_RETRIEVAL_PROGRESS phase=fit shard=0 method=length_nearest row=212 ordinal=43/75
STATE_RETRIEVAL_PROGRESS phase=fit shard=0 method=char_tfidf_nearest row=212 ordinal=43/75
STATE_RETRIEVAL_PROGRESS phase=fit shard=0 method=hybrid_char_length row=212 ordinal=43/75
STATE_RETRIEVAL_PROGRESS phase=fit shard=0 method=hash_random row=212 ordinal=43/75
STATE_RETRIEVAL_PROGRESS phase=fit shard=0 method=length_nearest row=216 ordinal=44/75
STATE_RETRIEVAL_PROGRESS phase=fit shard=0 method=char_tfidf_nearest row=216 ordinal=44/75
STATE_RETRIEVAL_PROGRESS phase=fit shard=0 method=hybrid_char_length row=216 ordinal=44/75
STATE_RETRIEVAL_PROGRESS phase=fit shard=0 method=hash_random row=216 ordinal=44/75
STATE_RETRIEVAL_PROGRESS phase=fit shard=0 method=length_nearest row=220 ordinal=45/75
STATE_RETRIEVAL_PROGRESS phase=fit shard=0 method=char_tfidf_nearest row=220 ordinal=45/75
STATE_RETRIEVAL_PROGRESS phase=fit shard=0 method=hybrid_char_length row=220 ordinal=45/75
STATE_RETRIEVAL_PROGRESS phase=fit shard=0 method=hash_random row=220 ordinal=45/75
STATE_RETRIEVAL_PROGRESS phase=fit shard=0 method=length_nearest row=228 ordinal=46/75
STATE_RETRIEVAL_PROGRESS phase=fit shard=0 method=char_tfidf_nearest row=228 ordinal=46/75
STATE_RETRIEVAL_PROGRESS phase=fit shard=0 method=hybrid_char_length row=228 ordinal=46/75
STATE_RETRIEVAL_PROGRESS phase=fit shard=0 method=hash_random row=228 ordinal=46/75
STATE_RETRIEVAL_PROGRESS phase=fit shard=0 method=length_nearest row=232 ordinal=47/75
STATE_RETRIEVAL_PROGRESS phase=fit shard=0 method=char_tfidf_nearest row=232 ordinal=47/75
STATE_RETRIEVAL_PROGRESS phase=fit shard=0 method=hybrid_char_length row=232 ordinal=47/75
STATE_RETRIEVAL_PROGRESS phase=fit shard=0 method=hash_random row=232 ordinal=47/75
STATE_RETRIEVAL_PROGRESS phase=fit shard=0 method=length_nearest row=236 ordinal=48/75
STATE_RETRIEVAL_PROGRESS phase=fit shard=0 method=char_tfidf_nearest row=236 ordinal=48/75
STATE_RETRIEVAL_PROGRESS phase=fit shard=0 method=hybrid_char_length row=236 ordinal=48/75
STATE_RETRIEVAL_PROGRESS phase=fit shard=0 method=hash_random row=236 ordinal=48/75
STATE_RETRIEVAL_PROGRESS phase=fit shard=0 method=length_nearest row=240 ordinal=49/75
STATE_RETRIEVAL_PROGRESS phase=fit shard=0 method=char_tfidf_nearest row=240 ordinal=49/75
STATE_RETRIEVAL_PROGRESS phase=fit shard=0 method=hybrid_char_length row=240 ordinal=49/75
STATE_RETRIEVAL_PROGRESS phase=fit shard=0 method=hash_random row=240 ordinal=49/75
STATE_RETRIEVAL_PROGRESS phase=fit shard=0 method=length_nearest row=244 ordinal=50/75
STATE_RETRIEVAL_PROGRESS phase=fit shard=0 method=char_tfidf_nearest row=244 ordinal=50/75
STATE_RETRIEVAL_PROGRESS phase=fit shard=0 method=hybrid_char_length row=244 ordinal=50/75
STATE_RETRIEVAL_PROGRESS phase=fit shard=0 method=hash_random row=244 ordinal=50/75
STATE_RETRIEVAL_PROGRESS phase=fit shard=0 method=length_nearest row=252 ordinal=51/75
STATE_RETRIEVAL_PROGRESS phase=fit shard=0 method=char_tfidf_nearest row=252 ordinal=51/75
STATE_RETRIEVAL_PROGRESS phase=fit shard=0 method=hybrid_char_length row=252 ordinal=51/75
STATE_RETRIEVAL_PROGRESS phase=fit shard=0 method=hash_random row=252 ordinal=51/75
STATE_RETRIEVAL_PROGRESS phase=fit shard=0 method=length_nearest row=256 ordinal=52/75
STATE_RETRIEVAL_PROGRESS phase=fit shard=0 method=char_tfidf_nearest row=256 ordinal=52/75
STATE_RETRIEVAL_PROGRESS phase=fit shard=0 method=hybrid_char_length row=256 ordinal=52/75
STATE_RETRIEVAL_PROGRESS phase=fit shard=0 method=hash_random row=256 ordinal=52/75
STATE_RETRIEVAL_PROGRESS phase=fit shard=0 method=length_nearest row=260 ordinal=53/75
STATE_RETRIEVAL_PROGRESS phase=fit shard=0 method=char_tfidf_nearest row=260 ordinal=53/75
STATE_RETRIEVAL_PROGRESS phase=fit shard=0 method=hybrid_char_length row=260 ordinal=53/75
STATE_RETRIEVAL_PROGRESS phase=fit shard=0 method=hash_random row=260 ordinal=53/75
STATE_RETRIEVAL_PROGRESS phase=fit shard=0 method=length_nearest row=268 ordinal=54/75
STATE_RETRIEVAL_PROGRESS phase=fit shard=0 method=char_tfidf_nearest row=268 ordinal=54/75
STATE_RETRIEVAL_PROGRESS phase=fit shard=0 method=hybrid_char_length row=268 ordinal=54/75
STATE_RETRIEVAL_PROGRESS phase=fit shard=0 method=hash_random row=268 ordinal=54/75
STATE_RETRIEVAL_PROGRESS phase=fit shard=0 method=length_nearest row=272 ordinal=55/75
STATE_RETRIEVAL_PROGRESS phase=fit shard=0 method=char_tfidf_nearest row=272 ordinal=55/75
STATE_RETRIEVAL_PROGRESS phase=fit shard=0 method=hybrid_char_length row=272 ordinal=55/75
STATE_RETRIEVAL_PROGRESS phase=fit shard=0 method=hash_random row=272 ordinal=55/75
STATE_RETRIEVAL_PROGRESS phase=fit shard=0 method=length_nearest row=276 ordinal=56/75
STATE_RETRIEVAL_PROGRESS phase=fit shard=0 method=char_tfidf_nearest row=276 ordinal=56/75
STATE_RETRIEVAL_PROGRESS phase=fit shard=0 method=hybrid_char_length row=276 ordinal=56/75
STATE_RETRIEVAL_PROGRESS phase=fit shard=0 method=hash_random row=276 ordinal=56/75
STATE_RETRIEVAL_PROGRESS phase=fit shard=0 method=length_nearest row=280 ordinal=57/75
STATE_RETRIEVAL_PROGRESS phase=fit shard=0 method=char_tfidf_nearest row=280 ordinal=57/75
STATE_RETRIEVAL_PROGRESS phase=fit shard=0 method=hybrid_char_length row=280 ordinal=57/75
STATE_RETRIEVAL_PROGRESS phase=fit shard=0 method=hash_random row=280 ordinal=57/75
STATE_RETRIEVAL_PROGRESS phase=fit shard=0 method=length_nearest row=284 ordinal=58/75
STATE_RETRIEVAL_PROGRESS phase=fit shard=0 method=char_tfidf_nearest row=284 ordinal=58/75
STATE_RETRIEVAL_PROGRESS phase=fit shard=0 method=hybrid_char_length row=284 ordinal=58/75
STATE_RETRIEVAL_PROGRESS phase=fit shard=0 method=hash_random row=284 ordinal=58/75
STATE_RETRIEVAL_PROGRESS phase=fit shard=0 method=length_nearest row=288 ordinal=59/75
STATE_RETRIEVAL_PROGRESS phase=fit shard=0 method=char_tfidf_nearest row=288 ordinal=59/75
STATE_RETRIEVAL_PROGRESS phase=fit shard=0 method=hybrid_char_length row=288 ordinal=59/75
STATE_RETRIEVAL_PROGRESS phase=fit shard=0 method=hash_random row=288 ordinal=59/75
STATE_RETRIEVAL_PROGRESS phase=fit shard=0 method=length_nearest row=292 ordinal=60/75
STATE_RETRIEVAL_PROGRESS phase=fit shard=0 method=char_tfidf_nearest row=292 ordinal=60/75
STATE_RETRIEVAL_PROGRESS phase=fit shard=0 method=hybrid_char_length row=292 ordinal=60/75
STATE_RETRIEVAL_PROGRESS phase=fit shard=0 method=hash_random row=292 ordinal=60/75
STATE_RETRIEVAL_PROGRESS phase=fit shard=0 method=length_nearest row=296 ordinal=61/75
STATE_RETRIEVAL_PROGRESS phase=fit shard=0 method=char_tfidf_nearest row=296 ordinal=61/75
STATE_RETRIEVAL_PROGRESS phase=fit shard=0 method=hybrid_char_length row=296 ordinal=61/75
STATE_RETRIEVAL_PROGRESS phase=fit shard=0 method=hash_random row=296 ordinal=61/75
STATE_RETRIEVAL_PROGRESS phase=fit shard=0 method=length_nearest row=300 ordinal=62/75
STATE_RETRIEVAL_PROGRESS phase=fit shard=0 method=char_tfidf_nearest row=300 ordinal=62/75
STATE_RETRIEVAL_PROGRESS phase=fit shard=0 method=hybrid_char_length row=300 ordinal=62/75
STATE_RETRIEVAL_PROGRESS phase=fit shard=0 method=hash_random row=300 ordinal=62/75
STATE_RETRIEVAL_PROGRESS phase=fit shard=0 method=length_nearest row=308 ordinal=63/75
STATE_RETRIEVAL_PROGRESS phase=fit shard=0 method=char_tfidf_nearest row=308 ordinal=63/75
STATE_RETRIEVAL_PROGRESS phase=fit shard=0 method=hybrid_char_length row=308 ordinal=63/75
STATE_RETRIEVAL_PROGRESS phase=fit shard=0 method=hash_random row=308 ordinal=63/75
STATE_RETRIEVAL_PROGRESS phase=fit shard=0 method=length_nearest row=312 ordinal=64/75
STATE_RETRIEVAL_PROGRESS phase=fit shard=0 method=char_tfidf_nearest row=312 ordinal=64/75
STATE_RETRIEVAL_PROGRESS phase=fit shard=0 method=hybrid_char_length row=312 ordinal=64/75
STATE_RETRIEVAL_PROGRESS phase=fit shard=0 method=hash_random row=312 ordinal=64/75
STATE_RETRIEVAL_PROGRESS phase=fit shard=0 method=length_nearest row=316 ordinal=65/75
STATE_RETRIEVAL_PROGRESS phase=fit shard=0 method=char_tfidf_nearest row=316 ordinal=65/75
STATE_RETRIEVAL_PROGRESS phase=fit shard=0 method=hybrid_char_length row=316 ordinal=65/75
STATE_RETRIEVAL_PROGRESS phase=fit shard=0 method=hash_random row=316 ordinal=65/75
STATE_RETRIEVAL_PROGRESS phase=fit shard=0 method=length_nearest row=320 ordinal=66/75
STATE_RETRIEVAL_PROGRESS phase=fit shard=0 method=char_tfidf_nearest row=320 ordinal=66/75
STATE_RETRIEVAL_PROGRESS phase=fit shard=0 method=hybrid_char_length row=320 ordinal=66/75
STATE_RETRIEVAL_PROGRESS phase=fit shard=0 method=hash_random row=320 ordinal=66/75
STATE_RETRIEVAL_PROGRESS phase=fit shard=0 method=length_nearest row=324 ordinal=67/75
STATE_RETRIEVAL_PROGRESS phase=fit shard=0 method=char_tfidf_nearest row=324 ordinal=67/75
STATE_RETRIEVAL_PROGRESS phase=fit shard=0 method=hybrid_char_length row=324 ordinal=67/75
STATE_RETRIEVAL_PROGRESS phase=fit shard=0 method=hash_random row=324 ordinal=67/75
STATE_RETRIEVAL_PROGRESS phase=fit shard=0 method=length_nearest row=328 ordinal=68/75
STATE_RETRIEVAL_PROGRESS phase=fit shard=0 method=char_tfidf_nearest row=328 ordinal=68/75
STATE_RETRIEVAL_PROGRESS phase=fit shard=0 method=hybrid_char_length row=328 ordinal=68/75
STATE_RETRIEVAL_PROGRESS phase=fit shard=0 method=hash_random row=328 ordinal=68/75
STATE_RETRIEVAL_PROGRESS phase=fit shard=0 method=length_nearest row=336 ordinal=69/75
STATE_RETRIEVAL_PROGRESS phase=fit shard=0 method=char_tfidf_nearest row=336 ordinal=69/75
STATE_RETRIEVAL_PROGRESS phase=fit shard=0 method=hybrid_char_length row=336 ordinal=69/75
STATE_RETRIEVAL_PROGRESS phase=fit shard=0 method=hash_random row=336 ordinal=69/75
STATE_RETRIEVAL_PROGRESS phase=fit shard=0 method=length_nearest row=340 ordinal=70/75
STATE_RETRIEVAL_PROGRESS phase=fit shard=0 method=char_tfidf_nearest row=340 ordinal=70/75
STATE_RETRIEVAL_PROGRESS phase=fit shard=0 method=hybrid_char_length row=340 ordinal=70/75
STATE_RETRIEVAL_PROGRESS phase=fit shard=0 method=hash_random row=340 ordinal=70/75
STATE_RETRIEVAL_PROGRESS phase=fit shard=0 method=length_nearest row=344 ordinal=71/75
STATE_RETRIEVAL_PROGRESS phase=fit shard=0 method=char_tfidf_nearest row=344 ordinal=71/75
STATE_RETRIEVAL_PROGRESS phase=fit shard=0 method=hybrid_char_length row=344 ordinal=71/75
STATE_RETRIEVAL_PROGRESS phase=fit shard=0 method=hash_random row=344 ordinal=71/75
STATE_RETRIEVAL_PROGRESS phase=fit shard=0 method=length_nearest row=348 ordinal=72/75
STATE_RETRIEVAL_PROGRESS phase=fit shard=0 method=char_tfidf_nearest row=348 ordinal=72/75
STATE_RETRIEVAL_PROGRESS phase=fit shard=0 method=hybrid_char_length row=348 ordinal=72/75
STATE_RETRIEVAL_PROGRESS phase=fit shard=0 method=hash_random row=348 ordinal=72/75
STATE_RETRIEVAL_PROGRESS phase=fit shard=0 method=length_nearest row=352 ordinal=73/75
STATE_RETRIEVAL_PROGRESS phase=fit shard=0 method=char_tfidf_nearest row=352 ordinal=73/75
STATE_RETRIEVAL_PROGRESS phase=fit shard=0 method=hybrid_char_length row=352 ordinal=73/75
STATE_RETRIEVAL_PROGRESS phase=fit shard=0 method=hash_random row=352 ordinal=73/75
STATE_RETRIEVAL_PROGRESS phase=fit shard=0 method=length_nearest row=356 ordinal=74/75
STATE_RETRIEVAL_PROGRESS phase=fit shard=0 method=char_tfidf_nearest row=356 ordinal=74/75
STATE_RETRIEVAL_PROGRESS phase=fit shard=0 method=hybrid_char_length row=356 ordinal=74/75
STATE_RETRIEVAL_PROGRESS phase=fit shard=0 method=hash_random row=356 ordinal=74/75
STATE_RETRIEVAL_PROGRESS phase=fit shard=0 method=length_nearest row=360 ordinal=75/75
STATE_RETRIEVAL_PROGRESS phase=fit shard=0 method=char_tfidf_nearest row=360 ordinal=75/75
STATE_RETRIEVAL_PROGRESS phase=fit shard=0 method=hybrid_char_length row=360 ordinal=75/75
STATE_RETRIEVAL_PROGRESS phase=fit shard=0 method=hash_random row=360 ordinal=75/75
STATE_RETRIEVAL_SHARD_COMPLETE phase=fit shard=0
