Loading weights:   0%|          | 0/2076 [00:00<?, ?it/s]Loading weights:  15%|█▌        | 313/2076 [00:00<00:00, 3113.85it/s]Loading weights:  30%|███       | 625/2076 [00:00<00:00, 2917.62it/s]Loading weights:  44%|████▍     | 918/2076 [00:02<00:03, 321.48it/s] Loading weights:  52%|█████▏    | 1084/2076 [00:02<00:02, 346.57it/s]Loading weights:  58%|█████▊    | 1202/2076 [00:02<00:02, 358.34it/s]Loading weights:  62%|██████▏   | 1293/2076 [00:03<00:02, 359.04it/s]Loading weights:  66%|██████▌   | 1365/2076 [00:03<00:01, 360.87it/s]Loading weights:  69%|██████▊   | 1426/2076 [00:03<00:01, 366.89it/s]Loading weights:  84%|████████▍ | 1750/2076 [00:03<00:00, 742.16it/s]Loading weights:  93%|█████████▎| 1924/2076 [00:03<00:00, 898.09it/s]Loading weights: 100%|██████████| 2076/2076 [00:03<00:00, 560.55it/s]
[transformers] The following generation flags are not valid and may be ignored: ['top_p', 'top_k']. Set `TRANSFORMERS_VERBOSITY=info` for more details.
SCENE_CAUSAL_PROGRESS shard=0 condition=zero_state row=4 ordinal=1/90
SCENE_CAUSAL_PROGRESS shard=0 condition=donor_state row=4 ordinal=1/90
SCENE_CAUSAL_PROGRESS shard=0 condition=layer_permuted_correct_state row=4 ordinal=1/90
SCENE_CAUSAL_PROGRESS shard=0 condition=zero_state row=8 ordinal=2/90
SCENE_CAUSAL_PROGRESS shard=0 condition=donor_state row=8 ordinal=2/90
SCENE_CAUSAL_PROGRESS shard=0 condition=layer_permuted_correct_state row=8 ordinal=2/90
SCENE_CAUSAL_PROGRESS shard=0 condition=zero_state row=12 ordinal=3/90
SCENE_CAUSAL_PROGRESS shard=0 condition=donor_state row=12 ordinal=3/90
SCENE_CAUSAL_PROGRESS shard=0 condition=layer_permuted_correct_state row=12 ordinal=3/90
SCENE_CAUSAL_PROGRESS shard=0 condition=zero_state row=16 ordinal=4/90
SCENE_CAUSAL_PROGRESS shard=0 condition=donor_state row=16 ordinal=4/90
SCENE_CAUSAL_PROGRESS shard=0 condition=layer_permuted_correct_state row=16 ordinal=4/90
SCENE_CAUSAL_PROGRESS shard=0 condition=zero_state row=20 ordinal=5/90
SCENE_CAUSAL_PROGRESS shard=0 condition=donor_state row=20 ordinal=5/90
SCENE_CAUSAL_PROGRESS shard=0 condition=layer_permuted_correct_state row=20 ordinal=5/90
SCENE_CAUSAL_PROGRESS shard=0 condition=zero_state row=24 ordinal=6/90
SCENE_CAUSAL_PROGRESS shard=0 condition=donor_state row=24 ordinal=6/90
SCENE_CAUSAL_PROGRESS shard=0 condition=layer_permuted_correct_state row=24 ordinal=6/90
SCENE_CAUSAL_PROGRESS shard=0 condition=zero_state row=28 ordinal=7/90
SCENE_CAUSAL_PROGRESS shard=0 condition=donor_state row=28 ordinal=7/90
SCENE_CAUSAL_PROGRESS shard=0 condition=layer_permuted_correct_state row=28 ordinal=7/90
SCENE_CAUSAL_PROGRESS shard=0 condition=zero_state row=32 ordinal=8/90
SCENE_CAUSAL_PROGRESS shard=0 condition=donor_state row=32 ordinal=8/90
SCENE_CAUSAL_PROGRESS shard=0 condition=layer_permuted_correct_state row=32 ordinal=8/90
SCENE_CAUSAL_PROGRESS shard=0 condition=zero_state row=36 ordinal=9/90
SCENE_CAUSAL_PROGRESS shard=0 condition=donor_state row=36 ordinal=9/90
SCENE_CAUSAL_PROGRESS shard=0 condition=layer_permuted_correct_state row=36 ordinal=9/90
SCENE_CAUSAL_PROGRESS shard=0 condition=zero_state row=40 ordinal=10/90
SCENE_CAUSAL_PROGRESS shard=0 condition=donor_state row=40 ordinal=10/90
SCENE_CAUSAL_PROGRESS shard=0 condition=layer_permuted_correct_state row=40 ordinal=10/90
SCENE_CAUSAL_PROGRESS shard=0 condition=zero_state row=44 ordinal=11/90
SCENE_CAUSAL_PROGRESS shard=0 condition=donor_state row=44 ordinal=11/90
SCENE_CAUSAL_PROGRESS shard=0 condition=layer_permuted_correct_state row=44 ordinal=11/90
SCENE_CAUSAL_PROGRESS shard=0 condition=zero_state row=48 ordinal=12/90
SCENE_CAUSAL_PROGRESS shard=0 condition=donor_state row=48 ordinal=12/90
SCENE_CAUSAL_PROGRESS shard=0 condition=layer_permuted_correct_state row=48 ordinal=12/90
SCENE_CAUSAL_PROGRESS shard=0 condition=zero_state row=52 ordinal=13/90
SCENE_CAUSAL_PROGRESS shard=0 condition=donor_state row=52 ordinal=13/90
SCENE_CAUSAL_PROGRESS shard=0 condition=layer_permuted_correct_state row=52 ordinal=13/90
SCENE_CAUSAL_PROGRESS shard=0 condition=zero_state row=56 ordinal=14/90
SCENE_CAUSAL_PROGRESS shard=0 condition=donor_state row=56 ordinal=14/90
SCENE_CAUSAL_PROGRESS shard=0 condition=layer_permuted_correct_state row=56 ordinal=14/90
SCENE_CAUSAL_PROGRESS shard=0 condition=zero_state row=60 ordinal=15/90
SCENE_CAUSAL_PROGRESS shard=0 condition=donor_state row=60 ordinal=15/90
SCENE_CAUSAL_PROGRESS shard=0 condition=layer_permuted_correct_state row=60 ordinal=15/90
SCENE_CAUSAL_PROGRESS shard=0 condition=zero_state row=64 ordinal=16/90
SCENE_CAUSAL_PROGRESS shard=0 condition=donor_state row=64 ordinal=16/90
SCENE_CAUSAL_PROGRESS shard=0 condition=layer_permuted_correct_state row=64 ordinal=16/90
SCENE_CAUSAL_PROGRESS shard=0 condition=zero_state row=68 ordinal=17/90
SCENE_CAUSAL_PROGRESS shard=0 condition=donor_state row=68 ordinal=17/90
SCENE_CAUSAL_PROGRESS shard=0 condition=layer_permuted_correct_state row=68 ordinal=17/90
SCENE_CAUSAL_PROGRESS shard=0 condition=zero_state row=72 ordinal=18/90
SCENE_CAUSAL_PROGRESS shard=0 condition=donor_state row=72 ordinal=18/90
SCENE_CAUSAL_PROGRESS shard=0 condition=layer_permuted_correct_state row=72 ordinal=18/90
SCENE_CAUSAL_PROGRESS shard=0 condition=zero_state row=76 ordinal=19/90
SCENE_CAUSAL_PROGRESS shard=0 condition=donor_state row=76 ordinal=19/90
SCENE_CAUSAL_PROGRESS shard=0 condition=layer_permuted_correct_state row=76 ordinal=19/90
SCENE_CAUSAL_PROGRESS shard=0 condition=zero_state row=80 ordinal=20/90
SCENE_CAUSAL_PROGRESS shard=0 condition=donor_state row=80 ordinal=20/90
SCENE_CAUSAL_PROGRESS shard=0 condition=layer_permuted_correct_state row=80 ordinal=20/90
SCENE_CAUSAL_PROGRESS shard=0 condition=zero_state row=84 ordinal=21/90
SCENE_CAUSAL_PROGRESS shard=0 condition=donor_state row=84 ordinal=21/90
SCENE_CAUSAL_PROGRESS shard=0 condition=layer_permuted_correct_state row=84 ordinal=21/90
SCENE_CAUSAL_PROGRESS shard=0 condition=zero_state row=88 ordinal=22/90
SCENE_CAUSAL_PROGRESS shard=0 condition=donor_state row=88 ordinal=22/90
SCENE_CAUSAL_PROGRESS shard=0 condition=layer_permuted_correct_state row=88 ordinal=22/90
SCENE_CAUSAL_PROGRESS shard=0 condition=zero_state row=92 ordinal=23/90
SCENE_CAUSAL_PROGRESS shard=0 condition=donor_state row=92 ordinal=23/90
SCENE_CAUSAL_PROGRESS shard=0 condition=layer_permuted_correct_state row=92 ordinal=23/90
SCENE_CAUSAL_PROGRESS shard=0 condition=zero_state row=96 ordinal=24/90
SCENE_CAUSAL_PROGRESS shard=0 condition=donor_state row=96 ordinal=24/90
SCENE_CAUSAL_PROGRESS shard=0 condition=layer_permuted_correct_state row=96 ordinal=24/90
SCENE_CAUSAL_PROGRESS shard=0 condition=zero_state row=100 ordinal=25/90
SCENE_CAUSAL_PROGRESS shard=0 condition=donor_state row=100 ordinal=25/90
SCENE_CAUSAL_PROGRESS shard=0 condition=layer_permuted_correct_state row=100 ordinal=25/90
SCENE_CAUSAL_PROGRESS shard=0 condition=zero_state row=104 ordinal=26/90
SCENE_CAUSAL_PROGRESS shard=0 condition=donor_state row=104 ordinal=26/90
SCENE_CAUSAL_PROGRESS shard=0 condition=layer_permuted_correct_state row=104 ordinal=26/90
SCENE_CAUSAL_PROGRESS shard=0 condition=zero_state row=108 ordinal=27/90
SCENE_CAUSAL_PROGRESS shard=0 condition=donor_state row=108 ordinal=27/90
SCENE_CAUSAL_PROGRESS shard=0 condition=layer_permuted_correct_state row=108 ordinal=27/90
SCENE_CAUSAL_PROGRESS shard=0 condition=zero_state row=112 ordinal=28/90
SCENE_CAUSAL_PROGRESS shard=0 condition=donor_state row=112 ordinal=28/90
SCENE_CAUSAL_PROGRESS shard=0 condition=layer_permuted_correct_state row=112 ordinal=28/90
SCENE_CAUSAL_PROGRESS shard=0 condition=zero_state row=116 ordinal=29/90
SCENE_CAUSAL_PROGRESS shard=0 condition=donor_state row=116 ordinal=29/90
SCENE_CAUSAL_PROGRESS shard=0 condition=layer_permuted_correct_state row=116 ordinal=29/90
SCENE_CAUSAL_PROGRESS shard=0 condition=zero_state row=120 ordinal=30/90
SCENE_CAUSAL_PROGRESS shard=0 condition=donor_state row=120 ordinal=30/90
SCENE_CAUSAL_PROGRESS shard=0 condition=layer_permuted_correct_state row=120 ordinal=30/90
SCENE_CAUSAL_PROGRESS shard=0 condition=zero_state row=124 ordinal=31/90
SCENE_CAUSAL_PROGRESS shard=0 condition=donor_state row=124 ordinal=31/90
SCENE_CAUSAL_PROGRESS shard=0 condition=layer_permuted_correct_state row=124 ordinal=31/90
SCENE_CAUSAL_PROGRESS shard=0 condition=zero_state row=128 ordinal=32/90
SCENE_CAUSAL_PROGRESS shard=0 condition=donor_state row=128 ordinal=32/90
SCENE_CAUSAL_PROGRESS shard=0 condition=layer_permuted_correct_state row=128 ordinal=32/90
SCENE_CAUSAL_PROGRESS shard=0 condition=zero_state row=132 ordinal=33/90
SCENE_CAUSAL_PROGRESS shard=0 condition=donor_state row=132 ordinal=33/90
SCENE_CAUSAL_PROGRESS shard=0 condition=layer_permuted_correct_state row=132 ordinal=33/90
SCENE_CAUSAL_PROGRESS shard=0 condition=zero_state row=136 ordinal=34/90
SCENE_CAUSAL_PROGRESS shard=0 condition=donor_state row=136 ordinal=34/90
SCENE_CAUSAL_PROGRESS shard=0 condition=layer_permuted_correct_state row=136 ordinal=34/90
SCENE_CAUSAL_PROGRESS shard=0 condition=zero_state row=140 ordinal=35/90
SCENE_CAUSAL_PROGRESS shard=0 condition=donor_state row=140 ordinal=35/90
SCENE_CAUSAL_PROGRESS shard=0 condition=layer_permuted_correct_state row=140 ordinal=35/90
SCENE_CAUSAL_PROGRESS shard=0 condition=zero_state row=144 ordinal=36/90
SCENE_CAUSAL_PROGRESS shard=0 condition=donor_state row=144 ordinal=36/90
SCENE_CAUSAL_PROGRESS shard=0 condition=layer_permuted_correct_state row=144 ordinal=36/90
SCENE_CAUSAL_PROGRESS shard=0 condition=zero_state row=148 ordinal=37/90
SCENE_CAUSAL_PROGRESS shard=0 condition=donor_state row=148 ordinal=37/90
SCENE_CAUSAL_PROGRESS shard=0 condition=layer_permuted_correct_state row=148 ordinal=37/90
SCENE_CAUSAL_PROGRESS shard=0 condition=zero_state row=152 ordinal=38/90
SCENE_CAUSAL_PROGRESS shard=0 condition=donor_state row=152 ordinal=38/90
SCENE_CAUSAL_PROGRESS shard=0 condition=layer_permuted_correct_state row=152 ordinal=38/90
SCENE_CAUSAL_PROGRESS shard=0 condition=zero_state row=156 ordinal=39/90
SCENE_CAUSAL_PROGRESS shard=0 condition=donor_state row=156 ordinal=39/90
SCENE_CAUSAL_PROGRESS shard=0 condition=layer_permuted_correct_state row=156 ordinal=39/90
SCENE_CAUSAL_PROGRESS shard=0 condition=zero_state row=160 ordinal=40/90
SCENE_CAUSAL_PROGRESS shard=0 condition=donor_state row=160 ordinal=40/90
SCENE_CAUSAL_PROGRESS shard=0 condition=layer_permuted_correct_state row=160 ordinal=40/90
SCENE_CAUSAL_PROGRESS shard=0 condition=zero_state row=164 ordinal=41/90
SCENE_CAUSAL_PROGRESS shard=0 condition=donor_state row=164 ordinal=41/90
SCENE_CAUSAL_PROGRESS shard=0 condition=layer_permuted_correct_state row=164 ordinal=41/90
SCENE_CAUSAL_PROGRESS shard=0 condition=zero_state row=168 ordinal=42/90
SCENE_CAUSAL_PROGRESS shard=0 condition=donor_state row=168 ordinal=42/90
SCENE_CAUSAL_PROGRESS shard=0 condition=layer_permuted_correct_state row=168 ordinal=42/90
SCENE_CAUSAL_PROGRESS shard=0 condition=zero_state row=172 ordinal=43/90
SCENE_CAUSAL_PROGRESS shard=0 condition=donor_state row=172 ordinal=43/90
SCENE_CAUSAL_PROGRESS shard=0 condition=layer_permuted_correct_state row=172 ordinal=43/90
SCENE_CAUSAL_PROGRESS shard=0 condition=zero_state row=176 ordinal=44/90
SCENE_CAUSAL_PROGRESS shard=0 condition=donor_state row=176 ordinal=44/90
SCENE_CAUSAL_PROGRESS shard=0 condition=layer_permuted_correct_state row=176 ordinal=44/90
SCENE_CAUSAL_PROGRESS shard=0 condition=zero_state row=180 ordinal=45/90
SCENE_CAUSAL_PROGRESS shard=0 condition=donor_state row=180 ordinal=45/90
SCENE_CAUSAL_PROGRESS shard=0 condition=layer_permuted_correct_state row=180 ordinal=45/90
SCENE_CAUSAL_PROGRESS shard=0 condition=zero_state row=184 ordinal=46/90
SCENE_CAUSAL_PROGRESS shard=0 condition=donor_state row=184 ordinal=46/90
SCENE_CAUSAL_PROGRESS shard=0 condition=layer_permuted_correct_state row=184 ordinal=46/90
SCENE_CAUSAL_PROGRESS shard=0 condition=zero_state row=188 ordinal=47/90
SCENE_CAUSAL_PROGRESS shard=0 condition=donor_state row=188 ordinal=47/90
SCENE_CAUSAL_PROGRESS shard=0 condition=layer_permuted_correct_state row=188 ordinal=47/90
SCENE_CAUSAL_PROGRESS shard=0 condition=zero_state row=192 ordinal=48/90
SCENE_CAUSAL_PROGRESS shard=0 condition=donor_state row=192 ordinal=48/90
SCENE_CAUSAL_PROGRESS shard=0 condition=layer_permuted_correct_state row=192 ordinal=48/90
SCENE_CAUSAL_PROGRESS shard=0 condition=zero_state row=196 ordinal=49/90
SCENE_CAUSAL_PROGRESS shard=0 condition=donor_state row=196 ordinal=49/90
SCENE_CAUSAL_PROGRESS shard=0 condition=layer_permuted_correct_state row=196 ordinal=49/90
SCENE_CAUSAL_PROGRESS shard=0 condition=zero_state row=200 ordinal=50/90
SCENE_CAUSAL_PROGRESS shard=0 condition=donor_state row=200 ordinal=50/90
SCENE_CAUSAL_PROGRESS shard=0 condition=layer_permuted_correct_state row=200 ordinal=50/90
SCENE_CAUSAL_PROGRESS shard=0 condition=zero_state row=204 ordinal=51/90
SCENE_CAUSAL_PROGRESS shard=0 condition=donor_state row=204 ordinal=51/90
SCENE_CAUSAL_PROGRESS shard=0 condition=layer_permuted_correct_state row=204 ordinal=51/90
SCENE_CAUSAL_PROGRESS shard=0 condition=zero_state row=208 ordinal=52/90
SCENE_CAUSAL_PROGRESS shard=0 condition=donor_state row=208 ordinal=52/90
SCENE_CAUSAL_PROGRESS shard=0 condition=layer_permuted_correct_state row=208 ordinal=52/90
SCENE_CAUSAL_PROGRESS shard=0 condition=zero_state row=212 ordinal=53/90
SCENE_CAUSAL_PROGRESS shard=0 condition=donor_state row=212 ordinal=53/90
SCENE_CAUSAL_PROGRESS shard=0 condition=layer_permuted_correct_state row=212 ordinal=53/90
SCENE_CAUSAL_PROGRESS shard=0 condition=zero_state row=216 ordinal=54/90
SCENE_CAUSAL_PROGRESS shard=0 condition=donor_state row=216 ordinal=54/90
SCENE_CAUSAL_PROGRESS shard=0 condition=layer_permuted_correct_state row=216 ordinal=54/90
SCENE_CAUSAL_PROGRESS shard=0 condition=zero_state row=220 ordinal=55/90
SCENE_CAUSAL_PROGRESS shard=0 condition=donor_state row=220 ordinal=55/90
SCENE_CAUSAL_PROGRESS shard=0 condition=layer_permuted_correct_state row=220 ordinal=55/90
SCENE_CAUSAL_PROGRESS shard=0 condition=zero_state row=224 ordinal=56/90
SCENE_CAUSAL_PROGRESS shard=0 condition=donor_state row=224 ordinal=56/90
SCENE_CAUSAL_PROGRESS shard=0 condition=layer_permuted_correct_state row=224 ordinal=56/90
SCENE_CAUSAL_PROGRESS shard=0 condition=zero_state row=228 ordinal=57/90
SCENE_CAUSAL_PROGRESS shard=0 condition=donor_state row=228 ordinal=57/90
SCENE_CAUSAL_PROGRESS shard=0 condition=layer_permuted_correct_state row=228 ordinal=57/90
SCENE_CAUSAL_PROGRESS shard=0 condition=zero_state row=232 ordinal=58/90
SCENE_CAUSAL_PROGRESS shard=0 condition=donor_state row=232 ordinal=58/90
SCENE_CAUSAL_PROGRESS shard=0 condition=layer_permuted_correct_state row=232 ordinal=58/90
SCENE_CAUSAL_PROGRESS shard=0 condition=zero_state row=236 ordinal=59/90
SCENE_CAUSAL_PROGRESS shard=0 condition=donor_state row=236 ordinal=59/90
SCENE_CAUSAL_PROGRESS shard=0 condition=layer_permuted_correct_state row=236 ordinal=59/90
SCENE_CAUSAL_PROGRESS shard=0 condition=zero_state row=240 ordinal=60/90
SCENE_CAUSAL_PROGRESS shard=0 condition=donor_state row=240 ordinal=60/90
SCENE_CAUSAL_PROGRESS shard=0 condition=layer_permuted_correct_state row=240 ordinal=60/90
SCENE_CAUSAL_PROGRESS shard=0 condition=zero_state row=244 ordinal=61/90
SCENE_CAUSAL_PROGRESS shard=0 condition=donor_state row=244 ordinal=61/90
SCENE_CAUSAL_PROGRESS shard=0 condition=layer_permuted_correct_state row=244 ordinal=61/90
SCENE_CAUSAL_PROGRESS shard=0 condition=zero_state row=248 ordinal=62/90
SCENE_CAUSAL_PROGRESS shard=0 condition=donor_state row=248 ordinal=62/90
SCENE_CAUSAL_PROGRESS shard=0 condition=layer_permuted_correct_state row=248 ordinal=62/90
SCENE_CAUSAL_PROGRESS shard=0 condition=zero_state row=252 ordinal=63/90
SCENE_CAUSAL_PROGRESS shard=0 condition=donor_state row=252 ordinal=63/90
SCENE_CAUSAL_PROGRESS shard=0 condition=layer_permuted_correct_state row=252 ordinal=63/90
SCENE_CAUSAL_PROGRESS shard=0 condition=zero_state row=256 ordinal=64/90
SCENE_CAUSAL_PROGRESS shard=0 condition=donor_state row=256 ordinal=64/90
SCENE_CAUSAL_PROGRESS shard=0 condition=layer_permuted_correct_state row=256 ordinal=64/90
SCENE_CAUSAL_PROGRESS shard=0 condition=zero_state row=260 ordinal=65/90
SCENE_CAUSAL_PROGRESS shard=0 condition=donor_state row=260 ordinal=65/90
SCENE_CAUSAL_PROGRESS shard=0 condition=layer_permuted_correct_state row=260 ordinal=65/90
SCENE_CAUSAL_PROGRESS shard=0 condition=zero_state row=264 ordinal=66/90
SCENE_CAUSAL_PROGRESS shard=0 condition=donor_state row=264 ordinal=66/90
SCENE_CAUSAL_PROGRESS shard=0 condition=layer_permuted_correct_state row=264 ordinal=66/90
SCENE_CAUSAL_PROGRESS shard=0 condition=zero_state row=268 ordinal=67/90
SCENE_CAUSAL_PROGRESS shard=0 condition=donor_state row=268 ordinal=67/90
SCENE_CAUSAL_PROGRESS shard=0 condition=layer_permuted_correct_state row=268 ordinal=67/90
SCENE_CAUSAL_PROGRESS shard=0 condition=zero_state row=272 ordinal=68/90
SCENE_CAUSAL_PROGRESS shard=0 condition=donor_state row=272 ordinal=68/90
SCENE_CAUSAL_PROGRESS shard=0 condition=layer_permuted_correct_state row=272 ordinal=68/90
SCENE_CAUSAL_PROGRESS shard=0 condition=zero_state row=276 ordinal=69/90
SCENE_CAUSAL_PROGRESS shard=0 condition=donor_state row=276 ordinal=69/90
SCENE_CAUSAL_PROGRESS shard=0 condition=layer_permuted_correct_state row=276 ordinal=69/90
SCENE_CAUSAL_PROGRESS shard=0 condition=zero_state row=280 ordinal=70/90
SCENE_CAUSAL_PROGRESS shard=0 condition=donor_state row=280 ordinal=70/90
SCENE_CAUSAL_PROGRESS shard=0 condition=layer_permuted_correct_state row=280 ordinal=70/90
SCENE_CAUSAL_PROGRESS shard=0 condition=zero_state row=284 ordinal=71/90
SCENE_CAUSAL_PROGRESS shard=0 condition=donor_state row=284 ordinal=71/90
SCENE_CAUSAL_PROGRESS shard=0 condition=layer_permuted_correct_state row=284 ordinal=71/90
SCENE_CAUSAL_PROGRESS shard=0 condition=zero_state row=288 ordinal=72/90
SCENE_CAUSAL_PROGRESS shard=0 condition=donor_state row=288 ordinal=72/90
SCENE_CAUSAL_PROGRESS shard=0 condition=layer_permuted_correct_state row=288 ordinal=72/90
SCENE_CAUSAL_PROGRESS shard=0 condition=zero_state row=292 ordinal=73/90
SCENE_CAUSAL_PROGRESS shard=0 condition=donor_state row=292 ordinal=73/90
SCENE_CAUSAL_PROGRESS shard=0 condition=layer_permuted_correct_state row=292 ordinal=73/90
SCENE_CAUSAL_PROGRESS shard=0 condition=zero_state row=296 ordinal=74/90
SCENE_CAUSAL_PROGRESS shard=0 condition=donor_state row=296 ordinal=74/90
SCENE_CAUSAL_PROGRESS shard=0 condition=layer_permuted_correct_state row=296 ordinal=74/90
SCENE_CAUSAL_PROGRESS shard=0 condition=zero_state row=300 ordinal=75/90
SCENE_CAUSAL_PROGRESS shard=0 condition=donor_state row=300 ordinal=75/90
SCENE_CAUSAL_PROGRESS shard=0 condition=layer_permuted_correct_state row=300 ordinal=75/90
SCENE_CAUSAL_PROGRESS shard=0 condition=zero_state row=304 ordinal=76/90
SCENE_CAUSAL_PROGRESS shard=0 condition=donor_state row=304 ordinal=76/90
SCENE_CAUSAL_PROGRESS shard=0 condition=layer_permuted_correct_state row=304 ordinal=76/90
SCENE_CAUSAL_PROGRESS shard=0 condition=zero_state row=308 ordinal=77/90
SCENE_CAUSAL_PROGRESS shard=0 condition=donor_state row=308 ordinal=77/90
SCENE_CAUSAL_PROGRESS shard=0 condition=layer_permuted_correct_state row=308 ordinal=77/90
SCENE_CAUSAL_PROGRESS shard=0 condition=zero_state row=312 ordinal=78/90
SCENE_CAUSAL_PROGRESS shard=0 condition=donor_state row=312 ordinal=78/90
SCENE_CAUSAL_PROGRESS shard=0 condition=layer_permuted_correct_state row=312 ordinal=78/90
SCENE_CAUSAL_PROGRESS shard=0 condition=zero_state row=316 ordinal=79/90
SCENE_CAUSAL_PROGRESS shard=0 condition=donor_state row=316 ordinal=79/90
SCENE_CAUSAL_PROGRESS shard=0 condition=layer_permuted_correct_state row=316 ordinal=79/90
SCENE_CAUSAL_PROGRESS shard=0 condition=zero_state row=320 ordinal=80/90
SCENE_CAUSAL_PROGRESS shard=0 condition=donor_state row=320 ordinal=80/90
SCENE_CAUSAL_PROGRESS shard=0 condition=layer_permuted_correct_state row=320 ordinal=80/90
SCENE_CAUSAL_PROGRESS shard=0 condition=zero_state row=324 ordinal=81/90
SCENE_CAUSAL_PROGRESS shard=0 condition=donor_state row=324 ordinal=81/90
SCENE_CAUSAL_PROGRESS shard=0 condition=layer_permuted_correct_state row=324 ordinal=81/90
SCENE_CAUSAL_PROGRESS shard=0 condition=zero_state row=328 ordinal=82/90
SCENE_CAUSAL_PROGRESS shard=0 condition=donor_state row=328 ordinal=82/90
SCENE_CAUSAL_PROGRESS shard=0 condition=layer_permuted_correct_state row=328 ordinal=82/90
SCENE_CAUSAL_PROGRESS shard=0 condition=zero_state row=332 ordinal=83/90
SCENE_CAUSAL_PROGRESS shard=0 condition=donor_state row=332 ordinal=83/90
SCENE_CAUSAL_PROGRESS shard=0 condition=layer_permuted_correct_state row=332 ordinal=83/90
SCENE_CAUSAL_PROGRESS shard=0 condition=zero_state row=336 ordinal=84/90
SCENE_CAUSAL_PROGRESS shard=0 condition=donor_state row=336 ordinal=84/90
SCENE_CAUSAL_PROGRESS shard=0 condition=layer_permuted_correct_state row=336 ordinal=84/90
SCENE_CAUSAL_PROGRESS shard=0 condition=zero_state row=340 ordinal=85/90
SCENE_CAUSAL_PROGRESS shard=0 condition=donor_state row=340 ordinal=85/90
SCENE_CAUSAL_PROGRESS shard=0 condition=layer_permuted_correct_state row=340 ordinal=85/90
SCENE_CAUSAL_PROGRESS shard=0 condition=zero_state row=344 ordinal=86/90
SCENE_CAUSAL_PROGRESS shard=0 condition=donor_state row=344 ordinal=86/90
SCENE_CAUSAL_PROGRESS shard=0 condition=layer_permuted_correct_state row=344 ordinal=86/90
SCENE_CAUSAL_PROGRESS shard=0 condition=zero_state row=348 ordinal=87/90
SCENE_CAUSAL_PROGRESS shard=0 condition=donor_state row=348 ordinal=87/90
SCENE_CAUSAL_PROGRESS shard=0 condition=layer_permuted_correct_state row=348 ordinal=87/90
SCENE_CAUSAL_PROGRESS shard=0 condition=zero_state row=352 ordinal=88/90
SCENE_CAUSAL_PROGRESS shard=0 condition=donor_state row=352 ordinal=88/90
SCENE_CAUSAL_PROGRESS shard=0 condition=layer_permuted_correct_state row=352 ordinal=88/90
SCENE_CAUSAL_PROGRESS shard=0 condition=zero_state row=356 ordinal=89/90
SCENE_CAUSAL_PROGRESS shard=0 condition=donor_state row=356 ordinal=89/90
SCENE_CAUSAL_PROGRESS shard=0 condition=layer_permuted_correct_state row=356 ordinal=89/90
SCENE_CAUSAL_PROGRESS shard=0 condition=zero_state row=360 ordinal=90/90
SCENE_CAUSAL_PROGRESS shard=0 condition=donor_state row=360 ordinal=90/90
SCENE_CAUSAL_PROGRESS shard=0 condition=layer_permuted_correct_state row=360 ordinal=90/90
SCENE_CAUSAL_SHARD_COMPLETE shard=0
