Loading weights:   0%|          | 0/2076 [00:00<?, ?it/s]Loading weights:  16%|█▌        | 327/2076 [00:00<00:00, 3262.48it/s]Loading weights:  32%|███▏      | 654/2076 [00:00<00:00, 3015.71it/s]Loading weights:  46%|████▌     | 957/2076 [00:01<00:03, 361.96it/s] Loading weights:  54%|█████▍    | 1130/2076 [00:02<00:02, 381.60it/s]Loading weights:  60%|██████    | 1253/2076 [00:02<00:02, 379.08it/s]Loading weights:  65%|██████▍   | 1345/2076 [00:02<00:01, 384.01it/s]Loading weights:  68%|██████▊   | 1420/2076 [00:03<00:01, 382.77it/s]Loading weights:  84%|████████▍ | 1743/2076 [00:03<00:00, 707.18it/s]Loading weights:  99%|█████████▉| 2061/2076 [00:03<00:00, 1052.65it/s]Loading weights: 100%|██████████| 2076/2076 [00:03<00:00, 619.57it/s] 
[transformers] The following generation flags are not valid and may be ignored: ['top_p', 'top_k']. Set `TRANSFORMERS_VERBOSITY=info` for more details.
SCENE_CAUSAL_PROGRESS shard=2 condition=zero_state row=6 ordinal=1/89
SCENE_CAUSAL_PROGRESS shard=2 condition=donor_state row=6 ordinal=1/89
SCENE_CAUSAL_PROGRESS shard=2 condition=layer_permuted_correct_state row=6 ordinal=1/89
SCENE_CAUSAL_PROGRESS shard=2 condition=zero_state row=10 ordinal=2/89
SCENE_CAUSAL_PROGRESS shard=2 condition=donor_state row=10 ordinal=2/89
SCENE_CAUSAL_PROGRESS shard=2 condition=layer_permuted_correct_state row=10 ordinal=2/89
SCENE_CAUSAL_PROGRESS shard=2 condition=zero_state row=14 ordinal=3/89
SCENE_CAUSAL_PROGRESS shard=2 condition=donor_state row=14 ordinal=3/89
SCENE_CAUSAL_PROGRESS shard=2 condition=layer_permuted_correct_state row=14 ordinal=3/89
SCENE_CAUSAL_PROGRESS shard=2 condition=zero_state row=18 ordinal=4/89
SCENE_CAUSAL_PROGRESS shard=2 condition=donor_state row=18 ordinal=4/89
SCENE_CAUSAL_PROGRESS shard=2 condition=layer_permuted_correct_state row=18 ordinal=4/89
SCENE_CAUSAL_PROGRESS shard=2 condition=zero_state row=22 ordinal=5/89
SCENE_CAUSAL_PROGRESS shard=2 condition=donor_state row=22 ordinal=5/89
SCENE_CAUSAL_PROGRESS shard=2 condition=layer_permuted_correct_state row=22 ordinal=5/89
SCENE_CAUSAL_PROGRESS shard=2 condition=zero_state row=26 ordinal=6/89
SCENE_CAUSAL_PROGRESS shard=2 condition=donor_state row=26 ordinal=6/89
SCENE_CAUSAL_PROGRESS shard=2 condition=layer_permuted_correct_state row=26 ordinal=6/89
SCENE_CAUSAL_PROGRESS shard=2 condition=zero_state row=30 ordinal=7/89
SCENE_CAUSAL_PROGRESS shard=2 condition=donor_state row=30 ordinal=7/89
SCENE_CAUSAL_PROGRESS shard=2 condition=layer_permuted_correct_state row=30 ordinal=7/89
SCENE_CAUSAL_PROGRESS shard=2 condition=zero_state row=34 ordinal=8/89
SCENE_CAUSAL_PROGRESS shard=2 condition=donor_state row=34 ordinal=8/89
SCENE_CAUSAL_PROGRESS shard=2 condition=layer_permuted_correct_state row=34 ordinal=8/89
SCENE_CAUSAL_PROGRESS shard=2 condition=zero_state row=38 ordinal=9/89
SCENE_CAUSAL_PROGRESS shard=2 condition=donor_state row=38 ordinal=9/89
SCENE_CAUSAL_PROGRESS shard=2 condition=layer_permuted_correct_state row=38 ordinal=9/89
SCENE_CAUSAL_PROGRESS shard=2 condition=zero_state row=42 ordinal=10/89
SCENE_CAUSAL_PROGRESS shard=2 condition=donor_state row=42 ordinal=10/89
SCENE_CAUSAL_PROGRESS shard=2 condition=layer_permuted_correct_state row=42 ordinal=10/89
SCENE_CAUSAL_PROGRESS shard=2 condition=zero_state row=46 ordinal=11/89
SCENE_CAUSAL_PROGRESS shard=2 condition=donor_state row=46 ordinal=11/89
SCENE_CAUSAL_PROGRESS shard=2 condition=layer_permuted_correct_state row=46 ordinal=11/89
SCENE_CAUSAL_PROGRESS shard=2 condition=zero_state row=50 ordinal=12/89
SCENE_CAUSAL_PROGRESS shard=2 condition=donor_state row=50 ordinal=12/89
SCENE_CAUSAL_PROGRESS shard=2 condition=layer_permuted_correct_state row=50 ordinal=12/89
SCENE_CAUSAL_PROGRESS shard=2 condition=zero_state row=54 ordinal=13/89
SCENE_CAUSAL_PROGRESS shard=2 condition=donor_state row=54 ordinal=13/89
SCENE_CAUSAL_PROGRESS shard=2 condition=layer_permuted_correct_state row=54 ordinal=13/89
SCENE_CAUSAL_PROGRESS shard=2 condition=zero_state row=58 ordinal=14/89
SCENE_CAUSAL_PROGRESS shard=2 condition=donor_state row=58 ordinal=14/89
SCENE_CAUSAL_PROGRESS shard=2 condition=layer_permuted_correct_state row=58 ordinal=14/89
SCENE_CAUSAL_PROGRESS shard=2 condition=zero_state row=62 ordinal=15/89
SCENE_CAUSAL_PROGRESS shard=2 condition=donor_state row=62 ordinal=15/89
SCENE_CAUSAL_PROGRESS shard=2 condition=layer_permuted_correct_state row=62 ordinal=15/89
SCENE_CAUSAL_PROGRESS shard=2 condition=zero_state row=66 ordinal=16/89
SCENE_CAUSAL_PROGRESS shard=2 condition=donor_state row=66 ordinal=16/89
SCENE_CAUSAL_PROGRESS shard=2 condition=layer_permuted_correct_state row=66 ordinal=16/89
SCENE_CAUSAL_PROGRESS shard=2 condition=zero_state row=70 ordinal=17/89
SCENE_CAUSAL_PROGRESS shard=2 condition=donor_state row=70 ordinal=17/89
SCENE_CAUSAL_PROGRESS shard=2 condition=layer_permuted_correct_state row=70 ordinal=17/89
SCENE_CAUSAL_PROGRESS shard=2 condition=zero_state row=74 ordinal=18/89
SCENE_CAUSAL_PROGRESS shard=2 condition=donor_state row=74 ordinal=18/89
SCENE_CAUSAL_PROGRESS shard=2 condition=layer_permuted_correct_state row=74 ordinal=18/89
SCENE_CAUSAL_PROGRESS shard=2 condition=zero_state row=78 ordinal=19/89
SCENE_CAUSAL_PROGRESS shard=2 condition=donor_state row=78 ordinal=19/89
SCENE_CAUSAL_PROGRESS shard=2 condition=layer_permuted_correct_state row=78 ordinal=19/89
SCENE_CAUSAL_PROGRESS shard=2 condition=zero_state row=82 ordinal=20/89
SCENE_CAUSAL_PROGRESS shard=2 condition=donor_state row=82 ordinal=20/89
SCENE_CAUSAL_PROGRESS shard=2 condition=layer_permuted_correct_state row=82 ordinal=20/89
SCENE_CAUSAL_PROGRESS shard=2 condition=zero_state row=86 ordinal=21/89
SCENE_CAUSAL_PROGRESS shard=2 condition=donor_state row=86 ordinal=21/89
SCENE_CAUSAL_PROGRESS shard=2 condition=layer_permuted_correct_state row=86 ordinal=21/89
SCENE_CAUSAL_PROGRESS shard=2 condition=zero_state row=90 ordinal=22/89
SCENE_CAUSAL_PROGRESS shard=2 condition=donor_state row=90 ordinal=22/89
SCENE_CAUSAL_PROGRESS shard=2 condition=layer_permuted_correct_state row=90 ordinal=22/89
SCENE_CAUSAL_PROGRESS shard=2 condition=zero_state row=94 ordinal=23/89
SCENE_CAUSAL_PROGRESS shard=2 condition=donor_state row=94 ordinal=23/89
SCENE_CAUSAL_PROGRESS shard=2 condition=layer_permuted_correct_state row=94 ordinal=23/89
SCENE_CAUSAL_PROGRESS shard=2 condition=zero_state row=98 ordinal=24/89
SCENE_CAUSAL_PROGRESS shard=2 condition=donor_state row=98 ordinal=24/89
SCENE_CAUSAL_PROGRESS shard=2 condition=layer_permuted_correct_state row=98 ordinal=24/89
SCENE_CAUSAL_PROGRESS shard=2 condition=zero_state row=102 ordinal=25/89
SCENE_CAUSAL_PROGRESS shard=2 condition=donor_state row=102 ordinal=25/89
SCENE_CAUSAL_PROGRESS shard=2 condition=layer_permuted_correct_state row=102 ordinal=25/89
SCENE_CAUSAL_PROGRESS shard=2 condition=zero_state row=106 ordinal=26/89
SCENE_CAUSAL_PROGRESS shard=2 condition=donor_state row=106 ordinal=26/89
SCENE_CAUSAL_PROGRESS shard=2 condition=layer_permuted_correct_state row=106 ordinal=26/89
SCENE_CAUSAL_PROGRESS shard=2 condition=zero_state row=110 ordinal=27/89
SCENE_CAUSAL_PROGRESS shard=2 condition=donor_state row=110 ordinal=27/89
SCENE_CAUSAL_PROGRESS shard=2 condition=layer_permuted_correct_state row=110 ordinal=27/89
SCENE_CAUSAL_PROGRESS shard=2 condition=zero_state row=114 ordinal=28/89
SCENE_CAUSAL_PROGRESS shard=2 condition=donor_state row=114 ordinal=28/89
SCENE_CAUSAL_PROGRESS shard=2 condition=layer_permuted_correct_state row=114 ordinal=28/89
SCENE_CAUSAL_PROGRESS shard=2 condition=zero_state row=118 ordinal=29/89
SCENE_CAUSAL_PROGRESS shard=2 condition=donor_state row=118 ordinal=29/89
SCENE_CAUSAL_PROGRESS shard=2 condition=layer_permuted_correct_state row=118 ordinal=29/89
SCENE_CAUSAL_PROGRESS shard=2 condition=zero_state row=122 ordinal=30/89
SCENE_CAUSAL_PROGRESS shard=2 condition=donor_state row=122 ordinal=30/89
SCENE_CAUSAL_PROGRESS shard=2 condition=layer_permuted_correct_state row=122 ordinal=30/89
SCENE_CAUSAL_PROGRESS shard=2 condition=zero_state row=126 ordinal=31/89
SCENE_CAUSAL_PROGRESS shard=2 condition=donor_state row=126 ordinal=31/89
SCENE_CAUSAL_PROGRESS shard=2 condition=layer_permuted_correct_state row=126 ordinal=31/89
SCENE_CAUSAL_PROGRESS shard=2 condition=zero_state row=130 ordinal=32/89
SCENE_CAUSAL_PROGRESS shard=2 condition=donor_state row=130 ordinal=32/89
SCENE_CAUSAL_PROGRESS shard=2 condition=layer_permuted_correct_state row=130 ordinal=32/89
SCENE_CAUSAL_PROGRESS shard=2 condition=zero_state row=134 ordinal=33/89
SCENE_CAUSAL_PROGRESS shard=2 condition=donor_state row=134 ordinal=33/89
SCENE_CAUSAL_PROGRESS shard=2 condition=layer_permuted_correct_state row=134 ordinal=33/89
SCENE_CAUSAL_PROGRESS shard=2 condition=zero_state row=138 ordinal=34/89
SCENE_CAUSAL_PROGRESS shard=2 condition=donor_state row=138 ordinal=34/89
SCENE_CAUSAL_PROGRESS shard=2 condition=layer_permuted_correct_state row=138 ordinal=34/89
SCENE_CAUSAL_PROGRESS shard=2 condition=zero_state row=142 ordinal=35/89
SCENE_CAUSAL_PROGRESS shard=2 condition=donor_state row=142 ordinal=35/89
SCENE_CAUSAL_PROGRESS shard=2 condition=layer_permuted_correct_state row=142 ordinal=35/89
SCENE_CAUSAL_PROGRESS shard=2 condition=zero_state row=146 ordinal=36/89
SCENE_CAUSAL_PROGRESS shard=2 condition=donor_state row=146 ordinal=36/89
SCENE_CAUSAL_PROGRESS shard=2 condition=layer_permuted_correct_state row=146 ordinal=36/89
SCENE_CAUSAL_PROGRESS shard=2 condition=zero_state row=150 ordinal=37/89
SCENE_CAUSAL_PROGRESS shard=2 condition=donor_state row=150 ordinal=37/89
SCENE_CAUSAL_PROGRESS shard=2 condition=layer_permuted_correct_state row=150 ordinal=37/89
SCENE_CAUSAL_PROGRESS shard=2 condition=zero_state row=154 ordinal=38/89
SCENE_CAUSAL_PROGRESS shard=2 condition=donor_state row=154 ordinal=38/89
SCENE_CAUSAL_PROGRESS shard=2 condition=layer_permuted_correct_state row=154 ordinal=38/89
SCENE_CAUSAL_PROGRESS shard=2 condition=zero_state row=158 ordinal=39/89
SCENE_CAUSAL_PROGRESS shard=2 condition=donor_state row=158 ordinal=39/89
SCENE_CAUSAL_PROGRESS shard=2 condition=layer_permuted_correct_state row=158 ordinal=39/89
SCENE_CAUSAL_PROGRESS shard=2 condition=zero_state row=162 ordinal=40/89
SCENE_CAUSAL_PROGRESS shard=2 condition=donor_state row=162 ordinal=40/89
SCENE_CAUSAL_PROGRESS shard=2 condition=layer_permuted_correct_state row=162 ordinal=40/89
SCENE_CAUSAL_PROGRESS shard=2 condition=zero_state row=166 ordinal=41/89
SCENE_CAUSAL_PROGRESS shard=2 condition=donor_state row=166 ordinal=41/89
SCENE_CAUSAL_PROGRESS shard=2 condition=layer_permuted_correct_state row=166 ordinal=41/89
SCENE_CAUSAL_PROGRESS shard=2 condition=zero_state row=170 ordinal=42/89
SCENE_CAUSAL_PROGRESS shard=2 condition=donor_state row=170 ordinal=42/89
SCENE_CAUSAL_PROGRESS shard=2 condition=layer_permuted_correct_state row=170 ordinal=42/89
SCENE_CAUSAL_PROGRESS shard=2 condition=zero_state row=174 ordinal=43/89
SCENE_CAUSAL_PROGRESS shard=2 condition=donor_state row=174 ordinal=43/89
SCENE_CAUSAL_PROGRESS shard=2 condition=layer_permuted_correct_state row=174 ordinal=43/89
SCENE_CAUSAL_PROGRESS shard=2 condition=zero_state row=178 ordinal=44/89
SCENE_CAUSAL_PROGRESS shard=2 condition=donor_state row=178 ordinal=44/89
SCENE_CAUSAL_PROGRESS shard=2 condition=layer_permuted_correct_state row=178 ordinal=44/89
SCENE_CAUSAL_PROGRESS shard=2 condition=zero_state row=182 ordinal=45/89
SCENE_CAUSAL_PROGRESS shard=2 condition=donor_state row=182 ordinal=45/89
SCENE_CAUSAL_PROGRESS shard=2 condition=layer_permuted_correct_state row=182 ordinal=45/89
SCENE_CAUSAL_PROGRESS shard=2 condition=zero_state row=186 ordinal=46/89
SCENE_CAUSAL_PROGRESS shard=2 condition=donor_state row=186 ordinal=46/89
SCENE_CAUSAL_PROGRESS shard=2 condition=layer_permuted_correct_state row=186 ordinal=46/89
SCENE_CAUSAL_PROGRESS shard=2 condition=zero_state row=190 ordinal=47/89
SCENE_CAUSAL_PROGRESS shard=2 condition=donor_state row=190 ordinal=47/89
SCENE_CAUSAL_PROGRESS shard=2 condition=layer_permuted_correct_state row=190 ordinal=47/89
SCENE_CAUSAL_PROGRESS shard=2 condition=zero_state row=194 ordinal=48/89
SCENE_CAUSAL_PROGRESS shard=2 condition=donor_state row=194 ordinal=48/89
SCENE_CAUSAL_PROGRESS shard=2 condition=layer_permuted_correct_state row=194 ordinal=48/89
SCENE_CAUSAL_PROGRESS shard=2 condition=zero_state row=198 ordinal=49/89
SCENE_CAUSAL_PROGRESS shard=2 condition=donor_state row=198 ordinal=49/89
SCENE_CAUSAL_PROGRESS shard=2 condition=layer_permuted_correct_state row=198 ordinal=49/89
SCENE_CAUSAL_PROGRESS shard=2 condition=zero_state row=202 ordinal=50/89
SCENE_CAUSAL_PROGRESS shard=2 condition=donor_state row=202 ordinal=50/89
SCENE_CAUSAL_PROGRESS shard=2 condition=layer_permuted_correct_state row=202 ordinal=50/89
SCENE_CAUSAL_PROGRESS shard=2 condition=zero_state row=206 ordinal=51/89
SCENE_CAUSAL_PROGRESS shard=2 condition=donor_state row=206 ordinal=51/89
SCENE_CAUSAL_PROGRESS shard=2 condition=layer_permuted_correct_state row=206 ordinal=51/89
SCENE_CAUSAL_PROGRESS shard=2 condition=zero_state row=210 ordinal=52/89
SCENE_CAUSAL_PROGRESS shard=2 condition=donor_state row=210 ordinal=52/89
SCENE_CAUSAL_PROGRESS shard=2 condition=layer_permuted_correct_state row=210 ordinal=52/89
SCENE_CAUSAL_PROGRESS shard=2 condition=zero_state row=214 ordinal=53/89
SCENE_CAUSAL_PROGRESS shard=2 condition=donor_state row=214 ordinal=53/89
SCENE_CAUSAL_PROGRESS shard=2 condition=layer_permuted_correct_state row=214 ordinal=53/89
SCENE_CAUSAL_PROGRESS shard=2 condition=zero_state row=218 ordinal=54/89
SCENE_CAUSAL_PROGRESS shard=2 condition=donor_state row=218 ordinal=54/89
SCENE_CAUSAL_PROGRESS shard=2 condition=layer_permuted_correct_state row=218 ordinal=54/89
SCENE_CAUSAL_PROGRESS shard=2 condition=zero_state row=222 ordinal=55/89
SCENE_CAUSAL_PROGRESS shard=2 condition=donor_state row=222 ordinal=55/89
SCENE_CAUSAL_PROGRESS shard=2 condition=layer_permuted_correct_state row=222 ordinal=55/89
SCENE_CAUSAL_PROGRESS shard=2 condition=zero_state row=226 ordinal=56/89
SCENE_CAUSAL_PROGRESS shard=2 condition=donor_state row=226 ordinal=56/89
SCENE_CAUSAL_PROGRESS shard=2 condition=layer_permuted_correct_state row=226 ordinal=56/89
SCENE_CAUSAL_PROGRESS shard=2 condition=zero_state row=230 ordinal=57/89
SCENE_CAUSAL_PROGRESS shard=2 condition=donor_state row=230 ordinal=57/89
SCENE_CAUSAL_PROGRESS shard=2 condition=layer_permuted_correct_state row=230 ordinal=57/89
SCENE_CAUSAL_PROGRESS shard=2 condition=zero_state row=234 ordinal=58/89
SCENE_CAUSAL_PROGRESS shard=2 condition=donor_state row=234 ordinal=58/89
SCENE_CAUSAL_PROGRESS shard=2 condition=layer_permuted_correct_state row=234 ordinal=58/89
SCENE_CAUSAL_PROGRESS shard=2 condition=zero_state row=238 ordinal=59/89
SCENE_CAUSAL_PROGRESS shard=2 condition=donor_state row=238 ordinal=59/89
SCENE_CAUSAL_PROGRESS shard=2 condition=layer_permuted_correct_state row=238 ordinal=59/89
SCENE_CAUSAL_PROGRESS shard=2 condition=zero_state row=242 ordinal=60/89
SCENE_CAUSAL_PROGRESS shard=2 condition=donor_state row=242 ordinal=60/89
SCENE_CAUSAL_PROGRESS shard=2 condition=layer_permuted_correct_state row=242 ordinal=60/89
SCENE_CAUSAL_PROGRESS shard=2 condition=zero_state row=246 ordinal=61/89
SCENE_CAUSAL_PROGRESS shard=2 condition=donor_state row=246 ordinal=61/89
SCENE_CAUSAL_PROGRESS shard=2 condition=layer_permuted_correct_state row=246 ordinal=61/89
SCENE_CAUSAL_PROGRESS shard=2 condition=zero_state row=250 ordinal=62/89
SCENE_CAUSAL_PROGRESS shard=2 condition=donor_state row=250 ordinal=62/89
SCENE_CAUSAL_PROGRESS shard=2 condition=layer_permuted_correct_state row=250 ordinal=62/89
SCENE_CAUSAL_PROGRESS shard=2 condition=zero_state row=254 ordinal=63/89
SCENE_CAUSAL_PROGRESS shard=2 condition=donor_state row=254 ordinal=63/89
SCENE_CAUSAL_PROGRESS shard=2 condition=layer_permuted_correct_state row=254 ordinal=63/89
SCENE_CAUSAL_PROGRESS shard=2 condition=zero_state row=258 ordinal=64/89
SCENE_CAUSAL_PROGRESS shard=2 condition=donor_state row=258 ordinal=64/89
SCENE_CAUSAL_PROGRESS shard=2 condition=layer_permuted_correct_state row=258 ordinal=64/89
SCENE_CAUSAL_PROGRESS shard=2 condition=zero_state row=262 ordinal=65/89
SCENE_CAUSAL_PROGRESS shard=2 condition=donor_state row=262 ordinal=65/89
SCENE_CAUSAL_PROGRESS shard=2 condition=layer_permuted_correct_state row=262 ordinal=65/89
SCENE_CAUSAL_PROGRESS shard=2 condition=zero_state row=266 ordinal=66/89
SCENE_CAUSAL_PROGRESS shard=2 condition=donor_state row=266 ordinal=66/89
SCENE_CAUSAL_PROGRESS shard=2 condition=layer_permuted_correct_state row=266 ordinal=66/89
SCENE_CAUSAL_PROGRESS shard=2 condition=zero_state row=270 ordinal=67/89
SCENE_CAUSAL_PROGRESS shard=2 condition=donor_state row=270 ordinal=67/89
SCENE_CAUSAL_PROGRESS shard=2 condition=layer_permuted_correct_state row=270 ordinal=67/89
SCENE_CAUSAL_PROGRESS shard=2 condition=zero_state row=274 ordinal=68/89
SCENE_CAUSAL_PROGRESS shard=2 condition=donor_state row=274 ordinal=68/89
SCENE_CAUSAL_PROGRESS shard=2 condition=layer_permuted_correct_state row=274 ordinal=68/89
SCENE_CAUSAL_PROGRESS shard=2 condition=zero_state row=278 ordinal=69/89
SCENE_CAUSAL_PROGRESS shard=2 condition=donor_state row=278 ordinal=69/89
SCENE_CAUSAL_PROGRESS shard=2 condition=layer_permuted_correct_state row=278 ordinal=69/89
SCENE_CAUSAL_PROGRESS shard=2 condition=zero_state row=282 ordinal=70/89
SCENE_CAUSAL_PROGRESS shard=2 condition=donor_state row=282 ordinal=70/89
SCENE_CAUSAL_PROGRESS shard=2 condition=layer_permuted_correct_state row=282 ordinal=70/89
SCENE_CAUSAL_PROGRESS shard=2 condition=zero_state row=286 ordinal=71/89
SCENE_CAUSAL_PROGRESS shard=2 condition=donor_state row=286 ordinal=71/89
SCENE_CAUSAL_PROGRESS shard=2 condition=layer_permuted_correct_state row=286 ordinal=71/89
SCENE_CAUSAL_PROGRESS shard=2 condition=zero_state row=290 ordinal=72/89
SCENE_CAUSAL_PROGRESS shard=2 condition=donor_state row=290 ordinal=72/89
SCENE_CAUSAL_PROGRESS shard=2 condition=layer_permuted_correct_state row=290 ordinal=72/89
SCENE_CAUSAL_PROGRESS shard=2 condition=zero_state row=294 ordinal=73/89
SCENE_CAUSAL_PROGRESS shard=2 condition=donor_state row=294 ordinal=73/89
SCENE_CAUSAL_PROGRESS shard=2 condition=layer_permuted_correct_state row=294 ordinal=73/89
SCENE_CAUSAL_PROGRESS shard=2 condition=zero_state row=298 ordinal=74/89
SCENE_CAUSAL_PROGRESS shard=2 condition=donor_state row=298 ordinal=74/89
SCENE_CAUSAL_PROGRESS shard=2 condition=layer_permuted_correct_state row=298 ordinal=74/89
SCENE_CAUSAL_PROGRESS shard=2 condition=zero_state row=302 ordinal=75/89
SCENE_CAUSAL_PROGRESS shard=2 condition=donor_state row=302 ordinal=75/89
SCENE_CAUSAL_PROGRESS shard=2 condition=layer_permuted_correct_state row=302 ordinal=75/89
SCENE_CAUSAL_PROGRESS shard=2 condition=zero_state row=306 ordinal=76/89
SCENE_CAUSAL_PROGRESS shard=2 condition=donor_state row=306 ordinal=76/89
SCENE_CAUSAL_PROGRESS shard=2 condition=layer_permuted_correct_state row=306 ordinal=76/89
SCENE_CAUSAL_PROGRESS shard=2 condition=zero_state row=310 ordinal=77/89
SCENE_CAUSAL_PROGRESS shard=2 condition=donor_state row=310 ordinal=77/89
SCENE_CAUSAL_PROGRESS shard=2 condition=layer_permuted_correct_state row=310 ordinal=77/89
SCENE_CAUSAL_PROGRESS shard=2 condition=zero_state row=314 ordinal=78/89
SCENE_CAUSAL_PROGRESS shard=2 condition=donor_state row=314 ordinal=78/89
SCENE_CAUSAL_PROGRESS shard=2 condition=layer_permuted_correct_state row=314 ordinal=78/89
SCENE_CAUSAL_PROGRESS shard=2 condition=zero_state row=318 ordinal=79/89
SCENE_CAUSAL_PROGRESS shard=2 condition=donor_state row=318 ordinal=79/89
SCENE_CAUSAL_PROGRESS shard=2 condition=layer_permuted_correct_state row=318 ordinal=79/89
SCENE_CAUSAL_PROGRESS shard=2 condition=zero_state row=322 ordinal=80/89
SCENE_CAUSAL_PROGRESS shard=2 condition=donor_state row=322 ordinal=80/89
SCENE_CAUSAL_PROGRESS shard=2 condition=layer_permuted_correct_state row=322 ordinal=80/89
SCENE_CAUSAL_PROGRESS shard=2 condition=zero_state row=326 ordinal=81/89
SCENE_CAUSAL_PROGRESS shard=2 condition=donor_state row=326 ordinal=81/89
SCENE_CAUSAL_PROGRESS shard=2 condition=layer_permuted_correct_state row=326 ordinal=81/89
SCENE_CAUSAL_PROGRESS shard=2 condition=zero_state row=330 ordinal=82/89
SCENE_CAUSAL_PROGRESS shard=2 condition=donor_state row=330 ordinal=82/89
SCENE_CAUSAL_PROGRESS shard=2 condition=layer_permuted_correct_state row=330 ordinal=82/89
SCENE_CAUSAL_PROGRESS shard=2 condition=zero_state row=334 ordinal=83/89
SCENE_CAUSAL_PROGRESS shard=2 condition=donor_state row=334 ordinal=83/89
SCENE_CAUSAL_PROGRESS shard=2 condition=layer_permuted_correct_state row=334 ordinal=83/89
SCENE_CAUSAL_PROGRESS shard=2 condition=zero_state row=338 ordinal=84/89
SCENE_CAUSAL_PROGRESS shard=2 condition=donor_state row=338 ordinal=84/89
SCENE_CAUSAL_PROGRESS shard=2 condition=layer_permuted_correct_state row=338 ordinal=84/89
SCENE_CAUSAL_PROGRESS shard=2 condition=zero_state row=342 ordinal=85/89
SCENE_CAUSAL_PROGRESS shard=2 condition=donor_state row=342 ordinal=85/89
SCENE_CAUSAL_PROGRESS shard=2 condition=layer_permuted_correct_state row=342 ordinal=85/89
SCENE_CAUSAL_PROGRESS shard=2 condition=zero_state row=346 ordinal=86/89
SCENE_CAUSAL_PROGRESS shard=2 condition=donor_state row=346 ordinal=86/89
SCENE_CAUSAL_PROGRESS shard=2 condition=layer_permuted_correct_state row=346 ordinal=86/89
SCENE_CAUSAL_PROGRESS shard=2 condition=zero_state row=350 ordinal=87/89
SCENE_CAUSAL_PROGRESS shard=2 condition=donor_state row=350 ordinal=87/89
SCENE_CAUSAL_PROGRESS shard=2 condition=layer_permuted_correct_state row=350 ordinal=87/89
SCENE_CAUSAL_PROGRESS shard=2 condition=zero_state row=354 ordinal=88/89
SCENE_CAUSAL_PROGRESS shard=2 condition=donor_state row=354 ordinal=88/89
SCENE_CAUSAL_PROGRESS shard=2 condition=layer_permuted_correct_state row=354 ordinal=88/89
SCENE_CAUSAL_PROGRESS shard=2 condition=zero_state row=358 ordinal=89/89
SCENE_CAUSAL_PROGRESS shard=2 condition=donor_state row=358 ordinal=89/89
SCENE_CAUSAL_PROGRESS shard=2 condition=layer_permuted_correct_state row=358 ordinal=89/89
SCENE_CAUSAL_SHARD_COMPLETE shard=2
